Archive member included to satisfy reference by file (symbol)

C:/ST/STM32CubeIDE_1.17.0/STM32CubeIDE/plugins/com.st.stm32cube.ide.mcu.externaltools.gnu-tools-for-stm32.12.3.rel1.win32_1.1.0.202410251130/tools/bin/../lib/gcc/arm-none-eabi/12.3.1/../../../../arm-none-eabi/lib/thumb/v7e-m+fp/hard\libc_nano.a(libc_a-exit.o)
                              C:/ST/STM32CubeIDE_1.17.0/STM32CubeIDE/plugins/com.st.stm32cube.ide.mcu.externaltools.gnu-tools-for-stm32.12.3.rel1.win32_1.1.0.202410251130/tools/bin/../lib/gcc/arm-none-eabi/12.3.1/../../../../arm-none-eabi/lib/thumb/v7e-m+fp/hard/crt0.o (exit)
C:/ST/STM32CubeIDE_1.17.0/STM32CubeIDE/plugins/com.st.stm32cube.ide.mcu.externaltools.gnu-tools-for-stm32.12.3.rel1.win32_1.1.0.202410251130/tools/bin/../lib/gcc/arm-none-eabi/12.3.1/../../../../arm-none-eabi/lib/thumb/v7e-m+fp/hard\libc_nano.a(libc_a-findfp.o)
                              C:/ST/STM32CubeIDE_1.17.0/STM32CubeIDE/plugins/com.st.stm32cube.ide.mcu.externaltools.gnu-tools-for-stm32.12.3.rel1.win32_1.1.0.202410251130/tools/bin/../lib/gcc/arm-none-eabi/12.3.1/../../../../arm-none-eabi/lib/thumb/v7e-m+fp/hard\libc_nano.a(libc_a-exit.o) (__stdio_exit_handler)
C:/ST/STM32CubeIDE_1.17.0/STM32CubeIDE/plugins/com.st.stm32cube.ide.mcu.externaltools.gnu-tools-for-stm32.12.3.rel1.win32_1.1.0.202410251130/tools/bin/../lib/gcc/arm-none-eabi/12.3.1/../../../../arm-none-eabi/lib/thumb/v7e-m+fp/hard\libc_nano.a(libc_a-fwalk.o)
                              C:/ST/STM32CubeIDE_1.17.0/STM32CubeIDE/plugins/com.st.stm32cube.ide.mcu.externaltools.gnu-tools-for-stm32.12.3.rel1.win32_1.1.0.202410251130/tools/bin/../lib/gcc/arm-none-eabi/12.3.1/../../../../arm-none-eabi/lib/thumb/v7e-m+fp/hard\libc_nano.a(libc_a-findfp.o) (_fwalk_sglue)
C:/ST/STM32CubeIDE_1.17.0/STM32CubeIDE/plugins/com.st.stm32cube.ide.mcu.externaltools.gnu-tools-for-stm32.12.3.rel1.win32_1.1.0.202410251130/tools/bin/../lib/gcc/arm-none-eabi/12.3.1/../../../../arm-none-eabi/lib/thumb/v7e-m+fp/hard\libc_nano.a(libc_a-stdio.o)
                              C:/ST/STM32CubeIDE_1.17.0/STM32CubeIDE/plugins/com.st.stm32cube.ide.mcu.externaltools.gnu-tools-for-stm32.12.3.rel1.win32_1.1.0.202410251130/tools/bin/../lib/gcc/arm-none-eabi/12.3.1/../../../../arm-none-eabi/lib/thumb/v7e-m+fp/hard\libc_nano.a(libc_a-findfp.o) (__sread)
C:/ST/STM32CubeIDE_1.17.0/STM32CubeIDE/plugins/com.st.stm32cube.ide.mcu.externaltools.gnu-tools-for-stm32.12.3.rel1.win32_1.1.0.202410251130/tools/bin/../lib/gcc/arm-none-eabi/12.3.1/../../../../arm-none-eabi/lib/thumb/v7e-m+fp/hard\libc_nano.a(libc_a-memset.o)
                              C:/ST/STM32CubeIDE_1.17.0/STM32CubeIDE/plugins/com.st.stm32cube.ide.mcu.externaltools.gnu-tools-for-stm32.12.3.rel1.win32_1.1.0.202410251130/tools/bin/../lib/gcc/arm-none-eabi/12.3.1/../../../../arm-none-eabi/lib/thumb/v7e-m+fp/hard/crt0.o (memset)
C:/ST/STM32CubeIDE_1.17.0/STM32CubeIDE/plugins/com.st.stm32cube.ide.mcu.externaltools.gnu-tools-for-stm32.12.3.rel1.win32_1.1.0.202410251130/tools/bin/../lib/gcc/arm-none-eabi/12.3.1/../../../../arm-none-eabi/lib/thumb/v7e-m+fp/hard\libc_nano.a(libc_a-closer.o)
                              C:/ST/STM32CubeIDE_1.17.0/STM32CubeIDE/plugins/com.st.stm32cube.ide.mcu.externaltools.gnu-tools-for-stm32.12.3.rel1.win32_1.1.0.202410251130/tools/bin/../lib/gcc/arm-none-eabi/12.3.1/../../../../arm-none-eabi/lib/thumb/v7e-m+fp/hard\libc_nano.a(libc_a-stdio.o) (_close_r)
C:/ST/STM32CubeIDE_1.17.0/STM32CubeIDE/plugins/com.st.stm32cube.ide.mcu.externaltools.gnu-tools-for-stm32.12.3.rel1.win32_1.1.0.202410251130/tools/bin/../lib/gcc/arm-none-eabi/12.3.1/../../../../arm-none-eabi/lib/thumb/v7e-m+fp/hard\libc_nano.a(libc_a-reent.o)
                              C:/ST/STM32CubeIDE_1.17.0/STM32CubeIDE/plugins/com.st.stm32cube.ide.mcu.externaltools.gnu-tools-for-stm32.12.3.rel1.win32_1.1.0.202410251130/tools/bin/../lib/gcc/arm-none-eabi/12.3.1/../../../../arm-none-eabi/lib/thumb/v7e-m+fp/hard\libc_nano.a(libc_a-closer.o) (errno)
C:/ST/STM32CubeIDE_1.17.0/STM32CubeIDE/plugins/com.st.stm32cube.ide.mcu.externaltools.gnu-tools-for-stm32.12.3.rel1.win32_1.1.0.202410251130/tools/bin/../lib/gcc/arm-none-eabi/12.3.1/../../../../arm-none-eabi/lib/thumb/v7e-m+fp/hard\libc_nano.a(libc_a-impure.o)
                              C:/ST/STM32CubeIDE_1.17.0/STM32CubeIDE/plugins/com.st.stm32cube.ide.mcu.externaltools.gnu-tools-for-stm32.12.3.rel1.win32_1.1.0.202410251130/tools/bin/../lib/gcc/arm-none-eabi/12.3.1/../../../../arm-none-eabi/lib/thumb/v7e-m+fp/hard\libc_nano.a(libc_a-reent.o) (_impure_ptr)
C:/ST/STM32CubeIDE_1.17.0/STM32CubeIDE/plugins/com.st.stm32cube.ide.mcu.externaltools.gnu-tools-for-stm32.12.3.rel1.win32_1.1.0.202410251130/tools/bin/../lib/gcc/arm-none-eabi/12.3.1/../../../../arm-none-eabi/lib/thumb/v7e-m+fp/hard\libc_nano.a(libc_a-lseekr.o)
[...]
Memory Configuration

Name             Origin             Length             Attributes
CCMRAM           0x10000000         0x00010000         xrw
RAM              0x20000000         0x00030000         xrw
FLASH            0x08000000         0x00200000         xr
*default*        0x00000000         0xffffffff

Linker script and memory map

LOAD C:/ST/STM32CubeIDE_1.17.0/STM32CubeIDE/plugins/com.st.stm32cube.ide.mcu.externaltools.gnu-tools-for-stm32.12.3.rel1.win32_1.1.0.202410251130/tools/bin/../lib/gcc/arm-none-eabi/12.3.1/thumb/v7e-m+fp/hard/crti.o
LOAD C:/ST/STM32CubeIDE_1.17.0/STM32CubeIDE/plugins/com.st.stm32cube.ide.mcu.externaltools.gnu-tools-for-stm32.12.3.rel1.win32_1.1.0.202410251130/tools/bin/../lib/gcc/arm-none-eabi/12.3.1/thumb/v7e-m+fp/hard/crtbegin.o
LOAD C:/ST/STM32CubeIDE_1.17.0/STM32CubeIDE/plugins/com.st.stm32cube.ide.mcu.externaltools.gnu-tools-for-stm32.12.3.rel1.win32_1.1.0.202410251130/tools/bin/../lib/gcc/arm-none-eabi/12.3.1/../../../../arm-none-eabi/lib/thumb/v7e-m+fp/hard/crt0.o
LOAD ./Core/Src/HC_SR04.o
LOAD ./Core/Src/main.o
LOAD ./Core/Src/stm32f4xx_hal_msp.o
LOAD ./Core/Src/stm32f4xx_it.o
LOAD ./Core/Src/syscalls.o
LOAD ./Core/Src/sysmem.o
LOAD ./Core/Src/system_stm32f4xx.o
LOAD ./Core/Startup/startup_stm32f429zitx.o
LOAD ./Drivers/STM32F4xx_HAL_Driver/Src/stm32f4xx_hal.o
LOAD ./Drivers/STM32F4xx_HAL_Driver/Src/stm32f4xx_hal_cortex.o
LOAD ./Drivers/STM32F4xx_HAL_Driver/Src/stm32f4xx_hal_dma.o
LOAD ./Drivers/STM32F4xx_HAL_Driver/Src/stm32f4xx_hal_dma_ex.o
LOAD ./Drivers/STM32F4xx_HAL_Driver/Src/stm32f4xx_hal_exti.o
LOAD ./Drivers/STM32F4xx_HAL_Driver/Src/stm32f4xx_hal_flash.o
LOAD ./Drivers/STM32F4xx_HAL_Driver/Src/stm32f4xx_hal_flash_ex.o
LOAD ./Drivers/STM32F4xx_HAL_Driver/Src/stm32f4xx_hal_flash_ramfunc.o
LOAD ./Drivers/STM32F4xx_HAL_Driver/Src/stm32f4xx_hal_gpio.o
LOAD ./Drivers/STM32F4xx_HAL_Driver/Src/stm32f4xx_hal_pwr.o
LOAD ./Drivers/STM32F4xx_HAL_Driver/Src/stm32f4xx_hal_pwr_ex.o
LOAD ./Drivers/STM32F4xx_HAL_Driver/Src/stm32f4xx_hal_rcc.o
LOAD ./Drivers/STM32F4xx_HAL_Driver/Src/stm32f4xx_hal_rcc_ex.o
LOAD ./Drivers/STM32F4xx_HAL_Driver/Src/stm32f4xx_hal_tim.o
LOAD ./Drivers/STM32F4xx_HAL_Driver/Src/stm32f4xx_hal_tim_ex.o
LOAD ./Drivers/STM32F4xx_HAL_Driver/Src/stm32f4xx_hal_uart.o
START GROUP
LOAD C:/ST/STM32CubeIDE_1.17.0/STM32CubeIDE/plugins/com.st.stm32cube.ide.mcu.externaltools.gnu-tools-for-stm32.12.3.rel1.win32_1.1.0.202410251130/tools/bin/../lib/gcc/arm-none-eabi/12.3.1/../../../../arm-none-eabi/lib/thumb/v7e-m+fp/hard\libc_nano.a
LOAD C:/ST/STM32CubeIDE_1.17.0/STM32CubeIDE/plugins/com.st.stm32cube.ide.mcu.externaltools.gnu-tools-for-stm32.12.3.rel1.win32_1.1.0.202410251130/tools/bin/../lib/gcc/arm-none-eabi/12.3.1/../../../../arm-none-eabi/lib/thumb/v7e-m+fp/hard\libm.a
END GROUP
START GROUP
LOAD C:/ST/STM32CubeIDE_1.17.0/STM32CubeIDE/plugins/com.st.stm32cube.ide.mcu.externaltools.gnu-tools-for-stm32.12.3.rel1.win32_1.1.0.202410251130/tools/bin/../lib/gcc/arm-none-eabi/12.3.1/thumb/v7e-m+fp/hard\libgcc.a
LOAD C:/ST/STM32CubeIDE_1.17.0/STM32CubeIDE/plugins/com.st.stm32cube.ide.mcu.externaltools.gnu-tools-for-stm32.12.3.rel1.win32_1.1.0.202410251130/tools/bin/../lib/gcc/arm-none-eabi/12.3.1/../../../../arm-none-eabi/lib/thumb/v7e-m+fp/hard\libc_nano.a
END GROUP
START GROUP
LOAD C:/ST/STM32CubeIDE_1.17.0/STM32CubeIDE/plugins/com.st.stm32cube.ide.mcu.externaltools.gnu-tools-for-stm32.12.3.rel1.win32_1.1.0.202410251130/tools/bin/../lib/gcc/arm-none-eabi/12.3.1/thumb/v7e-m+fp/hard\libgcc.a
LOAD C:/ST/STM32CubeIDE_1.17.0/STM32CubeIDE/plugins/com.st.stm32cube.ide.mcu.externaltools.gnu-tools-for-stm32.12.3.rel1.win32_1.1.0.202410251130/tools/bin/../lib/gcc/arm-none-eabi/12.3.1/../../../../arm-none-eabi/lib/thumb/v7e-m+fp/hard\libc_nano.a
LOAD C:/ST/STM32CubeIDE_1.17.0/STM32CubeIDE/plugins/com.st.stm32cube.ide.mcu.externaltools.gnu-tools-for-stm32.12.3.rel1.win32_1.1.0.202410251130/tools/bin/../lib/gcc/arm-none-eabi/12.3.1/../../../../arm-none-eabi/lib/thumb/v7e-m+fp/hard\libnosys.a
END GROUP
START GROUP
LOAD C:/ST/STM32CubeIDE_1.17.0/STM32CubeIDE/plugins/com.st.stm32cube.ide.mcu.externaltools.gnu-tools-for-stm32.12.3.rel1.win32_1.1.0.202410251130/tools/bin/../lib/gcc/arm-none-eabi/12.3.1/thumb/v7e-m+fp/hard\libgcc.a
LOAD C:/ST/STM32CubeIDE_1.17.0/STM32CubeIDE/plugins/com.st.stm32cube.ide.mcu.externaltools.gnu-tools-for-stm32.12.3.rel1.win32_1.1.0.202410251130/tools/bin/../lib/gcc/arm-none-eabi/12.3.1/../../../../arm-none-eabi/lib/thumb/v7e-m+fp/hard\libc_nano.a
LOAD C:/ST/STM32CubeIDE_1.17.0/STM32CubeIDE/plugins/com.st.stm32cube.ide.mcu.externaltools.gnu-tools-for-stm32.12.3.rel1.win32_1.1.0.202410251130/tools/bin/../lib/gcc/arm-none-eabi/12.3.1/../../../../arm-none-eabi/lib/thumb/v7e-m+fp/hard\libnosys.a
END GROUP
LOAD C:/ST/STM32CubeIDE_1.17.0/STM32CubeIDE/plugins/com.st.stm32cube.ide.mcu.externaltools.gnu-tools-for-stm32.12.3.rel1.win32_1.1.0.202410251130/tools/bin/../lib/gcc/arm-none-eabi/12.3.1/thumb/v7e-m+fp/hard/crtend.o
LOAD C:/ST/STM32CubeIDE_1.17.0/STM32CubeIDE/plugins/com.st.stm32cube.ide.mcu.externaltools.gnu-tools-for-stm32.12.3.rel1.win32_1.1.0.202410251130/tools/bin/../lib/gcc/arm-none-eabi/12.3.1/thumb/v7e-m+fp/hard/crtn.o
                0x20030000                        _estack = (ORIGIN (RAM) + LENGTH (RAM))
                0x00000200                        _Min_Heap_Size = 0x200
                0x00000400                        _Min_Stack_Size = 0x400

.isr_vector     0x08000000      0x1ac
                0x08000000                        . = ALIGN (0x4)
 *(.isr_vector)
 .isr_vector    0x08000000      0x1ac ./Core/Startup/startup_stm32f429zitx.o
                0x08000000                g_pfnVectors
                0x080001ac                        . = ALIGN (0x4)

.text           0x080001b0     0x3fac
                0x080001b0                        . = ALIGN (0x4)
 *(.text)
 .text          0x080001b0       0x40 C:/ST/STM32CubeIDE_1.17.0/STM32CubeIDE/plugins/com.st.stm32cube.ide.mcu.externaltools.gnu-tools-for-stm32.12.3.rel1.win32_1.1.0.202410251130/tools/bin/../lib/gcc/arm-none-eabi/12.3.1/thumb/v7e-m+fp/hard/crtbegin.o
 .text          0x080001f0      0x378 C:/ST/STM32CubeIDE_1.17.0/STM32CubeIDE/plugins/com.st.stm32cube.ide.mcu.externaltools.gnu-tools-for-stm32.12.3.rel1.win32_1.1.0.202410251130/tools/bin/../lib/gcc/arm-none-eabi/12.3.1/thumb/v7e-m+fp/hard\libgcc.a(_arm_addsubdf3.o)
                0x080001f0                __aeabi_drsub
                0x080001f8                __aeabi_dsub
                0x080001f8                __subdf3
                0x080001fc                __aeabi_dadd
                0x080001fc                __adddf3
                0x08000474                __floatunsidf
                0x08000474                __aeabi_ui2d
                0x08000494                __floatsidf
                0x08000494                __aeabi_i2d
                0x080004b8                __aeabi_f2d
                0x080004b8                __extendsfdf2
                0x080004fc                __floatundidf
                0x080004fc                __aeabi_ul2d
                0x0800050c                __floatdidf
                0x0800050c                __aeabi_l2d
 .text          0x08000568      0x424 C:/ST/STM32CubeIDE_1.17.0/STM32CubeIDE/plugins/com.st.stm32cube.ide.mcu.externaltools.gnu-tools-for-stm32.12.3.rel1.win32_1.1.0.202410251130/tools/bin/../lib/gcc/arm-none-eabi/12.3.1/thumb/v7e-m+fp/hard\libgcc.a(_arm_muldivdf3.o)
                0x08000568                __aeabi_dmul
                0x08000568                __muldf3
                0x080007bc                __divdf3
                0x080007bc                __aeabi_ddiv
 .text          0x0800098c       0x40 C:/ST/STM32CubeIDE_1.17.0/STM32CubeIDE/plugins/com.st.stm32cube.ide.mcu.externaltools.gnu-tools-for-stm32.12.3.rel1.win32_1.1.0.202410251130/tools/bin/../lib/gcc/arm-none-eabi/12.3.1/thumb/v7e-m+fp/hard\libgcc.a(_arm_fixunsdfsi.o)
                0x0800098c                __aeabi_d2uiz
                0x0800098c                __fixunsdfsi
 .text          0x080009cc       0x30 C:/ST/STM32CubeIDE_1.17.0/STM32CubeIDE/plugins/com.st.stm32cube.ide.mcu.externaltools.gnu-tools-for-stm32.12.3.rel1.win32_1.1.0.202410251130/tools/bin/../lib/gcc/arm-none-eabi/12.3.1/thumb/v7e-m+fp/hard\libgcc.a(_aeabi_uldivmod.o)
                0x080009cc                __aeabi_uldivmod
 .text          0x080009fc      0x2bc C:/ST/STM32CubeIDE_1.17.0/STM32CubeIDE/plugins/com.st.stm32cube.ide.mcu.externaltools.gnu-tools-for-stm32.12.3.rel1.win32_1.1.0.202410251130/tools/bin/../lib/gcc/arm-none-eabi/12.3.1/thumb/v7e-m+fp/hard\libgcc.a(_udivmoddi4.o)
                0x080009fc                __udivmoddi4
 .text          0x08000cb8        0x4 C:/ST/STM32CubeIDE_1.17.0/STM32CubeIDE/plugins/com.st.stm32cube.ide.mcu.externaltools.gnu-tools-for-stm32.12.3.rel1.win32_1.1.0.202410251130/tools/bin/../lib/gcc/arm-none-eabi/12.3.1/thumb/v7e-m+fp/hard\libgcc.a(_dvmd_tls.o)
                0x08000cb8                __aeabi_idiv0
                0x08000cb8                __aeabi_ldiv0
 *(.text*)
 *fill*         0x08000cbc        0x4 
 .text.HAL_TIM_IC_CaptureCallback
                0x08000cc0      0x140 ./Core/Src/HC_SR04.o
                0x08000cc0                HAL_TIM_IC_CaptureCallback
 .text.delay    0x08000e00       0x34 ./Core/Src/HC_SR04.o
                0x08000e00                delay
 .text.HCSR04_GetDis
                0x08000e34       0x44 ./Core/Src/HC_SR04.o
                0x08000e34                HCSR04_GetDis
 .text.LCD_send_command
                0x08000e78      0x110 ./Core/Src/main.o
                0x08000e78                LCD_send_command
 .text.LCD_Init
                0x08000f88       0x20 ./Core/Src/main.o
                0x08000f88                LCD_Init
 .text.LCD_Write_String
                0x08000fa8      0x13c ./Core/Src/main.o
                0x08000fa8                LCD_Write_String
 .text.main     0x080010e4       0x80 ./Core/Src/main.o
                0x080010e4                main
 .text.SystemClock_Config
                0x08001164       0xe0 ./Core/Src/main.o
                0x08001164                SystemClock_Config
 .text.MX_TIM1_Init
                0x08001244       0xe8 ./Core/Src/main.o
 .text.MX_TIM6_Init
                0x0800132c       0x6c ./Core/Src/main.o
 .text.MX_USART1_UART_Init
                0x08001398       0x54 ./Core/Src/main.o
 .text.MX_GPIO_Init
                0x080013ec      0x4bc ./Core/Src/main.o
 .text.Error_Handler
                0x080018a8        0xc ./Core/Src/main.o
                0x080018a8                Error_Handler
 .text.HAL_MspInit
                0x080018b4       0x50 ./Core/Src/stm32f4xx_hal_msp.o
                0x080018b4                HAL_MspInit
 .text.HAL_TIM_Base_MspInit
                0x08001904       0xcc ./Core/Src/stm32f4xx_hal_msp.o
                0x08001904                HAL_TIM_Base_MspInit
 .text.HAL_UART_MspInit
                0x080019d0       0x90 ./Core/Src/stm32f4xx_hal_msp.o
                0x080019d0                HAL_UART_MspInit
 .text.NMI_Handler
                0x08001a60        0x8 ./Core/Src/stm32f4xx_it.o
                0x08001a60                NMI_Handler
 .text.HardFault_Handler
                0x08001a68        0x8 ./Core/Src/stm32f4xx_it.o
                0x08001a68                HardFault_Handler
 .text.MemManage_Handler
                0x08001a70        0x8 ./Core/Src/stm32f4xx_it.o
                0x08001a70                MemManage_Handler
 .text.BusFault_Handler
                0x08001a78        0x8 ./Core/Src/stm32f4xx_it.o
                0x08001a78                BusFault_Handler
 .text.UsageFault_Handler
                0x08001a80        0x8 ./Core/Src/stm32f4xx_it.o
                0x08001a80                UsageFault_Handler
 .text.SVC_Handler
                0x08001a88        0xe ./Core/Src/stm32f4xx_it.o
                0x08001a88                SVC_Handler
 .text.DebugMon_Handler
                0x08001a96        0xe ./Core/Src/stm32f4xx_it.o
                0x08001a96                DebugMon_Handler
 .text.PendSV_Handler
                0x08001aa4        0xe ./Core/Src/stm32f4xx_it.o
                0x08001aa4                PendSV_Handler
 .text.SysTick_Handler
                0x08001ab2        0xc ./Core/Src/stm32f4xx_it.o
                0x08001ab2                SysTick_Handler
 *fill*         0x08001abe        0x2 
 .text.TIM1_CC_IRQHandler
                0x08001ac0       0x14 ./Core/Src/stm32f4xx_it.o
                0x08001ac0                TIM1_CC_IRQHandler
 .text.SystemInit
                0x08001ad4       0x24 ./Core/Src/system_stm32f4xx.o
                0x08001ad4                SystemInit
 .text.Reset_Handler
                0x08001af8       0x50 ./Core/Startup/startup_stm32f429zitx.o
                0x08001af8                Reset_Handler
 .text.Default_Handler
                0x08001b48        0x2 ./Core/Startup/startup_stm32f429zitx.o
                0x08001b48                RTC_Alarm_IRQHandler
                0x08001b48                HASH_RNG_IRQHandler
                0x08001b48                EXTI2_IRQHandler
                0x08001b48                TIM8_CC_IRQHandler
                0x08001b48                UART8_IRQHandler
                0x08001b48                SPI4_IRQHandler
                0x08001b48                DMA2_Stream5_IRQHandler
                0x08001b48                DMA1_Stream5_IRQHandler
                0x08001b48                PVD_IRQHandler
                0x08001b48                SDIO_IRQHandler
                0x08001b48                TAMP_STAMP_IRQHandler
                0x08001b48                CAN2_RX1_IRQHandler
                0x08001b48                EXTI3_IRQHandler
                0x08001b48                TIM8_TRG_COM_TIM14_IRQHandler
                0x08001b48                TIM1_UP_TIM10_IRQHandler
                0x08001b48                TIM8_UP_TIM13_IRQHandler
                0x08001b48                I2C3_ER_IRQHandler
                0x08001b48                EXTI0_IRQHandler
                0x08001b48                I2C2_EV_IRQHandler
                0x08001b48                DMA1_Stream2_IRQHandler
                0x08001b48                CAN1_RX0_IRQHandler
                0x08001b48                FPU_IRQHandler
                0x08001b48                OTG_HS_WKUP_IRQHandler
                0x08001b48                LTDC_ER_IRQHandler
                0x08001b48                CAN2_SCE_IRQHandler
                0x08001b48                DMA2_Stream2_IRQHandler
                0x08001b48                SPI1_IRQHandler
                0x08001b48                TIM6_DAC_IRQHandler
                0x08001b48                TIM1_BRK_TIM9_IRQHandler
                0x08001b48                DCMI_IRQHandler
                0x08001b48                CAN2_RX0_IRQHandler
                0x08001b48                DMA2_Stream3_IRQHandler
                0x08001b48                USART6_IRQHandler
                0x08001b48                USART3_IRQHandler
                0x08001b48                CAN1_RX1_IRQHandler
                0x08001b48                UART5_IRQHandler
                0x08001b48                DMA2_Stream0_IRQHandler
                0x08001b48                TIM4_IRQHandler
                0x08001b48                I2C1_EV_IRQHandler
                0x08001b48                DMA1_Stream6_IRQHandler
                0x08001b48                DMA1_Stream1_IRQHandler
                0x08001b48                UART4_IRQHandler
                0x08001b48                TIM3_IRQHandler
                0x08001b48                RCC_IRQHandler
                0x08001b48                TIM8_BRK_TIM12_IRQHandler
                0x08001b48                Default_Handler
                0x08001b48                EXTI15_10_IRQHandler
                0x08001b48                ADC_IRQHandler
                0x08001b48                DMA1_Stream7_IRQHandler
                0x08001b48                SPI5_IRQHandler
                0x08001b48                TIM7_IRQHandler
                0x08001b48                CAN2_TX_IRQHandler
                0x08001b48                TIM5_IRQHandler
                0x08001b48                DMA2_Stream7_IRQHandler
                0x08001b48                I2C3_EV_IRQHandler
                0x08001b48                EXTI9_5_IRQHandler
                0x08001b48                RTC_WKUP_IRQHandler
                0x08001b48                LTDC_IRQHandler
                0x08001b48                ETH_WKUP_IRQHandler
                0x08001b48                SPI2_IRQHandler
                0x08001b48                OTG_HS_EP1_IN_IRQHandler
                0x08001b48                DMA1_Stream0_IRQHandler
                0x08001b48                CAN1_TX_IRQHandler
                0x08001b48                EXTI4_IRQHandler
                0x08001b48                ETH_IRQHandler
                0x08001b48                OTG_HS_EP1_OUT_IRQHandler
                0x08001b48                WWDG_IRQHandler
                0x08001b48                SPI6_IRQHandler
                0x08001b48                TIM2_IRQHandler
                0x08001b48                OTG_FS_WKUP_IRQHandler
                0x08001b48                TIM1_TRG_COM_TIM11_IRQHandler
                0x08001b48                OTG_HS_IRQHandler
                0x08001b48                DMA2D_IRQHandler
                0x08001b48                EXTI1_IRQHandler
                0x08001b48                UART7_IRQHandler
                0x08001b48                USART2_IRQHandler
                0x08001b48                I2C2_ER_IRQHandler
                0x08001b48                DMA2_Stream1_IRQHandler
                0x08001b48                CAN1_SCE_IRQHandler
                0x08001b48                FLASH_IRQHandler
                0x08001b48                DMA2_Stream4_IRQHandler
                0x08001b48                USART1_IRQHandler
                0x08001b48                OTG_FS_IRQHandler
                0x08001b48                SPI3_IRQHandler
                0x08001b48                DMA1_Stream4_IRQHandler
                0x08001b48                I2C1_ER_IRQHandler
                0x08001b48                FMC_IRQHandler
                0x08001b48                DMA2_Stream6_IRQHandler
                0x08001b48                SAI1_IRQHandler
                0x08001b48                DMA1_Stream3_IRQHandler
 *fill*         0x08001b4a        0x2 
 .text.HAL_Init
                0x08001b4c       0x44 ./Drivers/STM32F4xx_HAL_Driver/Src/stm32f4xx_hal.o
                0x08001b4c                HAL_Init
 .text.HAL_InitTick
                0x08001b90       0x60 ./Drivers/STM32F4xx_HAL_Driver/Src/stm32f4xx_hal.o
                0x08001b90                HAL_InitTick
 .text.HAL_IncTick
                0x08001bf0       0x28 ./Drivers/STM32F4xx_HAL_Driver/Src/stm32f4xx_hal.o
                0x08001bf0                HAL_IncTick
 .text.HAL_GetTick
                0x08001c18       0x18 ./Drivers/STM32F4xx_HAL_Driver/Src/stm32f4xx_hal.o
                0x08001c18                HAL_GetTick
 .text.HAL_Delay
                0x08001c30       0x48 ./Drivers/STM32F4xx_HAL_Driver/Src/stm32f4xx_hal.o
                0x08001c30                HAL_Delay
 .text.__NVIC_SetPriorityGrouping
                0x08001c78       0x48 ./Drivers/STM32F4xx_HAL_Driver/Src/stm32f4xx_hal_cortex.o
 .text.__NVIC_GetPriorityGrouping
                0x08001cc0       0x1c ./Drivers/STM32F4xx_HAL_Driver/Src/stm32f4xx_hal_cortex.o
 .text.__NVIC_EnableIRQ
                0x08001cdc       0x3c ./Drivers/STM32F4xx_HAL_Driver/Src/stm32f4xx_hal_cortex.o
 .text.__NVIC_SetPriority
                0x08001d18       0x54 ./Drivers/STM32F4xx_HAL_Driver/Src/stm32f4xx_hal_cortex.o
 .text.NVIC_EncodePriority
                0x08001d6c       0x66 ./Drivers/STM32F4xx_HAL_Driver/Src/stm32f4xx_hal_cortex.o
 *fill*         0x08001dd2        0x2 
 .text.SysTick_Config
                0x08001dd4       0x44 ./Drivers/STM32F4xx_HAL_Driver/Src/stm32f4xx_hal_cortex.o
 .text.HAL_NVIC_SetPriorityGrouping
                0x08001e18       0x16 ./Drivers/STM32F4xx_HAL_Driver/Src/stm32f4xx_hal_cortex.o
                0x08001e18                HAL_NVIC_SetPriorityGrouping
 .text.HAL_NVIC_SetPriority
                0x08001e2e       0x38 ./Drivers/STM32F4xx_HAL_Driver/Src/stm32f4xx_hal_cortex.o
                0x08001e2e                HAL_NVIC_SetPriority
 .text.HAL_NVIC_EnableIRQ
                0x08001e66       0x1c ./Drivers/STM32F4xx_HAL_Driver/Src/stm32f4xx_hal_cortex.o
                0x08001e66                HAL_NVIC_EnableIRQ
 .text.HAL_SYSTICK_Config
                0x08001e82       0x18 ./Drivers/STM32F4xx_HAL_Driver/Src/stm32f4xx_hal_cortex.o
                0x08001e82                HAL_SYSTICK_Config
 *fill*         0x08001e9a        0x2 
 .text.HAL_GPIO_Init
                0x08001e9c      0x358 ./Drivers/STM32F4xx_HAL_Driver/Src/stm32f4xx_hal_gpio.o
                0x08001e9c                HAL_GPIO_Init
 .text.HAL_GPIO_WritePin
                0x080021f4       0x32 ./Drivers/STM32F4xx_HAL_Driver/Src/stm32f4xx_hal_gpio.o
                0x080021f4                HAL_GPIO_WritePin
 *fill*         0x08002226        0x2 
 .text.HAL_PWREx_EnableOverDrive
                0x08002228       0xa0 ./Drivers/STM32F4xx_HAL_Driver/Src/stm32f4xx_hal_pwr_ex.o
                0x08002228                HAL_PWREx_EnableOverDrive
 .text.HAL_RCC_OscConfig
                0x080022c8      0x4f0 ./Drivers/STM32F4xx_HAL_Driver/Src/stm32f4xx_hal_rcc.o
                0x080022c8                HAL_RCC_OscConfig
 .text.HAL_RCC_ClockConfig
                0x080027b8      0x1cc ./Drivers/STM32F4xx_HAL_Driver/Src/stm32f4xx_hal_rcc.o
                0x080027b8                HAL_RCC_ClockConfig
 .text.HAL_RCC_GetSysClockFreq
                0x08002984      0x20c ./Drivers/STM32F4xx_HAL_Driver/Src/stm32f4xx_hal_rcc.o
                0x08002984                HAL_RCC_GetSysClockFreq
 .text.HAL_RCC_GetHCLKFreq
                0x08002b90       0x18 ./Drivers/STM32F4xx_HAL_Driver/Src/stm32f4xx_hal_rcc.o
                0x08002b90                HAL_RCC_GetHCLKFreq
 .text.HAL_RCC_GetPCLK1Freq
                0x08002ba8       0x28 ./Drivers/STM32F4xx_HAL_Driver/Src/stm32f4xx_hal_rcc.o
                0x08002ba8                HAL_RCC_GetPCLK1Freq
 .text.HAL_RCC_GetPCLK2Freq
                0x08002bd0       0x28 ./Drivers/STM32F4xx_HAL_Driver/Src/stm32f4xx_hal_rcc.o
                0x08002bd0                HAL_RCC_GetPCLK2Freq
 .text.HAL_TIM_Base_Init
                0x08002bf8       0x9e ./Drivers/STM32F4xx_HAL_Driver/Src/stm32f4xx_hal_tim.o
                0x08002bf8                HAL_TIM_Base_Init
 .text.HAL_TIM_IC_Init
                0x08002c96       0x9e ./Drivers/STM32F4xx_HAL_Driver/Src/stm32f4xx_hal_tim.o
                0x08002c96                HAL_TIM_IC_Init
 .text.HAL_TIM_IC_MspInit
                0x08002d34       0x14 ./Drivers/STM32F4xx_HAL_Driver/Src/stm32f4xx_hal_tim.o
                0x08002d34                HAL_TIM_IC_MspInit
 .text.HAL_TIM_IC_Start_IT
                0x08002d48      0x250 ./Drivers/STM32F4xx_HAL_Driver/Src/stm32f4xx_hal_tim.o
                0x08002d48                HAL_TIM_IC_Start_IT
 .text.HAL_TIM_IRQHandler
                0x08002f98      0x1e0 ./Drivers/STM32F4xx_HAL_Driver/Src/stm32f4xx_hal_tim.o
                0x08002f98                HAL_TIM_IRQHandler
 .text.HAL_TIM_IC_ConfigChannel
                0x08003178      0x138 ./Drivers/STM32F4xx_HAL_Driver/Src/stm32f4xx_hal_tim.o
                0x08003178                HAL_TIM_IC_ConfigChannel
 .text.HAL_TIM_ConfigClockSource
                0x080032b0      0x18e ./Drivers/STM32F4xx_HAL_Driver/Src/stm32f4xx_hal_tim.o
                0x080032b0                HAL_TIM_ConfigClockSource
 *fill*         0x0800343e        0x2 
 .text.HAL_TIM_ReadCapturedValue
                0x08003440       0x88 ./Drivers/STM32F4xx_HAL_Driver/Src/stm32f4xx_hal_tim.o
                0x08003440                HAL_TIM_ReadCapturedValue
 .text.HAL_TIM_PeriodElapsedCallback
                0x080034c8       0x14 ./Drivers/STM32F4xx_HAL_Driver/Src/stm32f4xx_hal_tim.o
                0x080034c8                HAL_TIM_PeriodElapsedCallback
 .text.HAL_TIM_OC_DelayElapsedCallback
                0x080034dc       0x14 ./Drivers/STM32F4xx_HAL_Driver/Src/stm32f4xx_hal_tim.o
                0x080034dc                HAL_TIM_OC_DelayElapsedCallback
 .text.HAL_TIM_PWM_PulseFinishedCallback
                0x080034f0       0x14 ./Drivers/STM32F4xx_HAL_Driver/Src/stm32f4xx_hal_tim.o
                0x080034f0                HAL_TIM_PWM_PulseFinishedCallback
 .text.HAL_TIM_TriggerCallback
                0x08003504       0x14 ./Drivers/STM32F4xx_HAL_Driver/Src/stm32f4xx_hal_tim.o
                0x08003504                HAL_TIM_TriggerCallback
 .text.TIM_Base_SetConfig
                0x08003518      0x158 ./Drivers/STM32F4xx_HAL_Driver/Src/stm32f4xx_hal_tim.o
                0x08003518                TIM_Base_SetConfig
 .text.TIM_TI1_SetConfig
                0x08003670       0xe8 ./Drivers/STM32F4xx_HAL_Driver/Src/stm32f4xx_hal_tim.o
                0x08003670                TIM_TI1_SetConfig
 .text.TIM_TI1_ConfigInputStage
                0x08003758       0x5e ./Drivers/STM32F4xx_HAL_Driver/Src/stm32f4xx_hal_tim.o
 .text.TIM_TI2_SetConfig
                0x080037b6       0x7a ./Drivers/STM32F4xx_HAL_Driver/Src/stm32f4xx_hal_tim.o
 .text.TIM_TI2_ConfigInputStage
                0x08003830       0x60 ./Drivers/STM32F4xx_HAL_Driver/Src/stm32f4xx_hal_tim.o
 .text.TIM_TI3_SetConfig
                0x08003890       0x78 ./Drivers/STM32F4xx_HAL_Driver/Src/stm32f4xx_hal_tim.o
 .text.TIM_TI4_SetConfig
                0x08003908       0x7a ./Drivers/STM32F4xx_HAL_Driver/Src/stm32f4xx_hal_tim.o
 .text.TIM_ITRx_SetConfig
                0x08003982       0x36 ./Drivers/STM32F4xx_HAL_Driver/Src/stm32f4xx_hal_tim.o
 .text.TIM_ETR_SetConfig
                0x080039b8       0x40 ./Drivers/STM32F4xx_HAL_Driver/Src/stm32f4xx_hal_tim.o
                0x080039b8                TIM_ETR_SetConfig
 .text.TIM_CCxChannelCmd
                0x080039f8       0x4a ./Drivers/STM32F4xx_HAL_Driver/Src/stm32f4xx_hal_tim.o
                0x080039f8                TIM_CCxChannelCmd
 *fill*         0x08003a42        0x2 
 .text.HAL_TIMEx_MasterConfigSynchronization
                0x08003a44       0xf8 ./Drivers/STM32F4xx_HAL_Driver/Src/stm32f4xx_hal_tim_ex.o
                0x08003a44                HAL_TIMEx_MasterConfigSynchronization
 .text.HAL_TIMEx_CommutCallback
                0x08003b3c       0x14 ./Drivers/STM32F4xx_HAL_Driver/Src/stm32f4xx_hal_tim_ex.o
                0x08003b3c                HAL_TIMEx_CommutCallback
 .text.HAL_TIMEx_BreakCallback
                0x08003b50       0x14 ./Drivers/STM32F4xx_HAL_Driver/Src/stm32f4xx_hal_tim_ex.o
                0x08003b50                HAL_TIMEx_BreakCallback
 .text.HAL_UART_Init
                0x08003b64       0xa0 ./Drivers/STM32F4xx_HAL_Driver/Src/stm32f4xx_hal_uart.o
                0x08003b64                HAL_UART_Init
 .text.UART_SetConfig
                0x08003c04      0x4e8 ./Drivers/STM32F4xx_HAL_Driver/Src/stm32f4xx_hal_uart.o
 .text.memset   0x080040ec       0x10 C:/ST/STM32CubeIDE_1.17.0/STM32CubeIDE/plugins/com.st.stm32cube.ide.mcu.externaltools.gnu-tools-for-stm32.12.3.rel1.win32_1.1.0.202410251130/tools/bin/../lib/gcc/arm-none-eabi/12.3.1/../../../../arm-none-eabi/lib/thumb/v7e-m+fp/hard\libc_nano.a(libc_a-memset.o)
                0x080040ec                memset
 .text.__libc_init_array
                0x080040fc       0x48 C:/ST/STM32CubeIDE_1.17.0/STM32CubeIDE/plugins/com.st.stm32cube.ide.mcu.externaltools.gnu-tools-for-stm32.12.3.rel1.win32_1.1.0.202410251130/tools/bin/../lib/gcc/arm-none-eabi/12.3.1/../../../../arm-none-eabi/lib/thumb/v7e-m+fp/hard\libc_nano.a(libc_a-init.o)
                0x080040fc                __libc_init_array
 *(.glue_7)
 .glue_7        0x08004144        0x0 linker stubs
 *(.glue_7t)
 .glue_7t       0x08004144        0x0 linker stubs
 *(.eh_frame)
 .eh_frame      0x08004144        0x0 C:/ST/STM32CubeIDE_1.17.0/STM32CubeIDE/plugins/com.st.stm32cube.ide.mcu.externaltools.gnu-tools-for-stm32.12.3.rel1.win32_1.1.0.202410251130/tools/bin/../lib/gcc/arm-none-eabi/12.3.1/thumb/v7e-m+fp/hard/crtbegin.o
 *(.init)
 .init          0x08004144        0x4 C:/ST/STM32CubeIDE_1.17.0/STM32CubeIDE/plugins/com.st.stm32cube.ide.mcu.externaltools.gnu-tools-for-stm32.12.3.rel1.win32_1.1.0.202410251130/tools/bin/../lib/gcc/arm-none-eabi/12.3.1/thumb/v7e-m+fp/hard/crti.o
                0x08004144                _init
 .init          0x08004148        0x8 C:/ST/STM32CubeIDE_1.17.0/STM32CubeIDE/plugins/com.st.stm32cube.ide.mcu.externaltools.gnu-tools-for-stm32.12.3.rel1.win32_1.1.0.202410251130/tools/bin/../lib/gcc/arm-none-eabi/12.3.1/thumb/v7e-m+fp/hard/crtn.o
 *(.fini)
 .fini          0x08004150        0x4 C:/ST/STM32CubeIDE_1.17.0/STM32CubeIDE/plugins/com.st.stm32cube.ide.mcu.externaltools.gnu-tools-for-stm32.12.3.rel1.win32_1.1.0.202410251130/tools/bin/../lib/gcc/arm-none-eabi/12.3.1/thumb/v7e-m+fp/hard/crti.o
                0x08004150                _fini
 .fini          0x08004154        0x8 C:/ST/STM32CubeIDE_1.17.0/STM32CubeIDE/plugins/com.st.stm32cube.ide.mcu.externaltools.gnu-tools-for-stm32.12.3.rel1.win32_1.1.0.202410251130/tools/bin/../lib/gcc/arm-none-eabi/12.3.1/thumb/v7e-m+fp/hard/crtn.o
                0x0800415c                        . = ALIGN (0x4)
                0x0800415c                        _etext = .

.vfp11_veneer   0x0800415c        0x0
 .vfp11_veneer  0x0800415c        0x0 linker stubs

.v4_bx          0x0800415c        0x0
 .v4_bx         0x0800415c        0x0 linker stubs

.iplt           0x0800415c        0x0
 .iplt          0x0800415c        0x0 C:/ST/STM32CubeIDE_1.17.0/STM32CubeIDE/plugins/com.st.stm32cube.ide.mcu.externaltools.gnu-tools-for-stm32.12.3.rel1.win32_1.1.0.202410251130/tools/bin/../lib/gcc/arm-none-eabi/12.3.1/thumb/v7e-m+fp/hard/crtbegin.o

.rodata         0x0800415c       0x30
                0x0800415c                        . = ALIGN (0x4)
 *(.rodata)
 .rodata        0x0800415c       0x17 ./Core/Src/main.o
 *(.rodata*)
 *fill*         0x08004173        0x1 
 .rodata.AHBPrescTable
                0x08004174       0x10 ./Core/Src/system_stm32f4xx.o
                0x08004174                AHBPrescTable
 .rodata.APBPrescTable
                0x08004184        0x8 ./Core/Src/system_stm32f4xx.o
                0x08004184                APBPrescTable
                0x0800418c                        . = ALIGN (0x4)

.ARM.extab      0x0800418c        0x0
                0x0800418c                        . = ALIGN (0x4)
 *(.ARM.extab* .gnu.linkonce.armextab.*)
                0x0800418c                        . = ALIGN (0x4)

.ARM            0x0800418c        0x8
                0x0800418c                        . = ALIGN (0x4)
                0x0800418c                        __exidx_start = .
 *(.ARM.exidx*)
 .ARM.exidx     0x0800418c        0x8 C:/ST/STM32CubeIDE_1.17.0/STM32CubeIDE/plugins/com.st.stm32cube.ide.mcu.externaltools.gnu-tools-for-stm32.12.3.rel1.win32_1.1.0.202410251130/tools/bin/../lib/gcc/arm-none-eabi/12.3.1/thumb/v7e-m+fp/hard\libgcc.a(_udivmoddi4.o)
                0x08004194                        __exidx_end = .
                0x08004194                        . = ALIGN (0x4)

.preinit_array  0x08004194        0x0
                0x08004194                        . = ALIGN (0x4)
                0x08004194                        PROVIDE (__preinit_array_start = .)
 *(.preinit_array*)
                0x08004194                        PROVIDE (__preinit_array_end = .)
                0x08004194                        . = ALIGN (0x4)

.init_array     0x08004194        0x4
                0x08004194                        . = ALIGN (0x4)
                0x08004194                        PROVIDE (__init_array_start = .)
 *(SORT_BY_NAME(.init_array.*))
 *(.init_array*)
 .init_array    0x08004194        0x4 C:/ST/STM32CubeIDE_1.17.0/STM32CubeIDE/plugins/com.st.stm32cube.ide.mcu.externaltools.gnu-tools-for-stm32.12.3.rel1.win32_1.1.0.202410251130/tools/bin/../lib/gcc/arm-none-eabi/12.3.1/thumb/v7e-m+fp/hard/crtbegin.o
                0x08004198                        PROVIDE (__init_array_end = .)
                0x08004198                        . = ALIGN (0x4)

.fini_array     0x08004198        0x4
                0x08004198                        . = ALIGN (0x4)
                [!provide]                        PROVIDE (__fini_array_start = .)
 *(SORT_BY_NAME(.fini_array.*))
 *(.fini_array*)
 .fini_array    0x08004198        0x4 C:/ST/STM32CubeIDE_1.17.0/STM32CubeIDE/plugins/com.st.stm32cube.ide.mcu.externaltools.gnu-tools-for-stm32.12.3.rel1.win32_1.1.0.202410251130/tools/bin/../lib/gcc/arm-none-eabi/12.3.1/thumb/v7e-m+fp/hard/crtbegin.o
                [!provide]                        PROVIDE (__fini_array_end = .)
                0x0800419c                        . = ALIGN (0x4)
                0x0800419c                        _sidata = LOADADDR (.data)

.rel.dyn        0x0800419c        0x0
 .rel.iplt      0x0800419c        0x0 C:/ST/STM32CubeIDE_1.17.0/STM32CubeIDE/plugins/com.st.stm32cube.ide.mcu.externaltools.gnu-tools-for-stm32.12.3.rel1.win32_1.1.0.202410251130/tools/bin/../lib/gcc/arm-none-eabi/12.3.1/thumb/v7e-m+fp/hard/crtbegin.o

.data           0x20000000        0xc load address 0x0800419c
                0x20000000                        . = ALIGN (0x4)
                0x20000000                        _sdata = .
 *(.data)
 *(.data*)
 .data.SystemCoreClock
                0x20000000        0x4 ./Core/Src/system_stm32f4xx.o
                0x20000000                SystemCoreClock
 .data.uwTickPrio
                0x20000004        0x4 ./Drivers/STM32F4xx_HAL_Driver/Src/stm32f4xx_hal.o
                0x20000004                uwTickPrio
 .data.uwTickFreq
                0x20000008        0x1 ./Drivers/STM32F4xx_HAL_Driver/Src/stm32f4xx_hal.o
                0x20000008                uwTickFreq
 *(.RamFunc)
 *(.RamFunc*)
                0x2000000c                        . = ALIGN (0x4)
 *fill*         0x20000009        0x3 
                0x2000000c                        _edata = .
                0x080041a8                        _siccmram = LOADADDR (.ccmram)

.igot.plt       0x2000000c        0x0 load address 0x080041a8
 .igot.plt      0x2000000c        0x0 C:/ST/STM32CubeIDE_1.17.0/STM32CubeIDE/plugins/com.st.stm32cube.ide.mcu.externaltools.gnu-tools-for-stm32.12.3.rel1.win32_1.1.0.202410251130/tools/bin/../lib/gcc/arm-none-eabi/12.3.1/thumb/v7e-m+fp/hard/crtbegin.o

.ccmram         0x10000000        0x0 load address 0x080041a8
                0x10000000                        . = ALIGN (0x4)
                0x10000000                        _sccmram = .
 *(.ccmram)
 *(.ccmram*)
                0x10000000                        . = ALIGN (0x4)
                0x10000000                        _eccmram = .
                0x10000000                        . = ALIGN (0x4)

.bss            0x2000000c      0x10c
                0x2000000c                        _sbss = .
                0x2000000c                        __bss_start__ = _sbss
 *(.bss)
 .bss           0x2000000c       0x1c C:/ST/STM32CubeIDE_1.17.0/STM32CubeIDE/plugins/com.st.stm32cube.ide.mcu.externaltools.gnu-tools-for-stm32.12.3.rel1.win32_1.1.0.202410251130/tools/bin/../lib/gcc/arm-none-eabi/12.3.1/thumb/v7e-m+fp/hard/crtbegin.o
 *(.bss*)
 .bss.IC_Val1   0x20000028        0x4 ./Core/Src/HC_SR04.o
                0x20000028                IC_Val1
 .bss.IC_Val2   0x2000002c        0x4 ./Core/Src/HC_SR04.o
                0x2000002c                IC_Val2
 .bss.Difference
                0x20000030        0x4 ./Core/Src/HC_SR04.o
                0x20000030                Difference
 .bss.Is_First_Captured
                0x20000034        0x1 ./Core/Src/HC_SR04.o
                0x20000034                Is_First_Captured
 .bss.Distance  0x20000035        0x1 ./Core/Src/HC_SR04.o
                0x20000035                Distance
 *fill*         0x20000036        0x2 
 .bss.htim1     0x20000038       0x48 ./Core/Src/main.o
                0x20000038                htim1
 .bss.htim6     0x20000080       0x48 ./Core/Src/main.o
                0x20000080                htim6
 .bss.huart1    0x200000c8       0x48 ./Core/Src/main.o
                0x200000c8                huart1
 .bss.dis       0x20000110        0x1 ./Core/Src/main.o
                0x20000110                dis
 *fill*         0x20000111        0x3 
 .bss.uwTick    0x20000114        0x4 ./Drivers/STM32F4xx_HAL_Driver/Src/stm32f4xx_hal.o
                0x20000114                uwTick
 *(COMMON)
                0x20000118                        . = ALIGN (0x4)
                0x20000118                        _ebss = .
                0x20000118                        __bss_end__ = _ebss

._user_heap_stack
                0x20000118      0x600
                0x20000118                        . = ALIGN (0x8)
                [!provide]                        PROVIDE (end = .)
                0x20000118                        PROVIDE (_end = .)
                0x20000318                        . = (. + _Min_Heap_Size)
 *fill*         0x20000118      0x200 
                0x20000718                        . = (. + _Min_Stack_Size)
 *fill*         0x20000318      0x400 
                0x20000718                        . = ALIGN (0x8)

/DISCARD/
 libc.a(*)
 libm.a(*)
 libgcc.a(*)

.ARM.attributes
                0x00000000       0x30
 *(.ARM.attributes)
 .ARM.attributes
                0x00000000       0x22 C:/ST/STM32CubeIDE_1.17.0/STM32CubeIDE/plugins/com.st.stm32cube.ide.mcu.externaltools.gnu-tools-for-stm32.12.3.rel1.win32_1.1.0.202410251130/tools/bin/../lib/gcc/arm-none-eabi/12.3.1/thumb/v7e-m+fp/hard/crti.o
 .ARM.attributes
                0x00000022       0x34 C:/ST/STM32CubeIDE_1.17.0/STM32CubeIDE/plugins/com.st.stm32cube.ide.mcu.externaltools.gnu-tools-for-stm32.12.3.rel1.win32_1.1.0.202410251130/tools/bin/../lib/gcc/arm-none-eabi/12.3.1/thumb/v7e-m+fp/hard/crtbegin.o
 .ARM.attributes
                0x00000056       0x34 ./Core/Src/HC_SR04.o
 .ARM.attributes
                0x0000008a       0x34 ./Core/Src/main.o
 .ARM.attributes
                0x000000be       0x34 ./Core/Src/stm32f4xx_hal_msp.o
 .ARM.attributes
                0x000000f2       0x34 ./Core/Src/stm32f4xx_it.o
 .ARM.attributes
                0x00000126       0x34 ./Core/Src/system_stm32f4xx.o
 .ARM.attributes
                0x0000015a       0x21 ./Core/Startup/startup_stm32f429zitx.o
 .ARM.attributes
                0x0000017b       0x34 ./Drivers/STM32F4xx_HAL_Driver/Src/stm32f4xx_hal.o
 .ARM.attributes
                0x000001af       0x34 ./Drivers/STM32F4xx_HAL_Driver/Src/stm32f4xx_hal_cortex.o
 .ARM.attributes
                0x000001e3       0x34 ./Drivers/STM32F4xx_HAL_Driver/Src/stm32f4xx_hal_gpio.o
 .ARM.attributes
                0x00000217       0x34 ./Drivers/STM32F4xx_HAL_Driver/Src/stm32f4xx_hal_pwr_ex.o
 .ARM.attributes
                0x0000024b       0x34 ./Drivers/STM32F4xx_HAL_Driver/Src/stm32f4xx_hal_rcc.o
 .ARM.attributes
                0x0000027f       0x34 ./Drivers/STM32F4xx_HAL_Driver/Src/stm32f4xx_hal_tim.o
 .ARM.attributes
                0x000002b3       0x34 ./Drivers/STM32F4xx_HAL_Driver/Src/stm32f4xx_hal_tim_ex.o
 .ARM.attributes
                0x000002e7       0x34 ./Drivers/STM32F4xx_HAL_Driver/Src/stm32f4xx_hal_uart.o
 .ARM.attributes
                0x0000031b       0x34 C:/ST/STM32CubeIDE_1.17.0/STM32CubeIDE/plugins/com.st.stm32cube.ide.mcu.externaltools.gnu-tools-for-stm32.12.3.rel1.win32_1.1.0.202410251130/tools/bin/../lib/gcc/arm-none-eabi/12.3.1/../../../../arm-none-eabi/lib/thumb/v7e-m+fp/hard\libc_nano.a(libc_a-memset.o)
 .ARM.attributes
                0x0000034f       0x34 C:/ST/STM32CubeIDE_1.17.0/STM32CubeIDE/plugins/com.st.stm32cube.ide.mcu.externaltools.gnu-tools-for-stm32.12.3.rel1.win32_1.1.0.202410251130/tools/bin/../lib/gcc/arm-none-eabi/12.3.1/../../../../arm-none-eabi/lib/thumb/v7e-m+fp/hard\libc_nano.a(libc_a-init.o)
 .ARM.attributes
                0x00000383       0x22 C:/ST/STM32CubeIDE_1.17.0/STM32CubeIDE/plugins/com.st.stm32cube.ide.mcu.externaltools.gnu-tools-for-stm32.12.3.rel1.win32_1.1.0.202410251130/tools/bin/../lib/gcc/arm-none-eabi/12.3.1/thumb/v7e-m+fp/hard\libgcc.a(_arm_addsubdf3.o)
 .ARM.attributes
                0x000003a5       0x22 C:/ST/STM32CubeIDE_1.17.0/STM32CubeIDE/plugins/com.st.stm32cube.ide.mcu.externaltools.gnu-tools-for-stm32.12.3.rel1.win32_1.1.0.202410251130/tools/bin/../lib/gcc/arm-none-eabi/12.3.1/thumb/v7e-m+fp/hard\libgcc.a(_arm_muldivdf3.o)
 .ARM.attributes
                0x000003c7       0x22 C:/ST/STM32CubeIDE_1.17.0/STM32CubeIDE/plugins/com.st.stm32cube.ide.mcu.externaltools.gnu-tools-for-stm32.12.3.rel1.win32_1.1.0.202410251130/tools/bin/../lib/gcc/arm-none-eabi/12.3.1/thumb/v7e-m+fp/hard\libgcc.a(_arm_fixunsdfsi.o)
 .ARM.attributes
                0x000003e9       0x22 C:/ST/STM32CubeIDE_1.17.0/STM32CubeIDE/plugins/com.st.stm32cube.ide.mcu.externaltools.gnu-tools-for-stm32.12.3.rel1.win32_1.1.0.202410251130/tools/bin/../lib/gcc/arm-none-eabi/12.3.1/thumb/v7e-m+fp/hard\libgcc.a(_aeabi_uldivmod.o)
 .ARM.attributes
                0x0000040b       0x34 C:/ST/STM32CubeIDE_1.17.0/STM32CubeIDE/plugins/com.st.stm32cube.ide.mcu.externaltools.gnu-tools-for-stm32.12.3.rel1.win32_1.1.0.202410251130/tools/bin/../lib/gcc/arm-none-eabi/12.3.1/thumb/v7e-m+fp/hard\libgcc.a(_udivmoddi4.o)
 .ARM.attributes
                0x0000043f       0x22 C:/ST/STM32CubeIDE_1.17.0/STM32CubeIDE/plugins/com.st.stm32cube.ide.mcu.externaltools.gnu-tools-for-stm32.12.3.rel1.win32_1.1.0.202410251130/tools/bin/../lib/gcc/arm-none-eabi/12.3.1/thumb/v7e-m+fp/hard\libgcc.a(_dvmd_tls.o)
 .ARM.attributes
                0x00000461       0x22 C:/ST/STM32CubeIDE_1.17.0/STM32CubeIDE/plugins/com.st.stm32cube.ide.mcu.externaltools.gnu-tools-for-stm32.12.3.rel1.win32_1.1.0.202410251130/tools/bin/../lib/gcc/arm-none-eabi/12.3.1/thumb/v7e-m+fp/hard/crtn.o
OUTPUT(LCD.elf elf32-littlearm)
LOAD linker stubs
LOAD C:/ST/STM32CubeIDE_1.17.0/STM32CubeIDE/plugins/com.st.stm32cube.ide.mcu.externaltools.gnu-tools-for-stm32.12.3.rel1.win32_1.1.0.202410251130/tools/bin/../lib/gcc/arm-none-eabi/12.3.1/../../../../arm-none-eabi/lib/thumb/v7e-m+fp/hard\libc.a
LOAD C:/ST/STM32CubeIDE_1.17.0/STM32CubeIDE/plugins/com.st.stm32cube.ide.mcu.externaltools.gnu-tools-for-stm32.12.3.rel1.win32_1.1.0.202410251130/tools/bin/../lib/gcc/arm-none-eabi/12.3.1/../../../../arm-none-eabi/lib/thumb/v7e-m+fp/hard\libm.a
LOAD C:/ST/STM32CubeIDE_1.17.0/STM32CubeIDE/plugins/com.st.stm32cube.ide.mcu.externaltools.gnu-tools-for-stm32.12.3.rel1.win32_1.1.0.202410251130/tools/bin/../lib/gcc/arm-none-eabi/12.3.1/thumb/v7e-m+fp/hard\libgcc.a

.debug_info     0x00000000     0xd283
 .debug_info    0x00000000      0x819 ./Core/Src/HC_SR04.o
 .debug_info    0x00000819     0x12ba ./Core/Src/main.o
 .debug_info    0x00001ad3      0xfce ./Core/Src/stm32f4xx_hal_msp.o
 .debug_info    0x00002aa1      0x6e1 ./Core/Src/stm32f4xx_it.o
 .debug_info    0x00003182      0x52e ./Core/Src/system_stm32f4xx.o
 .debug_info    0x000036b0       0x30 ./Core/Startup/startup_stm32f429zitx.o
 .debug_info    0x000036e0      0x9ba ./Drivers/STM32F4xx_HAL_Driver/Src/stm32f4xx_hal.o
 .debug_info    0x0000409a      0xdc2 ./Drivers/STM32F4xx_HAL_Driver/Src/stm32f4xx_hal_cortex.o
 .debug_info    0x00004e5c      0x6db ./Drivers/STM32F4xx_HAL_Driver/Src/stm32f4xx_hal_gpio.o
 .debug_info    0x00005537      0x6be ./Drivers/STM32F4xx_HAL_Driver/Src/stm32f4xx_hal_pwr_ex.o
 .debug_info    0x00005bf5      0x8c7 ./Drivers/STM32F4xx_HAL_Driver/Src/stm32f4xx_hal_rcc.o
 .debug_info    0x000064bc     0x299d ./Drivers/STM32F4xx_HAL_Driver/Src/stm32f4xx_hal_tim.o
 .debug_info    0x00008e59     0x14db ./Drivers/STM32F4xx_HAL_Driver/Src/stm32f4xx_hal_tim_ex.o
 .debug_info    0x0000a334     0x2f4f ./Drivers/STM32F4xx_HAL_Driver/Src/stm32f4xx_hal_uart.o

.debug_abbrev   0x00000000     0x1cfa
 .debug_abbrev  0x00000000      0x1de ./Core/Src/HC_SR04.o
 .debug_abbrev  0x000001de      0x2da ./Core/Src/main.o
 .debug_abbrev  0x000004b8      0x1de ./Core/Src/stm32f4xx_hal_msp.o
 .debug_abbrev  0x00000696      0x192 ./Core/Src/stm32f4xx_it.o
 .debug_abbrev  0x00000828      0x11a ./Core/Src/system_stm32f4xx.o
 .debug_abbrev  0x00000942       0x24 ./Core/Startup/startup_stm32f429zitx.o
 .debug_abbrev  0x00000966      0x214 ./Drivers/STM32F4xx_HAL_Driver/Src/stm32f4xx_hal.o
 .debug_abbrev  0x00000b7a      0x31d ./Drivers/STM32F4xx_HAL_Driver/Src/stm32f4xx_hal_cortex.o
 .debug_abbrev  0x00000e97      0x1d4 ./Drivers/STM32F4xx_HAL_Driver/Src/stm32f4xx_hal_gpio.o
 .debug_abbrev  0x0000106b      0x1cf ./Drivers/STM32F4xx_HAL_Driver/Src/stm32f4xx_hal_pwr_ex.o
 .debug_abbrev  0x0000123a      0x2b7 ./Drivers/STM32F4xx_HAL_Driver/Src/stm32f4xx_hal_rcc.o
 .debug_abbrev  0x000014f1      0x278 ./Drivers/STM32F4xx_HAL_Driver/Src/stm32f4xx_hal_tim.o
 .debug_abbrev  0x00001769      0x283 ./Drivers/STM32F4xx_HAL_Driver/Src/stm32f4xx_hal_tim_ex.o
 .debug_abbrev  0x000019ec      0x30e ./Drivers/STM32F4xx_HAL_Driver/Src/stm32f4xx_hal_uart.o

.debug_aranges  0x00000000      0xc48
 .debug_aranges
                0x00000000       0x30 ./Core/Src/HC_SR04.o
 .debug_aranges
                0x00000030       0x70 ./Core/Src/main.o
 .debug_aranges
                0x000000a0       0x40 ./Core/Src/stm32f4xx_hal_msp.o
 .debug_aranges
                0x000000e0       0x68 ./Core/Src/stm32f4xx_it.o
 .debug_aranges
                0x00000148       0x28 ./Core/Src/system_stm32f4xx.o
 .debug_aranges
                0x00000170       0x28 ./Core/Startup/startup_stm32f429zitx.o
 .debug_aranges
                0x00000198      0x100 ./Drivers/STM32F4xx_HAL_Driver/Src/stm32f4xx_hal.o
 .debug_aranges
                0x00000298      0x130 ./Drivers/STM32F4xx_HAL_Driver/Src/stm32f4xx_hal_cortex.o
 .debug_aranges
                0x000003c8       0x58 ./Drivers/STM32F4xx_HAL_Driver/Src/stm32f4xx_hal_gpio.o
 .debug_aranges
                0x00000420       0x60 ./Drivers/STM32F4xx_HAL_Driver/Src/stm32f4xx_hal_pwr_ex.o
 .debug_aranges
                0x00000480       0x88 ./Drivers/STM32F4xx_HAL_Driver/Src/stm32f4xx_hal_rcc.o
 .debug_aranges
                0x00000508      0x3d0 ./Drivers/STM32F4xx_HAL_Driver/Src/stm32f4xx_hal_tim.o
 .debug_aranges
                0x000008d8      0x168 ./Drivers/STM32F4xx_HAL_Driver/Src/stm32f4xx_hal_tim_ex.o
 .debug_aranges
                0x00000a40      0x208 ./Drivers/STM32F4xx_HAL_Driver/Src/stm32f4xx_hal_uart.o

.debug_rnglists
                0x00000000      0x9a1
 .debug_rnglists
                0x00000000       0x20 ./Core/Src/HC_SR04.o
 .debug_rnglists
                0x00000020       0x56 ./Core/Src/main.o
 .debug_rnglists
                0x00000076       0x2d ./Core/Src/stm32f4xx_hal_msp.o
 .debug_rnglists
                0x000000a3       0x49 ./Core/Src/stm32f4xx_it.o
 .debug_rnglists
                0x000000ec       0x1a ./Core/Src/system_stm32f4xx.o
 .debug_rnglists
                0x00000106       0x19 ./Core/Startup/startup_stm32f429zitx.o
 .debug_rnglists
                0x0000011f       0xbb ./Drivers/STM32F4xx_HAL_Driver/Src/stm32f4xx_hal.o
 .debug_rnglists
                0x000001da       0xe0 ./Drivers/STM32F4xx_HAL_Driver/Src/stm32f4xx_hal_cortex.o
 .debug_rnglists
                0x000002ba       0x3f ./Drivers/STM32F4xx_HAL_Driver/Src/stm32f4xx_hal_gpio.o
 .debug_rnglists
                0x000002f9       0x47 ./Drivers/STM32F4xx_HAL_Driver/Src/stm32f4xx_hal_pwr_ex.o
 .debug_rnglists
                0x00000340       0x66 ./Drivers/STM32F4xx_HAL_Driver/Src/stm32f4xx_hal_rcc.o
 .debug_rnglists
                0x000003a6      0x31a ./Drivers/STM32F4xx_HAL_Driver/Src/stm32f4xx_hal_tim.o
 .debug_rnglists
                0x000006c0      0x125 ./Drivers/STM32F4xx_HAL_Driver/Src/stm32f4xx_hal_tim_ex.o
 .debug_rnglists
                0x000007e5      0x1bc ./Drivers/STM32F4xx_HAL_Driver/Src/stm32f4xx_hal_uart.o

.debug_macro    0x00000000    0x22fad
 .debug_macro   0x00000000      0x1e4 ./Core/Src/HC_SR04.o
 .debug_macro   0x000001e4      0xab4 ./Core/Src/HC_SR04.o
 .debug_macro   0x00000c98      0x29b ./Core/Src/HC_SR04.o
 .debug_macro   0x00000f33       0x2e ./Core/Src/HC_SR04.o
 .debug_macro   0x00000f61       0x28 ./Core/Src/HC_SR04.o
 .debug_macro   0x00000f89       0x22 ./Core/Src/HC_SR04.o
 .debug_macro   0x00000fab       0x8e ./Core/Src/HC_SR04.o
 .debug_macro   0x00001039       0x51 ./Core/Src/HC_SR04.o
 .debug_macro   0x0000108a      0x103 ./Core/Src/HC_SR04.o
 .debug_macro   0x0000118d       0x6a ./Core/Src/HC_SR04.o
 .debug_macro   0x000011f7      0x1df ./Core/Src/HC_SR04.o
 .debug_macro   0x000013d6       0x1c ./Core/Src/HC_SR04.o
 .debug_macro   0x000013f2       0x22 ./Core/Src/HC_SR04.o
 .debug_macro   0x00001414       0xfb ./Core/Src/HC_SR04.o
 .debug_macro   0x0000150f     0x1011 ./Core/Src/HC_SR04.o
 .debug_macro   0x00002520      0x11f ./Core/Src/HC_SR04.o
 .debug_macro   0x0000263f    0x17fd8 ./Core/Src/HC_SR04.o
 .debug_macro   0x0001a617       0x6d ./Core/Src/HC_SR04.o
 .debug_macro   0x0001a684     0x3711 ./Core/Src/HC_SR04.o
 .debug_macro   0x0001dd95      0x189 ./Core/Src/HC_SR04.o
 .debug_macro   0x0001df1e       0x5c ./Core/Src/HC_SR04.o
 .debug_macro   0x0001df7a      0xcba ./Core/Src/HC_SR04.o
 .debug_macro   0x0001ec34      0x9e9 ./Core/Src/HC_SR04.o
 .debug_macro   0x0001f61d      0x115 ./Core/Src/HC_SR04.o
 .debug_macro   0x0001f732      0x156 ./Core/Src/HC_SR04.o
 .debug_macro   0x0001f888       0xa5 ./Core/Src/HC_SR04.o
 .debug_macro   0x0001f92d      0x182 ./Core/Src/HC_SR04.o
 .debug_macro   0x0001faaf      0x287 ./Core/Src/HC_SR04.o
 .debug_macro   0x0001fd36       0x5f ./Core/Src/HC_SR04.o
 .debug_macro   0x0001fd95      0x236 ./Core/Src/HC_SR04.o
 .debug_macro   0x0001ffcb      0x132 ./Core/Src/HC_SR04.o
 .debug_macro   0x000200fd      0x41d ./Core/Src/HC_SR04.o
 .debug_macro   0x0002051a       0x2e ./Core/Src/HC_SR04.o
 .debug_macro   0x00020548      0x127 ./Core/Src/HC_SR04.o
 .debug_macro   0x0002066f       0xe2 ./Core/Src/HC_SR04.o
 .debug_macro   0x00020751       0x89 ./Core/Src/HC_SR04.o
 .debug_macro   0x000207da      0x8ed ./Core/Src/HC_SR04.o
 .debug_macro   0x000210c7       0x4d ./Core/Src/HC_SR04.o
 .debug_macro   0x00021114      0x2aa ./Core/Src/HC_SR04.o
 .debug_macro   0x000213be      0x134 ./Core/Src/HC_SR04.o
 .debug_macro   0x000214f2      0x1e7 ./Core/Src/main.o
 .debug_macro   0x000216d9      0x42e ./Core/Src/main.o
 .debug_macro   0x00021b07      0x1dd ./Core/Src/stm32f4xx_hal_msp.o
 .debug_macro   0x00021ce4      0x1e7 ./Core/Src/stm32f4xx_it.o
 .debug_macro   0x00021ecb      0x1ce ./Core/Src/system_stm32f4xx.o
 .debug_macro   0x00022099      0x22e ./Drivers/STM32F4xx_HAL_Driver/Src/stm32f4xx_hal.o
 .debug_macro   0x000222c7      0x1ce ./Drivers/STM32F4xx_HAL_Driver/Src/stm32f4xx_hal_cortex.o
 .debug_macro   0x00022495      0x1d4 ./Drivers/STM32F4xx_HAL_Driver/Src/stm32f4xx_hal_gpio.o
 .debug_macro   0x00022669      0x1e6 ./Drivers/STM32F4xx_HAL_Driver/Src/stm32f4xx_hal_pwr_ex.o
 .debug_macro   0x0002284f      0x1f2 ./Drivers/STM32F4xx_HAL_Driver/Src/stm32f4xx_hal_rcc.o
 .debug_macro   0x00022a41      0x1cf ./Drivers/STM32F4xx_HAL_Driver/Src/stm32f4xx_hal_tim.o
 .debug_macro   0x00022c10      0x1ce ./Drivers/STM32F4xx_HAL_Driver/Src/stm32f4xx_hal_tim_ex.o
 .debug_macro   0x00022dde      0x1cf ./Drivers/STM32F4xx_HAL_Driver/Src/stm32f4xx_hal_uart.o

.debug_line     0x00000000     0xe1e0
 .debug_line    0x00000000      0x7d6 ./Core/Src/HC_SR04.o
 .debug_line    0x000007d6      0xc44 ./Core/Src/main.o
 .debug_line    0x0000141a      0x804 ./Core/Src/stm32f4xx_hal_msp.o
 .debug_line    0x00001c1e      0x821 ./Core/Src/stm32f4xx_it.o
 .debug_line    0x0000243f      0x7cb ./Core/Src/system_stm32f4xx.o
 .debug_line    0x00002c0a       0x7a ./Core/Startup/startup_stm32f429zitx.o
 .debug_line    0x00002c84      0xa62 ./Drivers/STM32F4xx_HAL_Driver/Src/stm32f4xx_hal.o
 .debug_line    0x000036e6      0xd1e ./Drivers/STM32F4xx_HAL_Driver/Src/stm32f4xx_hal_cortex.o
 .debug_line    0x00004404      0xbe0 ./Drivers/STM32F4xx_HAL_Driver/Src/stm32f4xx_hal_gpio.o
 .debug_line    0x00004fe4      0x955 ./Drivers/STM32F4xx_HAL_Driver/Src/stm32f4xx_hal_pwr_ex.o
 .debug_line    0x00005939      0xdb7 ./Drivers/STM32F4xx_HAL_Driver/Src/stm32f4xx_hal_rcc.o
 .debug_line    0x000066f0     0x37d0 ./Drivers/STM32F4xx_HAL_Driver/Src/stm32f4xx_hal_tim.o
 .debug_line    0x00009ec0     0x1a22 ./Drivers/STM32F4xx_HAL_Driver/Src/stm32f4xx_hal_tim_ex.o
 .debug_line    0x0000b8e2     0x28fe ./Drivers/STM32F4xx_HAL_Driver/Src/stm32f4xx_hal_uart.o

.debug_str      0x00000000    0xd733c
 .debug_str     0x00000000    0xd2fe0 ./Core/Src/HC_SR04.o
                              0xd32f5 (size before relaxing)
 .debug_str     0x000d2fe0     0x148d ./Core/Src/main.o
                              0xd473c (size before relaxing)
 .debug_str     0x000d446d      0x63e ./Core/Src/stm32f4xx_hal_msp.o
                              0xd491c (size before relaxing)
 .debug_str     0x000d4aab       0xef ./Core/Src/stm32f4xx_it.o
                              0xd4011 (size before relaxing)
 .debug_str     0x000d4b9a       0xdb ./Core/Src/system_stm32f4xx.o
                              0xd2e63 (size before relaxing)
 .debug_str     0x000d4c75       0x5c ./Core/Startup/startup_stm32f429zitx.o
 .debug_str     0x000d4cd1      0x62b ./Drivers/STM32F4xx_HAL_Driver/Src/stm32f4xx_hal.o
                              0xd3a6a (size before relaxing)
 .debug_str     0x000d52fc      0x36b ./Drivers/STM32F4xx_HAL_Driver/Src/stm32f4xx_hal_cortex.o
                              0xd3798 (size before relaxing)
 .debug_str     0x000d5667      0x121 ./Drivers/STM32F4xx_HAL_Driver/Src/stm32f4xx_hal_gpio.o
                              0xd2fc2 (size before relaxing)
 .debug_str     0x000d5788      0x135 ./Drivers/STM32F4xx_HAL_Driver/Src/stm32f4xx_hal_pwr_ex.o
                              0xd301f (size before relaxing)
 .debug_str     0x000d58bd      0x233 ./Drivers/STM32F4xx_HAL_Driver/Src/stm32f4xx_hal_rcc.o
                              0xd327b (size before relaxing)
 .debug_str     0x000d5af0      0xd83 ./Drivers/STM32F4xx_HAL_Driver/Src/stm32f4xx_hal_tim.o
                              0xd41be (size before relaxing)
 .debug_str     0x000d6873      0x493 ./Drivers/STM32F4xx_HAL_Driver/Src/stm32f4xx_hal_tim_ex.o
                              0xd39ca (size before relaxing)
 .debug_str     0x000d6d06      0x636 ./Drivers/STM32F4xx_HAL_Driver/Src/stm32f4xx_hal_uart.o
                              0xd3849 (size before relaxing)

.comment        0x00000000       0x43
 .comment       0x00000000       0x43 ./Core/Src/HC_SR04.o
                                 0x44 (size before relaxing)
 .comment       0x00000043       0x44 ./Core/Src/main.o
 .comment       0x00000043       0x44 ./Core/Src/stm32f4xx_hal_msp.o
 .comment       0x00000043       0x44 ./Core/Src/stm32f4xx_it.o
 .comment       0x00000043       0x44 ./Core/Src/system_stm32f4xx.o
 .comment       0x00000043       0x44 ./Drivers/STM32F4xx_HAL_Driver/Src/stm32f4xx_hal.o
 .comment       0x00000043       0x44 ./Drivers/STM32F4xx_HAL_Driver/Src/stm32f4xx_hal_cortex.o
 .comment       0x00000043       0x44 ./Drivers/STM32F4xx_HAL_Driver/Src/stm32f4xx_hal_gpio.o
 .comment       0x00000043       0x44 ./Drivers/STM32F4xx_HAL_Driver/Src/stm32f4xx_hal_pwr_ex.o
 .comment       0x00000043       0x44 ./Drivers/STM32F4xx_HAL_Driver/Src/stm32f4xx_hal_rcc.o
 .comment       0x00000043       0x44 ./Drivers/STM32F4xx_HAL_Driver/Src/stm32f4xx_hal_tim.o
 .comment       0x00000043       0x44 ./Drivers/STM32F4xx_HAL_Driver/Src/stm32f4xx_hal_tim_ex.o
 .comment       0x00000043       0x44 ./Drivers/STM32F4xx_HAL_Driver/Src/stm32f4xx_hal_uart.o

.debug_frame    0x00000000     0x3494
 .debug_frame   0x00000000       0x78 ./Core/Src/HC_SR04.o
 .debug_frame   0x00000078      0x180 ./Core/Src/main.o
 .debug_frame   0x000001f8       0xc4 ./Core/Src/stm32f4xx_hal_msp.o
 .debug_frame   0x000002bc      0x120 ./Core/Src/stm32f4xx_it.o
 .debug_frame   0x000003dc       0x58 ./Core/Src/system_stm32f4xx.o
 .debug_frame   0x00000434      0x3b4 ./Drivers/STM32F4xx_HAL_Driver/Src/stm32f4xx_hal.o
 .debug_frame   0x000007e8      0x508 ./Drivers/STM32F4xx_HAL_Driver/Src/stm32f4xx_hal_cortex.o
 .debug_frame   0x00000cf0      0x14c ./Drivers/STM32F4xx_HAL_Driver/Src/stm32f4xx_hal_gpio.o
 .debug_frame   0x00000e3c      0x14c ./Drivers/STM32F4xx_HAL_Driver/Src/stm32f4xx_hal_pwr_ex.o
 .debug_frame   0x00000f88      0x1f4 ./Drivers/STM32F4xx_HAL_Driver/Src/stm32f4xx_hal_rcc.o
 .debug_frame   0x0000117c     0x11c0 ./Drivers/STM32F4xx_HAL_Driver/Src/stm32f4xx_hal_tim.o
 .debug_frame   0x0000233c      0x638 ./Drivers/STM32F4xx_HAL_Driver/Src/stm32f4xx_hal_tim_ex.o
 .debug_frame   0x00002974      0x954 ./Drivers/STM32F4xx_HAL_Driver/Src/stm32f4xx_hal_uart.o
 .debug_frame   0x000032c8       0x20 C:/ST/STM32CubeIDE_1.17.0/STM32CubeIDE/plugins/com.st.stm32cube.ide.mcu.externaltools.gnu-tools-for-stm32.12.3.rel1.win32_1.1.0.202410251130/tools/bin/../lib/gcc/arm-none-eabi/12.3.1/../../../../arm-none-eabi/lib/thumb/v7e-m+fp/hard\libc_nano.a(libc_a-memset.o)
 .debug_frame   0x000032e8       0x2c C:/ST/STM32CubeIDE_1.17.0/STM32CubeIDE/plugins/com.st.stm32cube.ide.mcu.externaltools.gnu-tools-for-stm32.12.3.rel1.win32_1.1.0.202410251130/tools/bin/../lib/gcc/arm-none-eabi/12.3.1/../../../../arm-none-eabi/lib/thumb/v7e-m+fp/hard\libc_nano.a(libc_a-init.o)
 .debug_frame   0x00003314       0xac C:/ST/STM32CubeIDE_1.17.0/STM32CubeIDE/plugins/com.st.stm32cube.ide.mcu.externaltools.gnu-tools-for-stm32.12.3.rel1.win32_1.1.0.202410251130/tools/bin/../lib/gcc/arm-none-eabi/12.3.1/thumb/v7e-m+fp/hard\libgcc.a(_arm_addsubdf3.o)
 .debug_frame   0x000033c0       0x50 C:/ST/STM32CubeIDE_1.17.0/STM32CubeIDE/plugins/com.st.stm32cube.ide.mcu.externaltools.gnu-tools-for-stm32.12.3.rel1.win32_1.1.0.202410251130/tools/bin/../lib/gcc/arm-none-eabi/12.3.1/thumb/v7e-m+fp/hard\libgcc.a(_arm_muldivdf3.o)
 .debug_frame   0x00003410       0x24 C:/ST/STM32CubeIDE_1.17.0/STM32CubeIDE/plugins/com.st.stm32cube.ide.mcu.externaltools.gnu-tools-for-stm32.12.3.rel1.win32_1.1.0.202410251130/tools/bin/../lib/gcc/arm-none-eabi/12.3.1/thumb/v7e-m+fp/hard\libgcc.a(_arm_fixunsdfsi.o)
 .debug_frame   0x00003434       0x2c C:/ST/STM32CubeIDE_1.17.0/STM32CubeIDE/plugins/com.st.stm32cube.ide.mcu.externaltools.gnu-tools-for-stm32.12.3.rel1.win32_1.1.0.202410251130/tools/bin/../lib/gcc/arm-none-eabi/12.3.1/thumb/v7e-m+fp/hard\libgcc.a(_aeabi_uldivmod.o)
 .debug_frame   0x00003460       0x34 C:/ST/STM32CubeIDE_1.17.0/STM32CubeIDE/plugins/com.st.stm32cube.ide.mcu.externaltools.gnu-tools-for-stm32.12.3.rel1.win32_1.1.0.202410251130/tools/bin/../lib/gcc/arm-none-eabi/12.3.1/thumb/v7e-m+fp/hard\libgcc.a(_udivmoddi4.o)

.debug_line_str
                0x00000000       0x40
 .debug_line_str
                0x00000000       0x40 ./Core/Startup/startup_stm32f429zitx.o
