2025-06-16 00:24:43,716 [INFO] Activator:176 - 


2025-06-16 00:24:43,726 [INFO] Activator:177 - !SESSION log4j initialized
2025-06-16 00:25:15,054 [INFO] LogOutputStream:77 - [STDOUT_REDIRECT] 
2025-06-16 00:25:37,936 [INFO] ApplicationProperties:184 - Using Application install path: C:\ST\STM32CubeIDE_1.17.0\STM32CubeIDE\plugins\com.st.stm32cube.common.mx_6.14.1.202504091515
2025-06-16 00:25:37,996 [INFO] DbMcusXml:78 - Set database path to: C:\ST\STM32CubeIDE_1.17.0\STM32CubeIDE\plugins\com.st.stm32cube.common.mx_6.14.1.202504091515\\db\/mcu/
2025-06-16 00:25:37,996 [INFO] ApiDb:274 - Set plugin database path to: C:\ST\STM32CubeIDE_1.17.0\STM32CubeIDE\plugins\com.st.stm32cube.common.mx_6.14.1.202504091515\\db\/plugins/boardmanager/
2025-06-16 00:25:37,997 [WARN] ApiDb:259 - Overriding images path with different value:  => C:\ST\STM32CubeIDE_1.17.0\STM32CubeIDE\plugins\com.st.stm32cube.common.mx_6.14.1.202504091515\\db\/plugins/mcufinder/images/
2025-06-16 00:25:38,021 [INFO] ApiDb:250 - Set database path to: C:\Users\HP\.stmcufinder\plugins\mcufinder//mcu/
2025-06-16 00:25:38,024 [INFO] DbMcusAds:125 - Set database path to: C:\Users\HP\.stmcufinder\plugins\mcufinder//mcu/
2025-06-16 00:25:38,069 [INFO] CrossReferenceDbSqlite:203 - Set database path to: C:\Users\HP\.stmcufinder\plugins\mcufinder//mcu/cs/
2025-06-16 00:25:38,563 [INFO] RulesReader:64 - Compatibility file has been processed (302 Rules)
2025-06-16 00:25:38,873 [INFO] DbMcusXml:78 - Set database path to: C:\ST\STM32CubeIDE_1.17.0\STM32CubeIDE\plugins\com.st.stm32cube.common.mx_6.14.1.202504091515\\db\/mcu/
2025-06-16 00:25:38,873 [INFO] ApiDb:274 - Set plugin database path to: C:\ST\STM32CubeIDE_1.17.0\STM32CubeIDE\plugins\com.st.stm32cube.common.mx_6.14.1.202504091515\\db\/plugins/boardmanager/
2025-06-16 00:25:38,874 [INFO] ApiDb:261 - Set plugin images path to: C:\ST\STM32CubeIDE_1.17.0\STM32CubeIDE\plugins\com.st.stm32cube.common.mx_6.14.1.202504091515\\db\/plugins/mcufinder/images/
2025-06-16 00:25:38,874 [WARN] DbFile:41 - Overriding database path with different value: C:\Users\HP\.stmcufinder\plugins\mcufinder/ => C:\Users\HP\.stmcufinder\plugins\mcufinder
2025-06-16 00:25:38,874 [INFO] ApiDb:250 - Set database path to: C:\Users\HP\.stmcufinder\plugins\mcufinder//mcu/
2025-06-16 00:25:38,875 [WARN] DbFile:41 - Overriding database path with different value: C:\Users\HP\.stmcufinder\plugins\mcufinder/ => C:\Users\HP\.stmcufinder\plugins\mcufinder
2025-06-16 00:25:38,875 [INFO] DbMcusAds:125 - Set database path to: C:\Users\HP\.stmcufinder\plugins\mcufinder//mcu/
2025-06-16 00:25:38,875 [WARN] DbFile:41 - Overriding database path with different value: C:\Users\HP\.stmcufinder\plugins\mcufinder/ => C:\Users\HP\.stmcufinder\plugins\mcufinder
2025-06-16 00:25:38,875 [WARN] DbFile:41 - Overriding database path with different value: C:\Users\HP\.stmcufinder\plugins\mcufinder/ => C:\Users\HP\.stmcufinder\plugins\mcufinder
2025-06-16 00:25:38,875 [INFO] CrossReferenceDbSqlite:203 - Set database path to: C:\Users\HP\.stmcufinder\plugins\mcufinder//mcu/cs/
2025-06-16 00:25:39,092 [INFO] MainPanel:272 - HeapMemory: 268435456
2025-06-16 00:25:39,413 [INFO] DbMcusXml:78 - Set database path to: C:\ST\STM32CubeIDE_1.17.0\STM32CubeIDE\plugins\com.st.stm32cube.common.mx_6.14.1.202504091515\\db\/mcu/
2025-06-16 00:25:39,414 [INFO] ApiDb:274 - Set plugin database path to: C:\ST\STM32CubeIDE_1.17.0\STM32CubeIDE\plugins\com.st.stm32cube.common.mx_6.14.1.202504091515\\db\/plugins/boardmanager/
2025-06-16 00:25:39,414 [INFO] ApiDb:261 - Set plugin images path to: C:\ST\STM32CubeIDE_1.17.0\STM32CubeIDE\plugins\com.st.stm32cube.common.mx_6.14.1.202504091515\\db\/plugins/mcufinder/images/
2025-06-16 00:25:39,415 [WARN] DbFile:41 - Overriding database path with different value: C:\Users\HP\.stmcufinder\plugins\mcufinder/ => C:\Users\HP\.stmcufinder\plugins\mcufinder
2025-06-16 00:25:39,416 [INFO] ApiDb:250 - Set database path to: C:\Users\HP\.stmcufinder\plugins\mcufinder//mcu/
2025-06-16 00:25:39,416 [WARN] DbFile:41 - Overriding database path with different value: C:\Users\HP\.stmcufinder\plugins\mcufinder/ => C:\Users\HP\.stmcufinder\plugins\mcufinder
2025-06-16 00:25:39,417 [INFO] DbMcusAds:125 - Set database path to: C:\Users\HP\.stmcufinder\plugins\mcufinder//mcu/
2025-06-16 00:25:39,417 [WARN] DbFile:41 - Overriding database path with different value: C:\Users\HP\.stmcufinder\plugins\mcufinder/ => C:\Users\HP\.stmcufinder\plugins\mcufinder
2025-06-16 00:25:39,417 [WARN] DbFile:41 - Overriding database path with different value: C:\Users\HP\.stmcufinder\plugins\mcufinder/ => C:\Users\HP\.stmcufinder\plugins\mcufinder
2025-06-16 00:25:39,419 [INFO] CrossReferenceDbSqlite:203 - Set database path to: C:\Users\HP\.stmcufinder\plugins\mcufinder//mcu/cs/
2025-06-16 00:25:39,474 [INFO] ApplicationProperties:184 - Using Application install path: C:\ST\STM32CubeIDE_1.17.0\STM32CubeIDE\plugins\com.st.stm32cube.common.mx_6.14.1.202504091515
2025-06-16 00:25:39,478 [INFO] PluginManage:196 - Search for loadable plugins [exclusion list=, ]
2025-06-16 00:25:39,481 [INFO] PluginManage:310 - Check plugin analytics
2025-06-16 00:25:40,252 [INFO] AnalyticsPlugin:253 - Accepted Software Licenses: 
2025-06-16 00:25:40,252 [INFO] AnalyticsPlugin:255 - Accepted CMSIS Pack Licenses: 
2025-06-16 00:25:40,253 [INFO] AnalyticsPlugin:257 - Accepted Firmware Licenses: FW.F4.1.28.0
2025-06-16 00:25:40,259 [INFO] PluginManage:359 - Loaded plugin analytics (category:tool,tabindex:-1)
2025-06-16 00:25:40,260 [INFO] PluginManage:310 - Check plugin cadmodel
2025-06-16 00:25:40,276 [INFO] CADModel:105 - Init CAD model plugin
2025-06-16 00:25:40,283 [INFO] PluginManage:359 - Loaded plugin cadmodel (category:power,tabindex:5)
2025-06-16 00:25:40,283 [INFO] PluginManage:310 - Check plugin clock
2025-06-16 00:25:40,313 [INFO] PluginManage:359 - Loaded plugin clock (category:base,tabindex:2)
2025-06-16 00:25:40,313 [INFO] PluginManage:310 - Check plugin ddr
2025-06-16 00:25:40,322 [INFO] PluginManage:359 - Loaded plugin ddr (category:tool,tabindex:6)
2025-06-16 00:25:40,323 [INFO] PluginManage:310 - Check plugin filemanager
2025-06-16 00:25:40,775 [INFO] PluginManage:359 - Loaded plugin filemanager (category:base,tabindex:10)
2025-06-16 00:25:40,775 [INFO] PluginManage:310 - Check plugin ipmanager
2025-06-16 00:25:40,796 [INFO] PluginManage:359 - Loaded plugin ipmanager (category:base,tabindex:5)
2025-06-16 00:25:40,797 [INFO] PluginManage:310 - Check plugin lpbam
2025-06-16 00:25:40,816 [INFO] PluginManage:359 - Loaded plugin lpbam (category:base,tabindex:0)
2025-06-16 00:25:40,816 [INFO] PluginManage:310 - Check plugin memorymap
2025-06-16 00:25:40,856 [INFO] PluginManage:359 - Loaded plugin memorymap (category:base,tabindex:4)
2025-06-16 00:25:40,856 [INFO] PluginManage:310 - Check plugin pinoutandconfiguration
2025-06-16 00:25:40,883 [INFO] PluginManage:359 - Loaded plugin pinoutandconfiguration (category:base,tabindex:1)
2025-06-16 00:25:40,883 [INFO] PluginManage:310 - Check plugin pinoutconfig
2025-06-16 00:25:41,230 [WARN] SupportedApi:132 - Cannot load RTOS API schema: s4s-elt-must-match.1: The content of 'definitions' must match (annotation?, (simpleType | complexType)?, (unique | key | keyref)*)). A problem was found starting at: attribute.
2025-06-16 00:25:41,693 [INFO] PluginManage:359 - Loaded plugin pinoutconfig (category:base,tabindex:0)
2025-06-16 00:25:41,693 [INFO] PluginManage:310 - Check plugin power
2025-06-16 00:25:41,724 [INFO] PluginManage:359 - Loaded plugin power (category:power,tabindex:4)
2025-06-16 00:25:41,725 [INFO] PluginManage:310 - Check plugin projectmanager
2025-06-16 00:25:41,773 [INFO] PluginManage:359 - Loaded plugin projectmanager (category:projectmanager,tabindex:4)
2025-06-16 00:25:41,773 [INFO] PluginManage:310 - Check plugin rif
2025-06-16 00:25:41,793 [INFO] PluginManage:359 - Loaded plugin rif (category:base,tabindex:3)
2025-06-16 00:25:41,793 [INFO] PluginManage:310 - Check plugin thirdparty
2025-06-16 00:25:42,306 [INFO] PluginManage:359 - Loaded plugin thirdparty (category:base,tabindex:-1)
2025-06-16 00:25:42,307 [INFO] PluginManage:310 - Check plugin tools
2025-06-16 00:25:42,319 [INFO] PluginManage:359 - Loaded plugin tools (category:base,tabindex:7)
2025-06-16 00:25:42,320 [INFO] PluginManage:310 - Check plugin tutovideos
2025-06-16 00:25:42,327 [WARN] IntegrityCheckThread:84 - waiting for thirdparty lock release [integrity check]
2025-06-16 00:25:42,328 [INFO] IntegrityCheckThread:86 - entering critical section [integrity check]
2025-06-16 00:25:42,330 [INFO] ThirdPartyUpdaterWithRetryManager:70 - Updater plugin not ready yet. [1/15]
2025-06-16 00:25:43,344 [INFO] PluginManage:359 - Loaded plugin tutovideos (category:base,tabindex:-1)
2025-06-16 00:25:43,344 [INFO] PluginManage:310 - Check plugin updater
2025-06-16 00:25:43,599 [INFO] PluginManage:359 - Loaded plugin updater (category:base,tabindex:12)
2025-06-16 00:25:43,600 [INFO] PluginManage:310 - Check plugin userauth
2025-06-16 00:25:43,619 [INFO] UserAuth:118 - Init User Auth plugin
2025-06-16 00:25:43,620 [INFO] PluginManage:359 - Loaded plugin userauth (category:base,tabindex:14)
2025-06-16 00:25:43,623 [INFO] PluginManage:283 - PluginManage : Loaded plugins [18]
2025-06-16 00:25:45,000 [INFO] PinOutPanel:1589 - setPackage(No Configuration,No Configuration)
2025-06-16 00:25:45,296 [INFO] CADModel:165 - CPN selected for project level
2025-06-16 00:25:45,296 [INFO] CADModel:114 - Register for checkConnection events
2025-06-16 00:25:45,346 [INFO] IPUIPlugin:80 - create IPUIPlugin
2025-06-16 00:25:45,347 [INFO] PluginManager:220 - loadIPPluginJar : add adc
2025-06-16 00:25:45,357 [INFO] IPUIPlugin:80 - create IPUIPlugin
2025-06-16 00:25:45,358 [INFO] PluginManager:220 - loadIPPluginJar : add aes
2025-06-16 00:25:45,360 [INFO] ThirdPartyUpdaterWithRetryManager:70 - Updater plugin not ready yet. [2/15]
2025-06-16 00:25:45,376 [INFO] IPUIPlugin:80 - create IPUIPlugin
2025-06-16 00:25:45,376 [INFO] PluginManager:220 - loadIPPluginJar : add can
2025-06-16 00:25:45,380 [INFO] IPUIPlugin:80 - create IPUIPlugin
2025-06-16 00:25:45,380 [INFO] PluginManager:220 - loadIPPluginJar : add comp
2025-06-16 00:25:45,387 [INFO] IPUIPlugin:80 - create IPUIPlugin
2025-06-16 00:25:45,388 [INFO] PluginManager:220 - loadIPPluginJar : add cryp
2025-06-16 00:25:45,394 [INFO] IPUIPlugin:80 - create IPUIPlugin
2025-06-16 00:25:45,394 [INFO] PluginManager:220 - loadIPPluginJar : add ddr_ctrl_phy
2025-06-16 00:25:45,403 [INFO] IPUIPlugin:80 - create IPUIPlugin
2025-06-16 00:25:45,403 [INFO] PluginManager:220 - loadIPPluginJar : add dfsdm
2025-06-16 00:25:45,428 [INFO] IPUIPlugin:80 - create IPUIPlugin
2025-06-16 00:25:45,430 [INFO] PluginManager:220 - loadIPPluginJar : add dma
2025-06-16 00:25:45,444 [INFO] IPUIPlugin:80 - create IPUIPlugin
2025-06-16 00:25:45,445 [INFO] PluginManager:220 - loadIPPluginJar : add dma3
2025-06-16 00:25:45,452 [INFO] IPUIPlugin:80 - create IPUIPlugin
2025-06-16 00:25:45,453 [INFO] PluginManager:220 - loadIPPluginJar : add extmemmanager
2025-06-16 00:25:45,460 [INFO] IPUIPlugin:80 - create IPUIPlugin
2025-06-16 00:25:45,461 [INFO] PluginManager:220 - loadIPPluginJar : add fatfs
2025-06-16 00:25:45,479 [INFO] IPUIPlugin:80 - create IPUIPlugin
2025-06-16 00:25:45,479 [INFO] PluginManager:220 - loadIPPluginJar : add fmc
2025-06-16 00:25:45,499 [INFO] IPUIPlugin:80 - create IPUIPlugin
2025-06-16 00:25:45,499 [INFO] PluginManager:220 - loadIPPluginJar : add freertos
2025-06-16 00:25:45,503 [INFO] IPUIPlugin:80 - create IPUIPlugin
2025-06-16 00:25:45,504 [INFO] PluginManager:220 - loadIPPluginJar : add genericplugin
2025-06-16 00:25:45,509 [INFO] IPUIPlugin:80 - create IPUIPlugin
2025-06-16 00:25:45,509 [INFO] PluginManager:220 - loadIPPluginJar : add gfxmmu
2025-06-16 00:25:45,523 [INFO] IPUIPlugin:80 - create IPUIPlugin
2025-06-16 00:25:45,523 [INFO] PluginManager:220 - loadIPPluginJar : add gic
2025-06-16 00:25:45,540 [INFO] IPUIPlugin:80 - create IPUIPlugin
2025-06-16 00:25:45,540 [INFO] PluginManager:220 - loadIPPluginJar : add gpio
2025-06-16 00:25:45,556 [INFO] IPUIPlugin:80 - create IPUIPlugin
2025-06-16 00:25:45,556 [INFO] PluginManager:220 - loadIPPluginJar : add gtzc
2025-06-16 00:25:45,576 [INFO] IPUIPlugin:80 - create IPUIPlugin
2025-06-16 00:25:45,576 [INFO] PluginManager:220 - loadIPPluginJar : add hash
2025-06-16 00:25:45,591 [INFO] IPUIPlugin:80 - create IPUIPlugin
2025-06-16 00:25:45,592 [INFO] PluginManager:220 - loadIPPluginJar : add i2c
2025-06-16 00:25:45,604 [INFO] IPUIPlugin:80 - create IPUIPlugin
2025-06-16 00:25:45,605 [INFO] PluginManager:220 - loadIPPluginJar : add i2s
2025-06-16 00:25:45,615 [INFO] IPUIPlugin:80 - create IPUIPlugin
2025-06-16 00:25:45,616 [INFO] PluginManager:220 - loadIPPluginJar : add i3c
2025-06-16 00:25:45,629 [INFO] IPUIPlugin:80 - create IPUIPlugin
2025-06-16 00:25:45,629 [INFO] PluginManager:220 - loadIPPluginJar : add ipddr
2025-06-16 00:25:45,646 [INFO] IPUIPlugin:80 - create IPUIPlugin
2025-06-16 00:25:45,671 [INFO] PluginManager:220 - loadIPPluginJar : add linkedlist
2025-06-16 00:25:45,683 [INFO] IPUIPlugin:80 - create IPUIPlugin
2025-06-16 00:25:45,684 [INFO] PluginManager:220 - loadIPPluginJar : add lorawan
2025-06-16 00:25:45,694 [INFO] IPUIPlugin:80 - create IPUIPlugin
2025-06-16 00:25:45,695 [INFO] PluginManager:220 - loadIPPluginJar : add ltdc
2025-06-16 00:25:45,714 [INFO] IPUIPlugin:80 - create IPUIPlugin
2025-06-16 00:25:45,714 [INFO] PluginManager:220 - loadIPPluginJar : add mdma
2025-06-16 00:25:45,725 [INFO] IPUIPlugin:80 - create IPUIPlugin
2025-06-16 00:25:45,736 [INFO] PluginManager:220 - loadIPPluginJar : add nvic
2025-06-16 00:25:45,745 [INFO] IPUIPlugin:80 - create IPUIPlugin
2025-06-16 00:25:45,746 [INFO] PluginManager:220 - loadIPPluginJar : add opamp
2025-06-16 00:25:45,764 [INFO] IPUIPlugin:80 - create IPUIPlugin
2025-06-16 00:25:45,764 [INFO] PluginManager:220 - loadIPPluginJar : add openamp
2025-06-16 00:25:45,773 [INFO] IPUIPlugin:80 - create IPUIPlugin
2025-06-16 00:25:45,773 [INFO] PluginManager:220 - loadIPPluginJar : add pdm2pcm
2025-06-16 00:25:45,811 [INFO] IPUIPlugin:80 - create IPUIPlugin
2025-06-16 00:25:45,826 [INFO] PluginManager:220 - loadIPPluginJar : add plateformsettings
2025-06-16 00:25:45,830 [INFO] IPUIPlugin:80 - create IPUIPlugin
2025-06-16 00:25:45,831 [INFO] PluginManager:220 - loadIPPluginJar : add quadspi
2025-06-16 00:25:45,836 [INFO] IPUIPlugin:80 - create IPUIPlugin
2025-06-16 00:25:45,838 [INFO] PluginManager:220 - loadIPPluginJar : add radio
2025-06-16 00:25:45,847 [INFO] IPUIPlugin:80 - create IPUIPlugin
2025-06-16 00:25:45,847 [INFO] PluginManager:220 - loadIPPluginJar : add resmgrutility
2025-06-16 00:25:45,887 [INFO] IPUIPlugin:80 - create IPUIPlugin
2025-06-16 00:25:45,888 [INFO] PluginManager:220 - loadIPPluginJar : add sai
2025-06-16 00:25:45,897 [INFO] IPUIPlugin:80 - create IPUIPlugin
2025-06-16 00:25:45,898 [INFO] PluginManager:220 - loadIPPluginJar : add spi
2025-06-16 00:25:45,915 [INFO] IPUIPlugin:80 - create IPUIPlugin
2025-06-16 00:25:45,915 [INFO] PluginManager:220 - loadIPPluginJar : add stm32_wpan
2025-06-16 00:25:45,922 [INFO] IPUIPlugin:80 - create IPUIPlugin
2025-06-16 00:25:45,924 [INFO] PluginManager:220 - loadIPPluginJar : add tim
2025-06-16 00:25:45,999 [INFO] IPUIPlugin:80 - create IPUIPlugin
2025-06-16 00:25:45,999 [INFO] PluginManager:220 - loadIPPluginJar : add touchsensing
2025-06-16 00:25:46,013 [INFO] IPUIPlugin:80 - create IPUIPlugin
2025-06-16 00:25:46,013 [INFO] PluginManager:220 - loadIPPluginJar : add tracer_emb
2025-06-16 00:25:46,022 [INFO] IPUIPlugin:80 - create IPUIPlugin
2025-06-16 00:25:46,023 [INFO] PluginManager:220 - loadIPPluginJar : add ts
2025-06-16 00:25:46,029 [INFO] IPUIPlugin:80 - create IPUIPlugin
2025-06-16 00:25:46,029 [INFO] PluginManager:220 - loadIPPluginJar : add tsc
2025-06-16 00:25:46,037 [INFO] IPUIPlugin:80 - create IPUIPlugin
2025-06-16 00:25:46,037 [INFO] PluginManager:220 - loadIPPluginJar : add ucpd
2025-06-16 00:25:46,045 [INFO] IPUIPlugin:80 - create IPUIPlugin
2025-06-16 00:25:46,046 [INFO] PluginManager:220 - loadIPPluginJar : add usart
2025-06-16 00:25:46,088 [INFO] IPUIPlugin:80 - create IPUIPlugin
2025-06-16 00:25:46,088 [INFO] PluginManager:220 - loadIPPluginJar : add usbx
2025-06-16 00:25:46,555 [FATAL] Updater:351 - Updater called before beeing initialized
2025-06-16 00:25:46,775 [INFO] RulesReader:64 - Compatibility file has been processed (302 Rules)
2025-06-16 00:25:46,818 [INFO] RulesReader:64 - Compatibility file has been processed (302 Rules)
2025-06-16 00:25:46,899 [INFO] CADModel:165 - CPN selected for project level
2025-06-16 00:25:46,900 [INFO] CADModel:114 - Register for checkConnection events
2025-06-16 00:25:46,900 [FATAL] Updater:351 - Updater called before beeing initialized
2025-06-16 00:25:46,900 [ERROR] CADModel:125 - Updater not yet initialized, retry later 
2025-06-16 00:25:48,428 [INFO] ThirdPartyUpdaterWithRetryManager:70 - Updater plugin not ready yet. [3/15]
2025-06-16 00:25:48,675 [FATAL] Updater:351 - Updater called before beeing initialized
2025-06-16 00:25:48,683 [INFO] CADModel:165 - CPN selected for project level
2025-06-16 00:25:48,683 [INFO] CADModel:114 - Register for checkConnection events
2025-06-16 00:25:48,683 [FATAL] Updater:351 - Updater called before beeing initialized
2025-06-16 00:25:48,683 [ERROR] CADModel:125 - Updater not yet initialized, retry later 
2025-06-16 00:25:48,697 [FATAL] Updater:351 - Updater called before beeing initialized
2025-06-16 00:25:50,133 [FATAL] Updater:351 - Updater called before beeing initialized
2025-06-16 00:25:50,152 [INFO] DbMcusAds:53 - JSON generation date=Wed May 07 16:07:55 ICT 2025 (1746608875679)
2025-06-16 00:25:50,153 [FATAL] Updater:351 - Updater called before beeing initialized
2025-06-16 00:25:50,498 [WARN] DetailPanel:346 - Failed to get advertising image, set to default
2025-06-16 00:25:51,450 [FATAL] Updater:351 - Updater called before beeing initialized
2025-06-16 00:25:51,454 [ERROR] IntegrityCheckThread:130 - Cannot retrieve database content from updater: error 21
2025-06-16 00:25:51,454 [INFO] ThirdParty:978 - Integrity check success = false
2025-06-16 00:25:51,454 [INFO] IntegrityCheckThread:100 - exiting critical section [integrity check]
2025-06-16 00:25:51,455 [INFO] IntegrityCheckThread:103 - End integrity checks thread
2025-06-16 00:25:53,595 [FATAL] Updater:351 - Updater called before beeing initialized
2025-06-16 00:25:53,650 [FATAL] Updater:351 - Updater called before beeing initialized
2025-06-16 00:25:53,653 [FATAL] Updater:351 - Updater called before beeing initialized
2025-06-16 00:25:53,653 [WARN] DetailPanel:346 - Failed to get advertising image, set to default
2025-06-16 00:25:53,655 [FATAL] Updater:351 - Updater called before beeing initialized
2025-06-16 00:25:54,472 [ERROR] Updater:1198 - MainUpdater not yet initialized. External WinMGr cannot be set.
2025-06-16 00:25:54,483 [INFO] Updater:1134 - Updater Version found : 6.14.1
2025-06-16 00:25:54,543 [INFO] ApplicationProperties:184 - Using Application install path: C:\ST\STM32CubeIDE_1.17.0\STM32CubeIDE\plugins\com.st.stm32cube.common.mx_6.14.1.202504091515
2025-06-16 00:25:56,287 [ERROR] LogOutputStream:75 - [STDERR_REDIRECT] Jun 16, 2025 12:25:56 AM java.util.prefs.WindowsPreferences <init>
2025-06-16 00:25:56,296 [ERROR] LogOutputStream:75 - [STDERR_REDIRECT] WARNING: Could not open/create prefs root node Software\JavaSoft\Prefs at root 0xffffffff80000002. Windows RegCreateKeyEx(...) returned error code 5.
2025-06-16 00:25:56,296 [ERROR] LogOutputStream:75 - [STDERR_REDIRECT] 
2025-06-16 00:25:59,332 [INFO] MainUpdater:2872 - connection check result : 10
2025-06-16 00:25:59,334 [INFO] MainUpdater:289 - Updater Check For Update Now.
2025-06-16 00:25:59,334 [INFO] MicroXplorer:498 - Change Database Version : DB.6.0.141
2025-06-16 00:25:59,390 [INFO] McuFinderGlobals:63 - Set McuFinder mode to 2 (CubeIDE integrated)
2025-06-16 00:25:59,391 [INFO] UserAuth:171 - activating auth plugin
2025-06-16 00:25:59,761 [INFO] UserAuth:484 - Internet connection configuration mode: 1
2025-06-16 00:26:00,228 [INFO] JxBrowserEngine:152 - Initiate JxBrowser Engine with user profile folder
2025-06-16 00:26:00,838 [INFO] CheckServerUpdateThread:120 - End of CheckServer Thread
2025-06-16 00:26:09,768 [INFO] WebApp:169 - Instantiating new browser for Auth
2025-06-16 00:26:14,274 [INFO] WebApp:463 - Apply proxy settings
2025-06-16 00:26:14,275 [INFO] WebApp:548 - Chromium requires no authentication
2025-06-16 00:26:14,302 [INFO] WebApp:491 - Direct internet connection detected
2025-06-16 00:26:14,494 [INFO] WebApp:894 - Register for checkConnection events
2025-06-16 00:26:14,495 [INFO] WebApp:463 - Apply proxy settings
2025-06-16 00:26:14,497 [INFO] WebApp:548 - Chromium requires no authentication
2025-06-16 00:26:14,499 [INFO] WebApp:491 - Direct internet connection detected
2025-06-16 00:26:15,266 [INFO] WebApp:225 - Starting web application
2025-06-16 00:26:15,266 [INFO] WebApp:593 - Web application path used C:\ST\STM32CubeIDE_1.17.0\STM32CubeIDE\plugins\com.st.stm32cube.common.mx_6.14.1.202504091515\db\plugins\mcufinder\reactClient1\index.html
2025-06-16 00:26:15,841 [INFO] WebApp:191 - Connection restablished
2025-06-16 08:58:37,182 [INFO] WebApp:194 - Connection lost
2025-06-16 08:58:37,411 [INFO] WebApp:191 - Connection restablished
2025-06-16 08:58:39,768 [INFO] WebApp:194 - Connection lost
2025-06-16 08:58:40,221 [INFO] WebApp:191 - Connection restablished
2025-06-16 08:59:07,990 [INFO] WebApp:194 - Connection lost
2025-06-16 08:59:08,410 [INFO] WebApp:191 - Connection restablished
2025-06-16 09:00:25,435 [INFO] WebApp:194 - Connection lost
2025-06-16 09:00:25,591 [INFO] WebApp:191 - Connection restablished
2025-06-16 09:05:37,996 [INFO] WebApp:194 - Connection lost
2025-06-16 09:05:38,164 [INFO] WebApp:191 - Connection restablished
2025-06-16 09:10:50,553 [INFO] WebApp:194 - Connection lost
2025-06-16 09:10:50,708 [INFO] WebApp:191 - Connection restablished
2025-06-16 09:11:20,392 [INFO] WebApp:194 - Connection lost
2025-06-16 09:11:20,554 [INFO] WebApp:191 - Connection restablished
2025-06-16 09:11:33,506 [INFO] WebApp:194 - Connection lost
2025-06-16 09:11:33,779 [INFO] WebApp:191 - Connection restablished
2025-06-16 09:13:28,150 [INFO] WebApp:194 - Connection lost
2025-06-16 09:13:28,325 [INFO] WebApp:191 - Connection restablished
2025-06-16 09:15:07,447 [INFO] WebApp:194 - Connection lost
2025-06-16 09:15:07,632 [INFO] WebApp:191 - Connection restablished
2025-06-16 09:17:57,445 [INFO] WebApp:194 - Connection lost
2025-06-16 09:17:57,629 [INFO] WebApp:191 - Connection restablished
2025-06-16 09:19:33,953 [INFO] WebApp:194 - Connection lost
2025-06-16 09:19:34,104 [INFO] WebApp:191 - Connection restablished
2025-06-16 09:21:34,422 [INFO] WebApp:194 - Connection lost
2025-06-16 09:21:34,652 [INFO] WebApp:191 - Connection restablished
2025-06-16 09:28:05,465 [INFO] WebApp:194 - Connection lost
2025-06-16 09:28:05,623 [INFO] WebApp:191 - Connection restablished
2025-06-16 09:28:21,469 [INFO] WebApp:194 - Connection lost
2025-06-16 09:28:21,624 [INFO] WebApp:191 - Connection restablished
2025-06-16 09:31:48,374 [INFO] WebApp:194 - Connection lost
2025-06-16 09:31:48,553 [INFO] WebApp:191 - Connection restablished
2025-06-16 09:32:43,449 [INFO] WebApp:194 - Connection lost
2025-06-16 09:32:43,626 [INFO] WebApp:191 - Connection restablished
2025-06-16 15:49:07,875 [INFO] WebApp:194 - Connection lost
2025-06-16 15:49:08,387 [INFO] WebApp:191 - Connection restablished
2025-06-16 15:50:24,784 [INFO] WebApp:194 - Connection lost
2025-06-16 15:50:25,190 [INFO] WebApp:191 - Connection restablished
