2025-06-12 23:55:05,634 [INFO] Activator:176 - 


2025-06-12 23:55:05,645 [INFO] Activator:177 - !SESSION log4j initialized
2025-06-12 23:55:20,244 [INFO] LogOutputStream:77 - [STDOUT_REDIRECT] 
2025-06-12 23:56:24,670 [INFO] ApplicationProperties:184 - Using Application install path: C:\ST\STM32CubeIDE_1.17.0\STM32CubeIDE\plugins\com.st.stm32cube.common.mx_6.14.1.202504091515
2025-06-12 23:56:24,708 [INFO] DbMcusXml:78 - Set database path to: C:\ST\STM32CubeIDE_1.17.0\STM32CubeIDE\plugins\com.st.stm32cube.common.mx_6.14.1.202504091515\\db\/mcu/
2025-06-12 23:56:24,708 [INFO] ApiDb:274 - Set plugin database path to: C:\ST\STM32CubeIDE_1.17.0\STM32CubeIDE\plugins\com.st.stm32cube.common.mx_6.14.1.202504091515\\db\/plugins/boardmanager/
2025-06-12 23:56:24,709 [WARN] ApiDb:259 - Overriding images path with different value:  => C:\ST\STM32CubeIDE_1.17.0\STM32CubeIDE\plugins\com.st.stm32cube.common.mx_6.14.1.202504091515\\db\/plugins/mcufinder/images/
2025-06-12 23:56:24,730 [INFO] ApiDb:250 - Set database path to: C:\Users\HP\.stmcufinder\plugins\mcufinder//mcu/
2025-06-12 23:56:24,732 [INFO] DbMcusAds:125 - Set database path to: C:\Users\HP\.stmcufinder\plugins\mcufinder//mcu/
2025-06-12 23:56:24,751 [INFO] CrossReferenceDbSqlite:203 - Set database path to: C:\Users\HP\.stmcufinder\plugins\mcufinder//mcu/cs/
2025-06-12 23:56:25,058 [INFO] RulesReader:64 - Compatibility file has been processed (302 Rules)
2025-06-12 23:56:25,252 [INFO] DbMcusXml:78 - Set database path to: C:\ST\STM32CubeIDE_1.17.0\STM32CubeIDE\plugins\com.st.stm32cube.common.mx_6.14.1.202504091515\\db\/mcu/
2025-06-12 23:56:25,252 [INFO] ApiDb:274 - Set plugin database path to: C:\ST\STM32CubeIDE_1.17.0\STM32CubeIDE\plugins\com.st.stm32cube.common.mx_6.14.1.202504091515\\db\/plugins/boardmanager/
2025-06-12 23:56:25,252 [INFO] ApiDb:261 - Set plugin images path to: C:\ST\STM32CubeIDE_1.17.0\STM32CubeIDE\plugins\com.st.stm32cube.common.mx_6.14.1.202504091515\\db\/plugins/mcufinder/images/
2025-06-12 23:56:25,253 [WARN] DbFile:41 - Overriding database path with different value: C:\Users\HP\.stmcufinder\plugins\mcufinder/ => C:\Users\HP\.stmcufinder\plugins\mcufinder
2025-06-12 23:56:25,253 [INFO] ApiDb:250 - Set database path to: C:\Users\HP\.stmcufinder\plugins\mcufinder//mcu/
2025-06-12 23:56:25,253 [WARN] DbFile:41 - Overriding database path with different value: C:\Users\HP\.stmcufinder\plugins\mcufinder/ => C:\Users\HP\.stmcufinder\plugins\mcufinder
2025-06-12 23:56:25,254 [INFO] DbMcusAds:125 - Set database path to: C:\Users\HP\.stmcufinder\plugins\mcufinder//mcu/
2025-06-12 23:56:25,254 [WARN] DbFile:41 - Overriding database path with different value: C:\Users\HP\.stmcufinder\plugins\mcufinder/ => C:\Users\HP\.stmcufinder\plugins\mcufinder
2025-06-12 23:56:25,254 [WARN] DbFile:41 - Overriding database path with different value: C:\Users\HP\.stmcufinder\plugins\mcufinder/ => C:\Users\HP\.stmcufinder\plugins\mcufinder
2025-06-12 23:56:25,254 [INFO] CrossReferenceDbSqlite:203 - Set database path to: C:\Users\HP\.stmcufinder\plugins\mcufinder//mcu/cs/
2025-06-12 23:56:25,461 [INFO] MainPanel:272 - HeapMemory: 313524224
2025-06-12 23:56:25,631 [INFO] DbMcusXml:78 - Set database path to: C:\ST\STM32CubeIDE_1.17.0\STM32CubeIDE\plugins\com.st.stm32cube.common.mx_6.14.1.202504091515\\db\/mcu/
2025-06-12 23:56:25,631 [INFO] ApiDb:274 - Set plugin database path to: C:\ST\STM32CubeIDE_1.17.0\STM32CubeIDE\plugins\com.st.stm32cube.common.mx_6.14.1.202504091515\\db\/plugins/boardmanager/
2025-06-12 23:56:25,632 [INFO] ApiDb:261 - Set plugin images path to: C:\ST\STM32CubeIDE_1.17.0\STM32CubeIDE\plugins\com.st.stm32cube.common.mx_6.14.1.202504091515\\db\/plugins/mcufinder/images/
2025-06-12 23:56:25,632 [WARN] DbFile:41 - Overriding database path with different value: C:\Users\HP\.stmcufinder\plugins\mcufinder/ => C:\Users\HP\.stmcufinder\plugins\mcufinder
2025-06-12 23:56:25,633 [INFO] ApiDb:250 - Set database path to: C:\Users\HP\.stmcufinder\plugins\mcufinder//mcu/
2025-06-12 23:56:25,633 [WARN] DbFile:41 - Overriding database path with different value: C:\Users\HP\.stmcufinder\plugins\mcufinder/ => C:\Users\HP\.stmcufinder\plugins\mcufinder
2025-06-12 23:56:25,633 [INFO] DbMcusAds:125 - Set database path to: C:\Users\HP\.stmcufinder\plugins\mcufinder//mcu/
2025-06-12 23:56:25,633 [WARN] DbFile:41 - Overriding database path with different value: C:\Users\HP\.stmcufinder\plugins\mcufinder/ => C:\Users\HP\.stmcufinder\plugins\mcufinder
2025-06-12 23:56:25,633 [WARN] DbFile:41 - Overriding database path with different value: C:\Users\HP\.stmcufinder\plugins\mcufinder/ => C:\Users\HP\.stmcufinder\plugins\mcufinder
2025-06-12 23:56:25,634 [INFO] CrossReferenceDbSqlite:203 - Set database path to: C:\Users\HP\.stmcufinder\plugins\mcufinder//mcu/cs/
2025-06-12 23:56:25,667 [INFO] ApplicationProperties:184 - Using Application install path: C:\ST\STM32CubeIDE_1.17.0\STM32CubeIDE\plugins\com.st.stm32cube.common.mx_6.14.1.202504091515
2025-06-12 23:56:25,671 [INFO] PluginManage:196 - Search for loadable plugins [exclusion list=, ]
2025-06-12 23:56:25,672 [INFO] PluginManage:310 - Check plugin analytics
2025-06-12 23:56:26,035 [INFO] AnalyticsPlugin:253 - Accepted Software Licenses: 
2025-06-12 23:56:26,035 [INFO] AnalyticsPlugin:255 - Accepted CMSIS Pack Licenses: 
2025-06-12 23:56:26,036 [INFO] AnalyticsPlugin:257 - Accepted Firmware Licenses: FW.F4.1.28.0
2025-06-12 23:56:26,041 [INFO] PluginManage:359 - Loaded plugin analytics (category:tool,tabindex:-1)
2025-06-12 23:56:26,043 [INFO] PluginManage:310 - Check plugin cadmodel
2025-06-12 23:56:26,053 [INFO] CADModel:105 - Init CAD model plugin
2025-06-12 23:56:26,053 [INFO] PluginManage:359 - Loaded plugin cadmodel (category:power,tabindex:5)
2025-06-12 23:56:26,053 [INFO] PluginManage:310 - Check plugin clock
2025-06-12 23:56:26,077 [INFO] PluginManage:359 - Loaded plugin clock (category:base,tabindex:2)
2025-06-12 23:56:26,078 [INFO] PluginManage:310 - Check plugin ddr
2025-06-12 23:56:26,082 [INFO] PluginManage:359 - Loaded plugin ddr (category:tool,tabindex:6)
2025-06-12 23:56:26,082 [INFO] PluginManage:310 - Check plugin filemanager
2025-06-12 23:56:26,343 [INFO] PluginManage:359 - Loaded plugin filemanager (category:base,tabindex:10)
2025-06-12 23:56:26,343 [INFO] PluginManage:310 - Check plugin ipmanager
2025-06-12 23:56:26,365 [INFO] PluginManage:359 - Loaded plugin ipmanager (category:base,tabindex:5)
2025-06-12 23:56:26,365 [INFO] PluginManage:310 - Check plugin lpbam
2025-06-12 23:56:26,382 [INFO] PluginManage:359 - Loaded plugin lpbam (category:base,tabindex:0)
2025-06-12 23:56:26,382 [INFO] PluginManage:310 - Check plugin memorymap
2025-06-12 23:56:26,410 [INFO] PluginManage:359 - Loaded plugin memorymap (category:base,tabindex:4)
2025-06-12 23:56:26,410 [INFO] PluginManage:310 - Check plugin pinoutandconfiguration
2025-06-12 23:56:26,427 [INFO] PluginManage:359 - Loaded plugin pinoutandconfiguration (category:base,tabindex:1)
2025-06-12 23:56:26,428 [INFO] PluginManage:310 - Check plugin pinoutconfig
2025-06-12 23:56:26,712 [WARN] SupportedApi:132 - Cannot load RTOS API schema: s4s-elt-must-match.1: The content of 'definitions' must match (annotation?, (simpleType | complexType)?, (unique | key | keyref)*)). A problem was found starting at: attribute.
2025-06-12 23:56:27,082 [INFO] PluginManage:359 - Loaded plugin pinoutconfig (category:base,tabindex:0)
2025-06-12 23:56:27,082 [INFO] PluginManage:310 - Check plugin power
2025-06-12 23:56:27,102 [INFO] PluginManage:359 - Loaded plugin power (category:power,tabindex:4)
2025-06-12 23:56:27,102 [INFO] PluginManage:310 - Check plugin projectmanager
2025-06-12 23:56:27,143 [INFO] PluginManage:359 - Loaded plugin projectmanager (category:projectmanager,tabindex:4)
2025-06-12 23:56:27,144 [INFO] PluginManage:310 - Check plugin rif
2025-06-12 23:56:27,159 [INFO] PluginManage:359 - Loaded plugin rif (category:base,tabindex:3)
2025-06-12 23:56:27,159 [INFO] PluginManage:310 - Check plugin thirdparty
2025-06-12 23:56:27,502 [INFO] PluginManage:359 - Loaded plugin thirdparty (category:base,tabindex:-1)
2025-06-12 23:56:27,503 [INFO] PluginManage:310 - Check plugin tools
2025-06-12 23:56:27,509 [INFO] PluginManage:359 - Loaded plugin tools (category:base,tabindex:7)
2025-06-12 23:56:27,510 [INFO] PluginManage:310 - Check plugin tutovideos
2025-06-12 23:56:27,519 [WARN] IntegrityCheckThread:84 - waiting for thirdparty lock release [integrity check]
2025-06-12 23:56:27,522 [INFO] IntegrityCheckThread:86 - entering critical section [integrity check]
2025-06-12 23:56:27,523 [INFO] ThirdPartyUpdaterWithRetryManager:70 - Updater plugin not ready yet. [1/15]
2025-06-12 23:56:27,821 [INFO] PluginManage:359 - Loaded plugin tutovideos (category:base,tabindex:-1)
2025-06-12 23:56:27,821 [INFO] PluginManage:310 - Check plugin updater
2025-06-12 23:56:27,873 [INFO] PluginManage:359 - Loaded plugin updater (category:base,tabindex:12)
2025-06-12 23:56:27,873 [INFO] PluginManage:310 - Check plugin userauth
2025-06-12 23:56:27,881 [INFO] UserAuth:118 - Init User Auth plugin
2025-06-12 23:56:27,883 [INFO] PluginManage:359 - Loaded plugin userauth (category:base,tabindex:14)
2025-06-12 23:56:27,884 [INFO] PluginManage:283 - PluginManage : Loaded plugins [18]
2025-06-12 23:56:28,343 [INFO] PinOutPanel:1589 - setPackage(No Configuration,No Configuration)
2025-06-12 23:56:28,517 [INFO] CADModel:165 - CPN selected for project level
2025-06-12 23:56:28,517 [INFO] CADModel:114 - Register for checkConnection events
2025-06-12 23:56:28,555 [INFO] IPUIPlugin:80 - create IPUIPlugin
2025-06-12 23:56:28,555 [INFO] PluginManager:220 - loadIPPluginJar : add adc
2025-06-12 23:56:28,561 [INFO] IPUIPlugin:80 - create IPUIPlugin
2025-06-12 23:56:28,562 [INFO] PluginManager:220 - loadIPPluginJar : add aes
2025-06-12 23:56:28,567 [INFO] IPUIPlugin:80 - create IPUIPlugin
2025-06-12 23:56:28,567 [INFO] PluginManager:220 - loadIPPluginJar : add can
2025-06-12 23:56:28,571 [INFO] IPUIPlugin:80 - create IPUIPlugin
2025-06-12 23:56:28,571 [INFO] PluginManager:220 - loadIPPluginJar : add comp
2025-06-12 23:56:28,577 [INFO] IPUIPlugin:80 - create IPUIPlugin
2025-06-12 23:56:28,577 [INFO] PluginManager:220 - loadIPPluginJar : add cryp
2025-06-12 23:56:28,582 [INFO] IPUIPlugin:80 - create IPUIPlugin
2025-06-12 23:56:28,582 [INFO] PluginManager:220 - loadIPPluginJar : add ddr_ctrl_phy
2025-06-12 23:56:28,589 [INFO] IPUIPlugin:80 - create IPUIPlugin
2025-06-12 23:56:28,589 [INFO] PluginManager:220 - loadIPPluginJar : add dfsdm
2025-06-12 23:56:28,600 [INFO] IPUIPlugin:80 - create IPUIPlugin
2025-06-12 23:56:28,601 [INFO] PluginManager:220 - loadIPPluginJar : add dma
2025-06-12 23:56:28,609 [INFO] IPUIPlugin:80 - create IPUIPlugin
2025-06-12 23:56:28,609 [INFO] PluginManager:220 - loadIPPluginJar : add dma3
2025-06-12 23:56:28,616 [INFO] IPUIPlugin:80 - create IPUIPlugin
2025-06-12 23:56:28,617 [INFO] PluginManager:220 - loadIPPluginJar : add extmemmanager
2025-06-12 23:56:28,621 [INFO] IPUIPlugin:80 - create IPUIPlugin
2025-06-12 23:56:28,622 [INFO] PluginManager:220 - loadIPPluginJar : add fatfs
2025-06-12 23:56:28,634 [INFO] IPUIPlugin:80 - create IPUIPlugin
2025-06-12 23:56:28,635 [INFO] PluginManager:220 - loadIPPluginJar : add fmc
2025-06-12 23:56:28,673 [INFO] IPUIPlugin:80 - create IPUIPlugin
2025-06-12 23:56:28,674 [INFO] PluginManager:220 - loadIPPluginJar : add freertos
2025-06-12 23:56:28,678 [INFO] IPUIPlugin:80 - create IPUIPlugin
2025-06-12 23:56:28,679 [INFO] PluginManager:220 - loadIPPluginJar : add genericplugin
2025-06-12 23:56:28,686 [INFO] IPUIPlugin:80 - create IPUIPlugin
2025-06-12 23:56:28,686 [INFO] PluginManager:220 - loadIPPluginJar : add gfxmmu
2025-06-12 23:56:28,696 [INFO] IPUIPlugin:80 - create IPUIPlugin
2025-06-12 23:56:28,697 [INFO] PluginManager:220 - loadIPPluginJar : add gic
2025-06-12 23:56:28,705 [INFO] IPUIPlugin:80 - create IPUIPlugin
2025-06-12 23:56:28,706 [INFO] PluginManager:220 - loadIPPluginJar : add gpio
2025-06-12 23:56:28,712 [INFO] IPUIPlugin:80 - create IPUIPlugin
2025-06-12 23:56:28,712 [INFO] PluginManager:220 - loadIPPluginJar : add gtzc
2025-06-12 23:56:28,717 [INFO] IPUIPlugin:80 - create IPUIPlugin
2025-06-12 23:56:28,717 [INFO] PluginManager:220 - loadIPPluginJar : add hash
2025-06-12 23:56:28,724 [INFO] IPUIPlugin:80 - create IPUIPlugin
2025-06-12 23:56:28,725 [INFO] PluginManager:220 - loadIPPluginJar : add i2c
2025-06-12 23:56:28,732 [INFO] IPUIPlugin:80 - create IPUIPlugin
2025-06-12 23:56:28,733 [INFO] PluginManager:220 - loadIPPluginJar : add i2s
2025-06-12 23:56:28,756 [INFO] IPUIPlugin:80 - create IPUIPlugin
2025-06-12 23:56:28,757 [INFO] PluginManager:220 - loadIPPluginJar : add i3c
2025-06-12 23:56:28,764 [INFO] IPUIPlugin:80 - create IPUIPlugin
2025-06-12 23:56:28,764 [INFO] PluginManager:220 - loadIPPluginJar : add ipddr
2025-06-12 23:56:28,781 [INFO] IPUIPlugin:80 - create IPUIPlugin
2025-06-12 23:56:28,786 [INFO] PluginManager:220 - loadIPPluginJar : add linkedlist
2025-06-12 23:56:28,796 [INFO] IPUIPlugin:80 - create IPUIPlugin
2025-06-12 23:56:28,796 [INFO] PluginManager:220 - loadIPPluginJar : add lorawan
2025-06-12 23:56:28,800 [INFO] IPUIPlugin:80 - create IPUIPlugin
2025-06-12 23:56:28,800 [INFO] PluginManager:220 - loadIPPluginJar : add ltdc
2025-06-12 23:56:28,812 [INFO] IPUIPlugin:80 - create IPUIPlugin
2025-06-12 23:56:28,813 [INFO] PluginManager:220 - loadIPPluginJar : add mdma
2025-06-12 23:56:28,821 [INFO] IPUIPlugin:80 - create IPUIPlugin
2025-06-12 23:56:28,822 [INFO] PluginManager:220 - loadIPPluginJar : add nvic
2025-06-12 23:56:28,833 [INFO] IPUIPlugin:80 - create IPUIPlugin
2025-06-12 23:56:28,834 [INFO] PluginManager:220 - loadIPPluginJar : add opamp
2025-06-12 23:56:28,843 [INFO] IPUIPlugin:80 - create IPUIPlugin
2025-06-12 23:56:28,843 [INFO] PluginManager:220 - loadIPPluginJar : add openamp
2025-06-12 23:56:28,852 [INFO] IPUIPlugin:80 - create IPUIPlugin
2025-06-12 23:56:28,852 [INFO] PluginManager:220 - loadIPPluginJar : add pdm2pcm
2025-06-12 23:56:28,873 [INFO] IPUIPlugin:80 - create IPUIPlugin
2025-06-12 23:56:28,881 [INFO] PluginManager:220 - loadIPPluginJar : add plateformsettings
2025-06-12 23:56:28,887 [INFO] IPUIPlugin:80 - create IPUIPlugin
2025-06-12 23:56:28,887 [INFO] PluginManager:220 - loadIPPluginJar : add quadspi
2025-06-12 23:56:28,897 [INFO] IPUIPlugin:80 - create IPUIPlugin
2025-06-12 23:56:28,898 [INFO] PluginManager:220 - loadIPPluginJar : add radio
2025-06-12 23:56:28,919 [INFO] IPUIPlugin:80 - create IPUIPlugin
2025-06-12 23:56:28,920 [INFO] PluginManager:220 - loadIPPluginJar : add resmgrutility
2025-06-12 23:56:28,928 [INFO] IPUIPlugin:80 - create IPUIPlugin
2025-06-12 23:56:28,928 [INFO] PluginManager:220 - loadIPPluginJar : add sai
2025-06-12 23:56:28,934 [INFO] IPUIPlugin:80 - create IPUIPlugin
2025-06-12 23:56:28,934 [INFO] PluginManager:220 - loadIPPluginJar : add spi
2025-06-12 23:56:28,946 [INFO] IPUIPlugin:80 - create IPUIPlugin
2025-06-12 23:56:28,946 [INFO] PluginManager:220 - loadIPPluginJar : add stm32_wpan
2025-06-12 23:56:28,952 [INFO] IPUIPlugin:80 - create IPUIPlugin
2025-06-12 23:56:28,952 [INFO] PluginManager:220 - loadIPPluginJar : add tim
2025-06-12 23:56:28,960 [INFO] IPUIPlugin:80 - create IPUIPlugin
2025-06-12 23:56:28,961 [INFO] PluginManager:220 - loadIPPluginJar : add touchsensing
2025-06-12 23:56:28,965 [INFO] IPUIPlugin:80 - create IPUIPlugin
2025-06-12 23:56:28,967 [INFO] PluginManager:220 - loadIPPluginJar : add tracer_emb
2025-06-12 23:56:28,972 [INFO] IPUIPlugin:80 - create IPUIPlugin
2025-06-12 23:56:28,972 [INFO] PluginManager:220 - loadIPPluginJar : add ts
2025-06-12 23:56:28,976 [INFO] IPUIPlugin:80 - create IPUIPlugin
2025-06-12 23:56:28,976 [INFO] PluginManager:220 - loadIPPluginJar : add tsc
2025-06-12 23:56:28,980 [INFO] IPUIPlugin:80 - create IPUIPlugin
2025-06-12 23:56:28,981 [INFO] PluginManager:220 - loadIPPluginJar : add ucpd
2025-06-12 23:56:28,988 [INFO] IPUIPlugin:80 - create IPUIPlugin
2025-06-12 23:56:28,989 [INFO] PluginManager:220 - loadIPPluginJar : add usart
2025-06-12 23:56:28,997 [INFO] IPUIPlugin:80 - create IPUIPlugin
2025-06-12 23:56:28,997 [INFO] PluginManager:220 - loadIPPluginJar : add usbx
2025-06-12 23:56:29,290 [FATAL] Updater:351 - Updater called before beeing initialized
2025-06-12 23:56:29,357 [INFO] RulesReader:64 - Compatibility file has been processed (302 Rules)
2025-06-12 23:56:29,402 [INFO] RulesReader:64 - Compatibility file has been processed (302 Rules)
2025-06-12 23:56:29,416 [INFO] CADModel:165 - CPN selected for project level
2025-06-12 23:56:29,416 [INFO] CADModel:114 - Register for checkConnection events
2025-06-12 23:56:29,417 [FATAL] Updater:351 - Updater called before beeing initialized
2025-06-12 23:56:29,417 [ERROR] CADModel:125 - Updater not yet initialized, retry later 
2025-06-12 23:56:29,771 [FATAL] Updater:351 - Updater called before beeing initialized
2025-06-12 23:56:29,776 [INFO] CADModel:165 - CPN selected for project level
2025-06-12 23:56:29,776 [INFO] CADModel:114 - Register for checkConnection events
2025-06-12 23:56:29,777 [FATAL] Updater:351 - Updater called before beeing initialized
2025-06-12 23:56:29,777 [ERROR] CADModel:125 - Updater not yet initialized, retry later 
2025-06-12 23:56:29,784 [FATAL] Updater:351 - Updater called before beeing initialized
2025-06-12 23:56:30,037 [FATAL] Updater:351 - Updater called before beeing initialized
2025-06-12 23:56:30,047 [INFO] DbMcusAds:53 - JSON generation date=Wed May 07 16:07:55 ICT 2025 (1746608875679)
2025-06-12 23:56:30,047 [FATAL] Updater:351 - Updater called before beeing initialized
2025-06-12 23:56:30,144 [WARN] DetailPanel:346 - Failed to get advertising image, set to default
2025-06-12 23:56:30,524 [INFO] ThirdPartyUpdaterWithRetryManager:70 - Updater plugin not ready yet. [2/15]
2025-06-12 23:56:30,767 [FATAL] Updater:351 - Updater called before beeing initialized
2025-06-12 23:56:30,771 [FATAL] Updater:351 - Updater called before beeing initialized
2025-06-12 23:56:30,772 [FATAL] Updater:351 - Updater called before beeing initialized
2025-06-12 23:56:30,772 [WARN] DetailPanel:346 - Failed to get advertising image, set to default
2025-06-12 23:56:30,774 [FATAL] Updater:351 - Updater called before beeing initialized
2025-06-12 23:56:30,976 [ERROR] Updater:1198 - MainUpdater not yet initialized. External WinMGr cannot be set.
2025-06-12 23:56:30,980 [INFO] Updater:1134 - Updater Version found : 6.14.1
2025-06-12 23:56:31,012 [INFO] ApplicationProperties:184 - Using Application install path: C:\ST\STM32CubeIDE_1.17.0\STM32CubeIDE\plugins\com.st.stm32cube.common.mx_6.14.1.202504091515
2025-06-12 23:56:32,602 [ERROR] LogOutputStream:75 - [STDERR_REDIRECT] Jun 12, 2025 11:56:32 PM java.util.prefs.WindowsPreferences <init>
2025-06-12 23:56:32,609 [ERROR] LogOutputStream:75 - [STDERR_REDIRECT] WARNING: Could not open/create prefs root node Software\JavaSoft\Prefs at root 0xffffffff80000002. Windows RegCreateKeyEx(...) returned error code 5.
2025-06-12 23:56:32,609 [ERROR] LogOutputStream:75 - [STDERR_REDIRECT] 
2025-06-12 23:56:33,526 [FATAL] Updater:351 - Updater called before beeing initialized
2025-06-12 23:56:33,527 [ERROR] IntegrityCheckThread:130 - Cannot retrieve database content from updater: error 21
2025-06-12 23:56:33,528 [INFO] ThirdParty:978 - Integrity check success = false
2025-06-12 23:56:33,528 [INFO] IntegrityCheckThread:100 - exiting critical section [integrity check]
2025-06-12 23:56:33,528 [INFO] IntegrityCheckThread:103 - End integrity checks thread
2025-06-12 23:56:33,743 [INFO] MainUpdater:2872 - connection check result : 10
2025-06-12 23:56:33,743 [INFO] MainUpdater:3566 - Updater definition file requires update
2025-06-12 23:56:33,746 [INFO] MainUpdater:289 - Updater Check For Update Now.
2025-06-12 23:56:33,746 [INFO] MicroXplorer:498 - Change Database Version : DB.6.0.141
2025-06-12 23:56:33,757 [INFO] McuFinderGlobals:63 - Set McuFinder mode to 2 (CubeIDE integrated)
2025-06-12 23:56:33,758 [INFO] UserAuth:171 - activating auth plugin
2025-06-12 23:56:33,764 [INFO] UserAuth:484 - Internet connection configuration mode: 1
2025-06-12 23:56:33,801 [INFO] JxBrowserEngine:152 - Initiate JxBrowser Engine with user profile folder
2025-06-12 23:56:34,137 [INFO] ServerAccessManage:473 - Download File updaters.zip
2025-06-12 23:56:34,324 [INFO] FileExtend:242 - Unzip File : updaters.zip
2025-06-12 23:56:34,324 [INFO] FileExtend:257 - Standard Zip Deflate
2025-06-12 23:56:35,316 [INFO] ServerAccessManage:473 - Download File PacksControlFlags.xml
2025-06-12 23:56:35,439 [INFO] ServerAccessManage:473 - Download File cubemx.pidx
2025-06-12 23:56:37,176 [INFO] ServerAccessManage:473 - Download File STMicroelectronics.X-CUBE-MEMS1.pdsc
2025-06-12 23:56:41,571 [INFO] WebApp:169 - Instantiating new browser for Auth
2025-06-12 23:56:42,071 [WARN] PackLoader:240 - Cannot read IP mode file for STMicroelectronics.X-CUBE-MEMS1.11.3.0
2025-06-12 23:56:42,749 [INFO] PopulateThirdPartyThread:66 - Ending populate Thread
2025-06-12 23:56:42,751 [INFO] ThirdParty:1030 - CMSIS Pack Vendor :STMicroelectronics X-CUBE-MEMS1 11.3.0
2025-06-12 23:56:42,751 [INFO] LoadServerUpdatesThread:375 - End of LoadServerUpdate Thread
2025-06-12 23:56:42,897 [INFO] CheckServerUpdateThread:120 - End of CheckServer Thread
2025-06-12 23:56:46,440 [INFO] WebApp:463 - Apply proxy settings
2025-06-12 23:56:46,441 [INFO] WebApp:548 - Chromium requires no authentication
2025-06-12 23:56:46,469 [INFO] WebApp:491 - Direct internet connection detected
2025-06-12 23:56:46,536 [INFO] WebApp:894 - Register for checkConnection events
2025-06-12 23:56:46,536 [INFO] WebApp:463 - Apply proxy settings
2025-06-12 23:56:46,537 [INFO] WebApp:548 - Chromium requires no authentication
2025-06-12 23:56:46,538 [INFO] WebApp:491 - Direct internet connection detected
2025-06-12 23:56:47,066 [INFO] WebApp:225 - Starting web application
2025-06-12 23:56:47,067 [INFO] WebApp:593 - Web application path used C:\ST\STM32CubeIDE_1.17.0\STM32CubeIDE\plugins\com.st.stm32cube.common.mx_6.14.1.202504091515\db\plugins\mcufinder\reactClient1\index.html
2025-06-12 23:56:47,075 [INFO] WebApp:191 - Connection restablished
