2025-06-26 17:51:47,807 [INFO] Activator:176 - 


2025-06-26 17:51:47,820 [INFO] Activator:177 - !SESSION log4j initialized
2025-06-26 17:52:04,398 [INFO] LogOutputStream:77 - [STDOUT_REDIRECT] 
2025-06-26 17:52:10,084 [INFO] ApplicationProperties:184 - Using Application install path: C:\ST\STM32CubeIDE_1.17.0\STM32CubeIDE\plugins\com.st.stm32cube.common.mx_6.14.1.202504091515
2025-06-26 17:52:10,118 [INFO] DbMcusXml:78 - Set database path to: C:\ST\STM32CubeIDE_1.17.0\STM32CubeIDE\plugins\com.st.stm32cube.common.mx_6.14.1.202504091515\\db\/mcu/
2025-06-26 17:52:10,119 [INFO] ApiDb:274 - Set plugin database path to: C:\ST\STM32CubeIDE_1.17.0\STM32CubeIDE\plugins\com.st.stm32cube.common.mx_6.14.1.202504091515\\db\/plugins/boardmanager/
2025-06-26 17:52:10,119 [WARN] ApiDb:259 - Overriding images path with different value:  => C:\ST\STM32CubeIDE_1.17.0\STM32CubeIDE\plugins\com.st.stm32cube.common.mx_6.14.1.202504091515\\db\/plugins/mcufinder/images/
2025-06-26 17:52:10,144 [INFO] ApiDb:250 - Set database path to: C:\Users\HP\.stmcufinder\plugins\mcufinder//mcu/
2025-06-26 17:52:10,147 [INFO] DbMcusAds:125 - Set database path to: C:\Users\HP\.stmcufinder\plugins\mcufinder//mcu/
2025-06-26 17:52:10,151 [INFO] CrossReferenceDbSqlite:203 - Set database path to: C:\Users\HP\.stmcufinder\plugins\mcufinder//mcu/cs/
2025-06-26 17:52:10,383 [INFO] RulesReader:64 - Compatibility file has been processed (302 Rules)
2025-06-26 17:52:10,542 [INFO] DbMcusXml:78 - Set database path to: C:\ST\STM32CubeIDE_1.17.0\STM32CubeIDE\plugins\com.st.stm32cube.common.mx_6.14.1.202504091515\\db\/mcu/
2025-06-26 17:52:10,542 [INFO] ApiDb:274 - Set plugin database path to: C:\ST\STM32CubeIDE_1.17.0\STM32CubeIDE\plugins\com.st.stm32cube.common.mx_6.14.1.202504091515\\db\/plugins/boardmanager/
2025-06-26 17:52:10,543 [INFO] ApiDb:261 - Set plugin images path to: C:\ST\STM32CubeIDE_1.17.0\STM32CubeIDE\plugins\com.st.stm32cube.common.mx_6.14.1.202504091515\\db\/plugins/mcufinder/images/
2025-06-26 17:52:10,543 [WARN] DbFile:41 - Overriding database path with different value: C:\Users\HP\.stmcufinder\plugins\mcufinder/ => C:\Users\HP\.stmcufinder\plugins\mcufinder
2025-06-26 17:52:10,543 [INFO] ApiDb:250 - Set database path to: C:\Users\HP\.stmcufinder\plugins\mcufinder//mcu/
2025-06-26 17:52:10,543 [WARN] DbFile:41 - Overriding database path with different value: C:\Users\HP\.stmcufinder\plugins\mcufinder/ => C:\Users\HP\.stmcufinder\plugins\mcufinder
2025-06-26 17:52:10,544 [INFO] DbMcusAds:125 - Set database path to: C:\Users\HP\.stmcufinder\plugins\mcufinder//mcu/
2025-06-26 17:52:10,544 [WARN] DbFile:41 - Overriding database path with different value: C:\Users\HP\.stmcufinder\plugins\mcufinder/ => C:\Users\HP\.stmcufinder\plugins\mcufinder
2025-06-26 17:52:10,545 [WARN] DbFile:41 - Overriding database path with different value: C:\Users\HP\.stmcufinder\plugins\mcufinder/ => C:\Users\HP\.stmcufinder\plugins\mcufinder
2025-06-26 17:52:10,545 [INFO] CrossReferenceDbSqlite:203 - Set database path to: C:\Users\HP\.stmcufinder\plugins\mcufinder//mcu/cs/
2025-06-26 17:52:10,680 [INFO] MainPanel:272 - HeapMemory: 268435456
2025-06-26 17:52:10,869 [INFO] DbMcusXml:78 - Set database path to: C:\ST\STM32CubeIDE_1.17.0\STM32CubeIDE\plugins\com.st.stm32cube.common.mx_6.14.1.202504091515\\db\/mcu/
2025-06-26 17:52:10,869 [INFO] ApiDb:274 - Set plugin database path to: C:\ST\STM32CubeIDE_1.17.0\STM32CubeIDE\plugins\com.st.stm32cube.common.mx_6.14.1.202504091515\\db\/plugins/boardmanager/
2025-06-26 17:52:10,870 [INFO] ApiDb:261 - Set plugin images path to: C:\ST\STM32CubeIDE_1.17.0\STM32CubeIDE\plugins\com.st.stm32cube.common.mx_6.14.1.202504091515\\db\/plugins/mcufinder/images/
2025-06-26 17:52:10,870 [WARN] DbFile:41 - Overriding database path with different value: C:\Users\HP\.stmcufinder\plugins\mcufinder/ => C:\Users\HP\.stmcufinder\plugins\mcufinder
2025-06-26 17:52:10,871 [INFO] ApiDb:250 - Set database path to: C:\Users\HP\.stmcufinder\plugins\mcufinder//mcu/
2025-06-26 17:52:10,871 [WARN] DbFile:41 - Overriding database path with different value: C:\Users\HP\.stmcufinder\plugins\mcufinder/ => C:\Users\HP\.stmcufinder\plugins\mcufinder
2025-06-26 17:52:10,871 [INFO] DbMcusAds:125 - Set database path to: C:\Users\HP\.stmcufinder\plugins\mcufinder//mcu/
2025-06-26 17:52:10,871 [WARN] DbFile:41 - Overriding database path with different value: C:\Users\HP\.stmcufinder\plugins\mcufinder/ => C:\Users\HP\.stmcufinder\plugins\mcufinder
2025-06-26 17:52:10,871 [WARN] DbFile:41 - Overriding database path with different value: C:\Users\HP\.stmcufinder\plugins\mcufinder/ => C:\Users\HP\.stmcufinder\plugins\mcufinder
2025-06-26 17:52:10,872 [INFO] CrossReferenceDbSqlite:203 - Set database path to: C:\Users\HP\.stmcufinder\plugins\mcufinder//mcu/cs/
2025-06-26 17:52:10,922 [INFO] ApplicationProperties:184 - Using Application install path: C:\ST\STM32CubeIDE_1.17.0\STM32CubeIDE\plugins\com.st.stm32cube.common.mx_6.14.1.202504091515
2025-06-26 17:52:10,924 [INFO] PluginManage:196 - Search for loadable plugins [exclusion list=, ]
2025-06-26 17:52:10,928 [INFO] PluginManage:310 - Check plugin analytics
2025-06-26 17:52:11,427 [INFO] AnalyticsPlugin:253 - Accepted Software Licenses: 
2025-06-26 17:52:11,427 [INFO] AnalyticsPlugin:255 - Accepted CMSIS Pack Licenses: 
2025-06-26 17:52:11,428 [INFO] AnalyticsPlugin:257 - Accepted Firmware Licenses: FW.F4.1.28.0
2025-06-26 17:52:11,432 [INFO] PluginManage:359 - Loaded plugin analytics (category:tool,tabindex:-1)
2025-06-26 17:52:11,432 [INFO] PluginManage:310 - Check plugin cadmodel
2025-06-26 17:52:11,442 [INFO] CADModel:105 - Init CAD model plugin
2025-06-26 17:52:11,442 [INFO] PluginManage:359 - Loaded plugin cadmodel (category:power,tabindex:5)
2025-06-26 17:52:11,442 [INFO] PluginManage:310 - Check plugin clock
2025-06-26 17:52:11,460 [INFO] PluginManage:359 - Loaded plugin clock (category:base,tabindex:2)
2025-06-26 17:52:11,460 [INFO] PluginManage:310 - Check plugin ddr
2025-06-26 17:52:11,465 [INFO] PluginManage:359 - Loaded plugin ddr (category:tool,tabindex:6)
2025-06-26 17:52:11,465 [INFO] PluginManage:310 - Check plugin filemanager
2025-06-26 17:52:11,756 [INFO] PluginManage:359 - Loaded plugin filemanager (category:base,tabindex:10)
2025-06-26 17:52:11,757 [INFO] PluginManage:310 - Check plugin ipmanager
2025-06-26 17:52:11,775 [INFO] PluginManage:359 - Loaded plugin ipmanager (category:base,tabindex:5)
2025-06-26 17:52:11,776 [INFO] PluginManage:310 - Check plugin lpbam
2025-06-26 17:52:11,800 [INFO] PluginManage:359 - Loaded plugin lpbam (category:base,tabindex:0)
2025-06-26 17:52:11,800 [INFO] PluginManage:310 - Check plugin memorymap
2025-06-26 17:52:11,841 [INFO] PluginManage:359 - Loaded plugin memorymap (category:base,tabindex:4)
2025-06-26 17:52:11,842 [INFO] PluginManage:310 - Check plugin pinoutandconfiguration
2025-06-26 17:52:11,862 [INFO] PluginManage:359 - Loaded plugin pinoutandconfiguration (category:base,tabindex:1)
2025-06-26 17:52:11,862 [INFO] PluginManage:310 - Check plugin pinoutconfig
2025-06-26 17:52:12,158 [WARN] SupportedApi:132 - Cannot load RTOS API schema: s4s-elt-must-match.1: The content of 'definitions' must match (annotation?, (simpleType | complexType)?, (unique | key | keyref)*)). A problem was found starting at: attribute.
2025-06-26 17:52:12,439 [INFO] PluginManage:359 - Loaded plugin pinoutconfig (category:base,tabindex:0)
2025-06-26 17:52:12,439 [INFO] PluginManage:310 - Check plugin power
2025-06-26 17:52:12,456 [INFO] PluginManage:359 - Loaded plugin power (category:power,tabindex:4)
2025-06-26 17:52:12,456 [INFO] PluginManage:310 - Check plugin projectmanager
2025-06-26 17:52:12,484 [INFO] PluginManage:359 - Loaded plugin projectmanager (category:projectmanager,tabindex:4)
2025-06-26 17:52:12,484 [INFO] PluginManage:310 - Check plugin rif
2025-06-26 17:52:12,495 [INFO] PluginManage:359 - Loaded plugin rif (category:base,tabindex:3)
2025-06-26 17:52:12,495 [INFO] PluginManage:310 - Check plugin thirdparty
2025-06-26 17:52:12,815 [INFO] PluginManage:359 - Loaded plugin thirdparty (category:base,tabindex:-1)
2025-06-26 17:52:12,815 [INFO] PluginManage:310 - Check plugin tools
2025-06-26 17:52:12,815 [WARN] IntegrityCheckThread:84 - waiting for thirdparty lock release [integrity check]
2025-06-26 17:52:12,816 [INFO] IntegrityCheckThread:86 - entering critical section [integrity check]
2025-06-26 17:52:12,816 [INFO] ThirdPartyUpdaterWithRetryManager:70 - Updater plugin not ready yet. [1/15]
2025-06-26 17:52:12,821 [INFO] PluginManage:359 - Loaded plugin tools (category:base,tabindex:7)
2025-06-26 17:52:12,821 [INFO] PluginManage:310 - Check plugin tutovideos
2025-06-26 17:52:13,255 [INFO] PluginManage:359 - Loaded plugin tutovideos (category:base,tabindex:-1)
2025-06-26 17:52:13,256 [INFO] PluginManage:310 - Check plugin updater
2025-06-26 17:52:13,511 [INFO] PluginManage:359 - Loaded plugin updater (category:base,tabindex:12)
2025-06-26 17:52:13,512 [INFO] PluginManage:310 - Check plugin userauth
2025-06-26 17:52:13,522 [INFO] UserAuth:118 - Init User Auth plugin
2025-06-26 17:52:13,523 [INFO] PluginManage:359 - Loaded plugin userauth (category:base,tabindex:14)
2025-06-26 17:52:13,525 [INFO] PluginManage:283 - PluginManage : Loaded plugins [18]
2025-06-26 17:52:14,024 [INFO] PinOutPanel:1589 - setPackage(No Configuration,No Configuration)
2025-06-26 17:52:14,255 [INFO] CADModel:165 - CPN selected for project level
2025-06-26 17:52:14,255 [INFO] CADModel:114 - Register for checkConnection events
2025-06-26 17:52:14,306 [INFO] IPUIPlugin:80 - create IPUIPlugin
2025-06-26 17:52:14,307 [INFO] PluginManager:220 - loadIPPluginJar : add adc
2025-06-26 17:52:14,314 [INFO] IPUIPlugin:80 - create IPUIPlugin
2025-06-26 17:52:14,314 [INFO] PluginManager:220 - loadIPPluginJar : add aes
2025-06-26 17:52:14,322 [INFO] IPUIPlugin:80 - create IPUIPlugin
2025-06-26 17:52:14,322 [INFO] PluginManager:220 - loadIPPluginJar : add can
2025-06-26 17:52:14,328 [INFO] IPUIPlugin:80 - create IPUIPlugin
2025-06-26 17:52:14,329 [INFO] PluginManager:220 - loadIPPluginJar : add comp
2025-06-26 17:52:14,335 [INFO] IPUIPlugin:80 - create IPUIPlugin
2025-06-26 17:52:14,336 [INFO] PluginManager:220 - loadIPPluginJar : add cryp
2025-06-26 17:52:14,341 [INFO] IPUIPlugin:80 - create IPUIPlugin
2025-06-26 17:52:14,343 [INFO] PluginManager:220 - loadIPPluginJar : add ddr_ctrl_phy
2025-06-26 17:52:14,350 [INFO] IPUIPlugin:80 - create IPUIPlugin
2025-06-26 17:52:14,350 [INFO] PluginManager:220 - loadIPPluginJar : add dfsdm
2025-06-26 17:52:14,363 [INFO] IPUIPlugin:80 - create IPUIPlugin
2025-06-26 17:52:14,364 [INFO] PluginManager:220 - loadIPPluginJar : add dma
2025-06-26 17:52:14,375 [INFO] IPUIPlugin:80 - create IPUIPlugin
2025-06-26 17:52:14,376 [INFO] PluginManager:220 - loadIPPluginJar : add dma3
2025-06-26 17:52:14,384 [INFO] IPUIPlugin:80 - create IPUIPlugin
2025-06-26 17:52:14,384 [INFO] PluginManager:220 - loadIPPluginJar : add extmemmanager
2025-06-26 17:52:14,389 [INFO] IPUIPlugin:80 - create IPUIPlugin
2025-06-26 17:52:14,389 [INFO] PluginManager:220 - loadIPPluginJar : add fatfs
2025-06-26 17:52:14,401 [INFO] IPUIPlugin:80 - create IPUIPlugin
2025-06-26 17:52:14,401 [INFO] PluginManager:220 - loadIPPluginJar : add fmc
2025-06-26 17:52:14,422 [INFO] IPUIPlugin:80 - create IPUIPlugin
2025-06-26 17:52:14,422 [INFO] PluginManager:220 - loadIPPluginJar : add freertos
2025-06-26 17:52:14,426 [INFO] IPUIPlugin:80 - create IPUIPlugin
2025-06-26 17:52:14,427 [INFO] PluginManager:220 - loadIPPluginJar : add genericplugin
2025-06-26 17:52:14,434 [INFO] IPUIPlugin:80 - create IPUIPlugin
2025-06-26 17:52:14,434 [INFO] PluginManager:220 - loadIPPluginJar : add gfxmmu
2025-06-26 17:52:14,447 [INFO] IPUIPlugin:80 - create IPUIPlugin
2025-06-26 17:52:14,448 [INFO] PluginManager:220 - loadIPPluginJar : add gic
2025-06-26 17:52:14,458 [INFO] IPUIPlugin:80 - create IPUIPlugin
2025-06-26 17:52:14,458 [INFO] PluginManager:220 - loadIPPluginJar : add gpio
2025-06-26 17:52:14,465 [INFO] IPUIPlugin:80 - create IPUIPlugin
2025-06-26 17:52:14,466 [INFO] PluginManager:220 - loadIPPluginJar : add gtzc
2025-06-26 17:52:14,470 [INFO] IPUIPlugin:80 - create IPUIPlugin
2025-06-26 17:52:14,471 [INFO] PluginManager:220 - loadIPPluginJar : add hash
2025-06-26 17:52:14,476 [INFO] IPUIPlugin:80 - create IPUIPlugin
2025-06-26 17:52:14,476 [INFO] PluginManager:220 - loadIPPluginJar : add i2c
2025-06-26 17:52:14,481 [INFO] IPUIPlugin:80 - create IPUIPlugin
2025-06-26 17:52:14,481 [INFO] PluginManager:220 - loadIPPluginJar : add i2s
2025-06-26 17:52:14,487 [INFO] IPUIPlugin:80 - create IPUIPlugin
2025-06-26 17:52:14,487 [INFO] PluginManager:220 - loadIPPluginJar : add i3c
2025-06-26 17:52:14,492 [INFO] IPUIPlugin:80 - create IPUIPlugin
2025-06-26 17:52:14,492 [INFO] PluginManager:220 - loadIPPluginJar : add ipddr
2025-06-26 17:52:14,502 [INFO] IPUIPlugin:80 - create IPUIPlugin
2025-06-26 17:52:14,503 [INFO] PluginManager:220 - loadIPPluginJar : add linkedlist
2025-06-26 17:52:14,508 [INFO] IPUIPlugin:80 - create IPUIPlugin
2025-06-26 17:52:14,508 [INFO] PluginManager:220 - loadIPPluginJar : add lorawan
2025-06-26 17:52:14,511 [INFO] IPUIPlugin:80 - create IPUIPlugin
2025-06-26 17:52:14,511 [INFO] PluginManager:220 - loadIPPluginJar : add ltdc
2025-06-26 17:52:14,520 [INFO] IPUIPlugin:80 - create IPUIPlugin
2025-06-26 17:52:14,520 [INFO] PluginManager:220 - loadIPPluginJar : add mdma
2025-06-26 17:52:14,525 [INFO] IPUIPlugin:80 - create IPUIPlugin
2025-06-26 17:52:14,525 [INFO] PluginManager:220 - loadIPPluginJar : add nvic
2025-06-26 17:52:14,530 [INFO] IPUIPlugin:80 - create IPUIPlugin
2025-06-26 17:52:14,530 [INFO] PluginManager:220 - loadIPPluginJar : add opamp
2025-06-26 17:52:14,535 [INFO] IPUIPlugin:80 - create IPUIPlugin
2025-06-26 17:52:14,536 [INFO] PluginManager:220 - loadIPPluginJar : add openamp
2025-06-26 17:52:14,541 [INFO] IPUIPlugin:80 - create IPUIPlugin
2025-06-26 17:52:14,541 [INFO] PluginManager:220 - loadIPPluginJar : add pdm2pcm
2025-06-26 17:52:14,551 [INFO] IPUIPlugin:80 - create IPUIPlugin
2025-06-26 17:52:14,556 [INFO] PluginManager:220 - loadIPPluginJar : add plateformsettings
2025-06-26 17:52:14,561 [INFO] IPUIPlugin:80 - create IPUIPlugin
2025-06-26 17:52:14,561 [INFO] PluginManager:220 - loadIPPluginJar : add quadspi
2025-06-26 17:52:14,565 [INFO] IPUIPlugin:80 - create IPUIPlugin
2025-06-26 17:52:14,566 [INFO] PluginManager:220 - loadIPPluginJar : add radio
2025-06-26 17:52:14,573 [INFO] IPUIPlugin:80 - create IPUIPlugin
2025-06-26 17:52:14,574 [INFO] PluginManager:220 - loadIPPluginJar : add resmgrutility
2025-06-26 17:52:14,581 [INFO] IPUIPlugin:80 - create IPUIPlugin
2025-06-26 17:52:14,581 [INFO] PluginManager:220 - loadIPPluginJar : add sai
2025-06-26 17:52:14,586 [INFO] IPUIPlugin:80 - create IPUIPlugin
2025-06-26 17:52:14,586 [INFO] PluginManager:220 - loadIPPluginJar : add spi
2025-06-26 17:52:14,595 [INFO] IPUIPlugin:80 - create IPUIPlugin
2025-06-26 17:52:14,595 [INFO] PluginManager:220 - loadIPPluginJar : add stm32_wpan
2025-06-26 17:52:14,598 [INFO] IPUIPlugin:80 - create IPUIPlugin
2025-06-26 17:52:14,599 [INFO] PluginManager:220 - loadIPPluginJar : add tim
2025-06-26 17:52:14,603 [INFO] IPUIPlugin:80 - create IPUIPlugin
2025-06-26 17:52:14,604 [INFO] PluginManager:220 - loadIPPluginJar : add touchsensing
2025-06-26 17:52:14,609 [INFO] IPUIPlugin:80 - create IPUIPlugin
2025-06-26 17:52:14,609 [INFO] PluginManager:220 - loadIPPluginJar : add tracer_emb
2025-06-26 17:52:14,613 [INFO] IPUIPlugin:80 - create IPUIPlugin
2025-06-26 17:52:14,613 [INFO] PluginManager:220 - loadIPPluginJar : add ts
2025-06-26 17:52:14,616 [INFO] IPUIPlugin:80 - create IPUIPlugin
2025-06-26 17:52:14,616 [INFO] PluginManager:220 - loadIPPluginJar : add tsc
2025-06-26 17:52:14,620 [INFO] IPUIPlugin:80 - create IPUIPlugin
2025-06-26 17:52:14,620 [INFO] PluginManager:220 - loadIPPluginJar : add ucpd
2025-06-26 17:52:14,624 [INFO] IPUIPlugin:80 - create IPUIPlugin
2025-06-26 17:52:14,625 [INFO] PluginManager:220 - loadIPPluginJar : add usart
2025-06-26 17:52:14,630 [INFO] IPUIPlugin:80 - create IPUIPlugin
2025-06-26 17:52:14,631 [INFO] PluginManager:220 - loadIPPluginJar : add usbx
2025-06-26 17:52:14,808 [FATAL] Updater:351 - Updater called before beeing initialized
2025-06-26 17:52:14,852 [INFO] RulesReader:64 - Compatibility file has been processed (302 Rules)
2025-06-26 17:52:14,873 [INFO] RulesReader:64 - Compatibility file has been processed (302 Rules)
2025-06-26 17:52:14,883 [INFO] CADModel:165 - CPN selected for project level
2025-06-26 17:52:14,884 [INFO] CADModel:114 - Register for checkConnection events
2025-06-26 17:52:14,884 [FATAL] Updater:351 - Updater called before beeing initialized
2025-06-26 17:52:14,884 [ERROR] CADModel:125 - Updater not yet initialized, retry later 
2025-06-26 17:52:15,153 [FATAL] Updater:351 - Updater called before beeing initialized
2025-06-26 17:52:15,156 [INFO] CADModel:165 - CPN selected for project level
2025-06-26 17:52:15,156 [INFO] CADModel:114 - Register for checkConnection events
2025-06-26 17:52:15,156 [FATAL] Updater:351 - Updater called before beeing initialized
2025-06-26 17:52:15,157 [ERROR] CADModel:125 - Updater not yet initialized, retry later 
2025-06-26 17:52:15,163 [FATAL] Updater:351 - Updater called before beeing initialized
2025-06-26 17:52:15,345 [FATAL] Updater:351 - Updater called before beeing initialized
2025-06-26 17:52:15,351 [INFO] DbMcusAds:53 - JSON generation date=Wed May 07 16:07:55 ICT 2025 (1746608875679)
2025-06-26 17:52:15,351 [FATAL] Updater:351 - Updater called before beeing initialized
2025-06-26 17:52:15,416 [WARN] DetailPanel:346 - Failed to get advertising image, set to default
2025-06-26 17:52:15,820 [INFO] ThirdPartyUpdaterWithRetryManager:70 - Updater plugin not ready yet. [2/15]
2025-06-26 17:52:16,087 [FATAL] Updater:351 - Updater called before beeing initialized
2025-06-26 17:52:16,118 [FATAL] Updater:351 - Updater called before beeing initialized
2025-06-26 17:52:16,118 [FATAL] Updater:351 - Updater called before beeing initialized
2025-06-26 17:52:16,119 [WARN] DetailPanel:346 - Failed to get advertising image, set to default
2025-06-26 17:52:16,121 [FATAL] Updater:351 - Updater called before beeing initialized
2025-06-26 17:52:16,281 [ERROR] Updater:1198 - MainUpdater not yet initialized. External WinMGr cannot be set.
2025-06-26 17:52:16,286 [INFO] Updater:1134 - Updater Version found : 6.14.1
2025-06-26 17:52:16,329 [INFO] ApplicationProperties:184 - Using Application install path: C:\ST\STM32CubeIDE_1.17.0\STM32CubeIDE\plugins\com.st.stm32cube.common.mx_6.14.1.202504091515
2025-06-26 17:52:17,960 [ERROR] LogOutputStream:75 - [STDERR_REDIRECT] Jun 26, 2025 5:52:17 PM java.util.prefs.WindowsPreferences <init>
2025-06-26 17:52:17,966 [ERROR] LogOutputStream:75 - [STDERR_REDIRECT] WARNING: Could not open/create prefs root node Software\JavaSoft\Prefs at root 0xffffffff80000002. Windows RegCreateKeyEx(...) returned error code 5.
2025-06-26 17:52:17,966 [ERROR] LogOutputStream:75 - [STDERR_REDIRECT] 
2025-06-26 17:52:18,513 [INFO] MainUpdater:2872 - connection check result : 10
2025-06-26 17:52:18,513 [INFO] MainUpdater:3566 - Updater definition file requires update
2025-06-26 17:52:18,515 [INFO] MainUpdater:289 - Updater Check For Update Now.
2025-06-26 17:52:18,515 [INFO] MicroXplorer:498 - Change Database Version : DB.6.0.141
2025-06-26 17:52:18,524 [INFO] McuFinderGlobals:63 - Set McuFinder mode to 2 (CubeIDE integrated)
2025-06-26 17:52:18,525 [INFO] UserAuth:171 - activating auth plugin
2025-06-26 17:52:18,530 [INFO] UserAuth:484 - Internet connection configuration mode: 1
2025-06-26 17:52:18,582 [INFO] JxBrowserEngine:152 - Initiate JxBrowser Engine with user profile folder
2025-06-26 17:52:18,689 [INFO] ServerAccessManage:473 - Download File updaters.zip
2025-06-26 17:52:18,821 [WARN] MainUpdater:1193 - Updater busy. Cannot search thirdparties
2025-06-26 17:52:18,823 [INFO] ThirdPartyUpdaterWithRetryManager:96 - Updater plugin is busy. [1/15]
2025-06-26 17:52:19,091 [INFO] FileExtend:242 - Unzip File : updaters.zip
2025-06-26 17:52:19,125 [INFO] FileExtend:257 - Standard Zip Deflate
2025-06-26 17:52:19,861 [INFO] ServerAccessManage:473 - Download File PacksControlFlags.xml
2025-06-26 17:52:19,998 [INFO] ServerAccessManage:473 - Download File cubemx.pidx
2025-06-26 17:52:20,865 [INFO] ServerAccessManage:473 - Download File STMicroelectronics.FP-SNS-STAIOTCFT.pdsc
2025-06-26 17:52:21,823 [WARN] MainUpdater:1193 - Updater busy. Cannot search thirdparties
2025-06-26 17:52:21,823 [INFO] ThirdPartyUpdaterWithRetryManager:96 - Updater plugin is busy. [2/15]
2025-06-26 17:52:23,616 [WARN] PackLoader:240 - Cannot read IP mode file for STMicroelectronics.FP-SNS-STAIOTCFT.1.0.0
2025-06-26 17:52:23,620 [INFO] PopulateThirdPartyThread:66 - Ending populate Thread
2025-06-26 17:52:23,622 [INFO] ThirdParty:1030 - CMSIS Pack Vendor :STMicroelectronics FP-SNS-STAIOTCFT 1.0.0
2025-06-26 17:52:23,622 [INFO] LoadServerUpdatesThread:375 - End of LoadServerUpdate Thread
2025-06-26 17:52:24,882 [WARN] MainUpdater:1193 - Updater busy. Cannot search thirdparties
2025-06-26 17:52:24,883 [INFO] ThirdPartyUpdaterWithRetryManager:96 - Updater plugin is busy. [3/15]
2025-06-26 17:52:25,084 [INFO] CheckServerUpdateThread:120 - End of CheckServer Thread
2025-06-26 17:52:25,393 [INFO] WebApp:169 - Instantiating new browser for Auth
2025-06-26 17:52:27,440 [INFO] WebApp:463 - Apply proxy settings
2025-06-26 17:52:27,441 [INFO] WebApp:548 - Chromium requires no authentication
2025-06-26 17:52:27,463 [INFO] WebApp:491 - Direct internet connection detected
2025-06-26 17:52:27,529 [INFO] WebApp:894 - Register for checkConnection events
2025-06-26 17:52:27,530 [INFO] WebApp:463 - Apply proxy settings
2025-06-26 17:52:27,530 [INFO] WebApp:548 - Chromium requires no authentication
2025-06-26 17:52:27,531 [INFO] WebApp:491 - Direct internet connection detected
2025-06-26 17:52:27,812 [INFO] WebApp:191 - Connection restablished
2025-06-26 17:52:28,899 [INFO] WebApp:225 - Starting web application
2025-06-26 17:52:28,900 [INFO] WebApp:593 - Web application path used C:\ST\STM32CubeIDE_1.17.0\STM32CubeIDE\plugins\com.st.stm32cube.common.mx_6.14.1.202504091515\db\plugins\mcufinder\reactClient1\index.html
2025-06-26 17:52:29,421 [WARN] PackLoader:240 - Cannot read IP mode file for STMicroelectronics.FP-SNS-MOTENVWB1.1.4.0
2025-06-26 17:52:29,523 [WARN] PackLoader:240 - Cannot read IP mode file for STMicroelectronics.X-CUBE-SMBUS.2.1.0
2025-06-26 17:52:29,575 [WARN] PackLoader:240 - Cannot read IP mode file for STMicroelectronics.X-CUBE-WB05N.1.1.0
2025-06-26 17:52:29,637 [WARN] PackLoader:240 - Cannot read IP mode file for STMicroelectronics.X-CUBE-ST60.1.0.0
2025-06-26 17:52:29,777 [WARN] PackLoader:240 - Cannot read IP mode file for STMicroelectronics.X-CUBE-AZRTOS-F7.1.1.0
2025-06-26 17:52:29,838 [WARN] PackLoader:240 - Cannot read IP mode file for STMicroelectronics.FP-SNS-FLIGHT1.5.0.2
2025-06-26 17:52:30,029 [WARN] PackLoader:240 - Cannot read IP mode file for Infineon.AIROC-Wi-Fi-Bluetooth-STM32.1.7.0
2025-06-26 17:52:30,114 [WARN] PackLoader:240 - Cannot read IP mode file for STMicroelectronics.X-CUBE-DISPLAY.3.0.0
2025-06-26 17:52:30,265 [WARN] PackLoader:240 - Cannot read IP mode file for STMicroelectronics.X-CUBE-BLE1.7.0.0
2025-06-26 17:52:30,431 [WARN] PackLoader:240 - Cannot read IP mode file for STMicroelectronics.X-CUBE-NFC10.1.0.0
2025-06-26 17:52:30,483 [WARN] ConditionMgr:438 - getConditionDescription Invalid condition id : Cortex-A Device cause : null
2025-06-26 17:52:30,717 [WARN] ConditionMgr:1044 - genDependencies : Invalid condition id : Cortex-A Device cause : null
2025-06-26 17:52:30,718 [WARN] ConditionMgr:1044 - genDependencies : Invalid condition id : Cortex-A Device cause : null
2025-06-26 17:52:30,718 [WARN] ConditionMgr:1044 - genDependencies : Invalid condition id : Cortex-A Device cause : null
2025-06-26 17:52:30,779 [WARN] PackLoader:240 - Cannot read IP mode file for STMicroelectronics.X-CUBE-AI.10.0.0
2025-06-26 17:52:30,949 [WARN] PackLoader:240 - Cannot read IP mode file for STMicroelectronics.FP-SNS-SMARTAG2.1.2.0
2025-06-26 17:52:30,990 [WARN] PackLoader:240 - Cannot read IP mode file for STMicroelectronics.FP-SNS-FLIGHT1.5.1.0
2025-06-26 17:52:31,170 [WARN] PackLoader:240 - Cannot read IP mode file for STMicroelectronics.X-CUBE-MEMS1.11.1.0
2025-06-26 17:52:32,116 [INFO] LogOutputStream:77 - [STDOUT_REDIRECT] 1 : Invalid condition id : UX_CORESTACK_Condition cause : null
2025-06-26 17:52:32,117 [INFO] LogOutputStream:77 - [STDOUT_REDIRECT] 1 : Invalid condition id : UX_CORESTACK_Condition cause : null
2025-06-26 17:52:32,121 [INFO] LogOutputStream:77 - [STDOUT_REDIRECT] 1 : Invalid condition id : UX_CORESTACK_Condition cause : null
2025-06-26 17:52:32,125 [INFO] LogOutputStream:77 - [STDOUT_REDIRECT] 1 : Invalid condition id : UX_CORESTACK_Condition cause : null
2025-06-26 17:52:32,130 [INFO] LogOutputStream:77 - [STDOUT_REDIRECT] 1 : Invalid condition id : UX_CORESTACK_Condition cause : null
2025-06-26 17:52:32,136 [WARN] PackLoader:240 - Cannot read IP mode file for STMicroelectronics.X-CUBE-AZRTOS-WL.2.0.0
2025-06-26 17:52:32,151 [WARN] PackLoader:240 - Cannot read IP mode file for STMicroelectronics.FP-SNS-MOTENV1.5.0.0
2025-06-26 17:52:32,168 [WARN] PackLoader:240 - Cannot read IP mode file for WES.I-CUBE-Cesium.1.3.0
2025-06-26 17:52:32,179 [WARN] PackLoader:240 - Cannot read IP mode file for STMicroelectronics.X-CUBE-BLE2.3.3.0
2025-06-26 17:52:32,194 [WARN] PackLoader:240 - Cannot read IP mode file for STMicroelectronics.X-CUBE-NFC9.1.0.0
2025-06-26 17:52:32,205 [WARN] PackLoader:240 - Cannot read IP mode file for STMicroelectronics.X-CUBE-BLE1.7.1.0
2025-06-26 17:52:32,212 [WARN] PackLoader:240 - Cannot read IP mode file for STMicroelectronics.X-CUBE-AI.10.1.0
2025-06-26 17:52:32,402 [WARN] PackLoader:240 - Cannot read IP mode file for STMicroelectronics.X-CUBE-MEMS1.11.2.0
2025-06-26 17:52:34,178 [WARN] PackLoader:240 - Cannot read IP mode file for STMicroelectronics.X-CUBE-AZRTOS-G0.1.1.0
2025-06-26 17:52:34,196 [WARN] PackLoader:240 - Cannot read IP mode file for STMicroelectronics.X-CUBE-SAFEA1.1.2.2
2025-06-26 17:52:34,212 [WARN] PackLoader:240 - Cannot read IP mode file for STMicroelectronics.X-CUBE-NFC4.3.0.0
2025-06-26 17:52:34,722 [WARN] PackLoader:240 - Cannot read IP mode file for EmbeddedOffice.I-CUBE-FS-RTOS.1.0.1
2025-06-26 17:52:35,090 [WARN] PackLoader:240 - Cannot read IP mode file for STMicroelectronics.X-CUBE-WB05N.2.0.0
2025-06-26 17:52:35,134 [WARN] PackLoader:240 - Cannot read IP mode file for RealThread.X-CUBE-RT-Thread_Nano.4.1.1
2025-06-26 17:52:35,152 [WARN] PackLoader:240 - Cannot read IP mode file for STMicroelectronics.FP-ATR-SIGFOX1.3.2.0
2025-06-26 17:52:35,615 [WARN] PackLoader:240 - Cannot read IP mode file for STMicroelectronics.X-CUBE-EEPRMA1.5.1.0
2025-06-26 17:52:35,638 [WARN] PackLoader:240 - Cannot read IP mode file for STMicroelectronics.X-CUBE-ST67W61.1.0.0
2025-06-26 17:52:35,669 [INFO] WebApp:194 - Connection lost
2025-06-26 17:52:36,156 [WARN] PackLoader:240 - Cannot read IP mode file for SEGGER.I-CUBE-embOS.1.3.1
2025-06-26 17:52:36,515 [INFO] WebApp:191 - Connection restablished
2025-06-26 17:52:37,089 [WARN] PackLoader:240 - Cannot read IP mode file for STMicroelectronics.X-CUBE-ALGOBUILD.1.4.0
2025-06-26 17:52:37,920 [WARN] PackLoader:240 - Cannot read IP mode file for STMicroelectronics.X-CUBE-MEMS1.11.3.0
2025-06-26 17:52:40,458 [WARN] PackLoader:240 - Cannot read IP mode file for STMicroelectronics.X-CUBE-PM33A1.1.0.0
2025-06-26 17:52:40,569 [WARN] PackLoader:240 - Cannot read IP mode file for STMicroelectronics.X-CUBE-AZRTOS-F4.1.1.0
2025-06-26 17:52:40,589 [WARN] PackLoader:240 - Cannot read IP mode file for Avnet-IotConnect.X-CUBE-IoTC-DA16k-PMOD.1.0.0
2025-06-26 17:52:40,621 [WARN] PackLoader:240 - Cannot read IP mode file for STMicroelectronics.X-CUBE-ISPU.2.1.0
2025-06-26 17:52:40,717 [WARN] PackLoader:240 - Cannot read IP mode file for STMicroelectronics.X-CUBE-AZRTOS-L5.2.0.0
2025-06-26 17:52:40,739 [WARN] PackLoader:240 - Cannot read IP mode file for STMicroelectronics.X-CUBE-NFC6.3.1.0
2025-06-26 17:52:40,778 [WARN] PackLoader:240 - Cannot read IP mode file for STMicroelectronics.X-CUBE-DPower.1.2.0
2025-06-26 17:52:40,796 [WARN] PackLoader:240 - Cannot read IP mode file for STMicroelectronics.X-CUBE-FREERTOS.1.3.1
2025-06-26 17:52:40,808 [WARN] PackLoader:240 - Cannot read IP mode file for STMicroelectronics.X-CUBE-FREERTOS.1.3.0
2025-06-26 17:52:40,828 [WARN] PackLoader:240 - Cannot read IP mode file for STMicroelectronics.X-CUBE-NFC7.1.0.1
2025-06-26 17:52:40,876 [WARN] PackLoader:240 - Cannot read IP mode file for STMicroelectronics.FP-SNS-STAIOTCFT.1.0.0
2025-06-26 17:52:40,887 [WARN] PackLoader:240 - Cannot read IP mode file for STMicroelectronics.X-CUBE-DPower.1.3.0
2025-06-26 17:52:40,946 [WARN] ConditionMgr:438 - getConditionDescription Invalid condition id : LAN8742 Phy interface Condition cause : null
2025-06-26 17:52:40,947 [WARN] PackLoader:240 - Cannot read IP mode file for STMicroelectronics.X-CUBE-AZRTOS-L4.2.0.0
2025-06-26 17:52:40,992 [WARN] ConditionMgr:1044 - genDependencies : Invalid condition id : LAN8742 Phy interface Condition cause : null
2025-06-26 17:52:40,992 [WARN] ConditionMgr:1044 - genDependencies : Invalid condition id : LAN8742 Phy interface Condition cause : null
2025-06-26 17:52:40,993 [WARN] ConditionMgr:1044 - genDependencies : Invalid condition id : LAN8742 Phy interface Condition cause : null
2025-06-26 17:52:41,013 [WARN] PackLoader:240 - Cannot read IP mode file for STMicroelectronics.X-CUBE-SFXS2LP1.4.0.0
2025-06-26 17:52:41,085 [WARN] PackLoader:240 - Cannot read IP mode file for STMicroelectronics.X-CUBE-AZRTOS-H7.3.3.0
2025-06-26 17:52:41,193 [WARN] ConditionMgr:438 - getConditionDescription Invalid condition id : UX DEVICE CLASS RTOS Condition cause : null
2025-06-26 17:52:41,195 [WARN] ConditionMgr:438 - getConditionDescription Invalid condition id : UX DEVICE CLASS RTOS Condition cause : null
2025-06-26 17:52:41,204 [WARN] PackLoader:240 - Cannot read IP mode file for STMicroelectronics.X-CUBE-AZRTOS-WB.2.0.0
2025-06-26 17:52:41,229 [WARN] ConditionMgr:1044 - genDependencies : Invalid condition id : UX DEVICE CLASS RTOS Condition cause : null
2025-06-26 17:52:41,230 [WARN] ConditionMgr:1044 - genDependencies : Invalid condition id : UX DEVICE CLASS RTOS Condition cause : null
2025-06-26 17:52:41,234 [WARN] ConditionMgr:1044 - genDependencies : Invalid condition id : UX DEVICE CLASS RTOS Condition cause : null
2025-06-26 17:52:41,234 [WARN] ConditionMgr:1044 - genDependencies : Invalid condition id : UX DEVICE CLASS RTOS Condition cause : null
2025-06-26 17:52:41,234 [WARN] ConditionMgr:1044 - genDependencies : Invalid condition id : UX DEVICE CLASS RTOS Condition cause : null
2025-06-26 17:52:41,246 [WARN] PackLoader:240 - Cannot read IP mode file for STMicroelectronics.X-CUBE-TOUCHGFX.4.25.0
2025-06-26 17:52:41,262 [WARN] PackLoader:240 - Cannot read IP mode file for STMicroelectronics.FP-SNS-STBOX1.2.0.0
2025-06-26 17:52:41,354 [WARN] PackLoader:240 - Cannot read IP mode file for STMicroelectronics.X-CUBE-SUBG2.5.0.0
2025-06-26 17:52:41,578 [WARN] PackLoader:240 - Cannot read IP mode file for STMicroelectronics.X-CUBE-AZRTOS-H7RS.1.1.0
2025-06-26 17:52:41,613 [WARN] PackLoader:240 - Cannot read IP mode file for Cesanta.I-CUBE-Mongoose.7.13.0
2025-06-26 17:52:41,739 [WARN] PackLoader:240 - Cannot read IP mode file for STMicroelectronics.X-CUBE-AZRTOS-G4.2.0.0
2025-06-26 17:52:41,755 [WARN] PackLoader:240 - Cannot read IP mode file for STMicroelectronics.X-CUBE-NFC7.2.0.0
2025-06-26 17:52:41,919 [WARN] PackLoader:240 - Cannot read IP mode file for STMicroelectronics.X-CUBE-ALS.1.0.2
2025-06-26 17:52:41,938 [WARN] PackLoader:240 - Cannot read IP mode file for STMicroelectronics.X-CUBE-TOUCHGFX.4.24.2
2025-06-26 17:52:41,962 [WARN] PackLoader:240 - Cannot read IP mode file for portGmbH.I-Cube-SoM-uGOAL.1.1.0
2025-06-26 17:52:42,071 [INFO] WebApp:194 - Connection lost
2025-06-26 17:52:42,144 [WARN] PackLoader:240 - Cannot read IP mode file for STMicroelectronics.X-CUBE-AZRTOS-H7RS.1.0.0
2025-06-26 17:52:42,252 [WARN] PackLoader:240 - Cannot read IP mode file for STMicroelectronics.X-CUBE-TOF1.3.4.2
2025-06-26 17:52:42,368 [INFO] WebApp:191 - Connection restablished
2025-06-26 17:52:42,514 [WARN] PackLoader:240 - Cannot read IP mode file for STMicroelectronics.X-CUBE-TOF1.3.4.3
2025-06-26 17:52:42,780 [INFO] ThirdParty:978 - Integrity check success = true
2025-06-26 17:52:42,780 [INFO] IntegrityCheckThread:100 - exiting critical section [integrity check]
2025-06-26 17:52:42,781 [INFO] IntegrityCheckThread:103 - End integrity checks thread
2025-06-26 17:56:37,517 [INFO] WebApp:194 - Connection lost
2025-06-26 17:56:37,803 [INFO] WebApp:191 - Connection restablished
2025-06-26 17:58:19,909 [INFO] WebApp:194 - Connection lost
2025-06-26 17:58:20,122 [INFO] WebApp:191 - Connection restablished
2025-06-26 18:01:19,111 [INFO] WebApp:194 - Connection lost
2025-06-26 18:01:19,413 [INFO] WebApp:191 - Connection restablished
2025-06-26 18:04:17,025 [INFO] WebApp:194 - Connection lost
2025-06-26 18:04:17,278 [INFO] WebApp:191 - Connection restablished
2025-06-26 18:05:01,902 [INFO] WebApp:194 - Connection lost
2025-06-26 18:05:02,150 [INFO] WebApp:191 - Connection restablished
2025-06-26 18:08:11,073 [INFO] WebApp:194 - Connection lost
2025-06-26 18:08:11,312 [INFO] WebApp:191 - Connection restablished
2025-06-26 18:13:30,021 [INFO] WebApp:194 - Connection lost
2025-06-26 18:13:30,363 [INFO] WebApp:191 - Connection restablished
2025-06-26 18:18:35,590 [INFO] WebApp:194 - Connection lost
2025-06-26 18:18:35,837 [INFO] WebApp:191 - Connection restablished
2025-06-26 18:20:06,973 [INFO] WebApp:194 - Connection lost
2025-06-26 18:20:07,225 [INFO] WebApp:191 - Connection restablished
2025-06-26 18:20:21,113 [INFO] WebApp:194 - Connection lost
2025-06-26 18:20:21,339 [INFO] WebApp:191 - Connection restablished
2025-06-26 18:21:45,540 [INFO] WebApp:194 - Connection lost
2025-06-26 18:21:45,793 [INFO] WebApp:191 - Connection restablished
2025-06-26 21:52:11,415 [INFO] WebApp:194 - Connection lost
2025-06-26 21:52:13,059 [INFO] WebApp:191 - Connection restablished
2025-06-26 21:52:30,542 [INFO] WebApp:194 - Connection lost
2025-06-26 21:52:30,781 [INFO] WebApp:191 - Connection restablished
2025-06-26 21:52:48,088 [INFO] WebApp:194 - Connection lost
2025-06-26 21:52:50,628 [INFO] WebApp:191 - Connection restablished
