2025-07-01 22:48:22,869 [INFO] Activator:176 - 


2025-07-01 22:48:22,881 [INFO] Activator:177 - !SESSION log4j initialized
2025-07-01 22:48:44,757 [INFO] LogOutputStream:77 - [STDOUT_REDIRECT] 
2025-07-01 22:49:07,968 [INFO] ApplicationProperties:184 - Using Application install path: C:\ST\STM32CubeIDE_1.17.0\STM32CubeIDE\plugins\com.st.stm32cube.common.mx_6.14.1.202504091515
2025-07-01 22:49:08,048 [INFO] DbMcusXml:78 - Set database path to: C:\ST\STM32CubeIDE_1.17.0\STM32CubeIDE\plugins\com.st.stm32cube.common.mx_6.14.1.202504091515\\db\/mcu/
2025-07-01 22:49:08,048 [INFO] ApiDb:274 - Set plugin database path to: C:\ST\STM32CubeIDE_1.17.0\STM32CubeIDE\plugins\com.st.stm32cube.common.mx_6.14.1.202504091515\\db\/plugins/boardmanager/
2025-07-01 22:49:08,050 [WARN] ApiDb:259 - Overriding images path with different value:  => C:\ST\STM32CubeIDE_1.17.0\STM32CubeIDE\plugins\com.st.stm32cube.common.mx_6.14.1.202504091515\\db\/plugins/mcufinder/images/
2025-07-01 22:49:08,072 [INFO] ApiDb:250 - Set database path to: C:\Users\HP\.stmcufinder\plugins\mcufinder//mcu/
2025-07-01 22:49:08,074 [INFO] DbMcusAds:125 - Set database path to: C:\Users\HP\.stmcufinder\plugins\mcufinder//mcu/
2025-07-01 22:49:08,094 [INFO] CrossReferenceDbSqlite:203 - Set database path to: C:\Users\HP\.stmcufinder\plugins\mcufinder//mcu/cs/
2025-07-01 22:49:08,679 [INFO] RulesReader:64 - Compatibility file has been processed (302 Rules)
2025-07-01 22:49:09,236 [INFO] DbMcusXml:78 - Set database path to: C:\ST\STM32CubeIDE_1.17.0\STM32CubeIDE\plugins\com.st.stm32cube.common.mx_6.14.1.202504091515\\db\/mcu/
2025-07-01 22:49:09,236 [INFO] ApiDb:274 - Set plugin database path to: C:\ST\STM32CubeIDE_1.17.0\STM32CubeIDE\plugins\com.st.stm32cube.common.mx_6.14.1.202504091515\\db\/plugins/boardmanager/
2025-07-01 22:49:09,237 [INFO] ApiDb:261 - Set plugin images path to: C:\ST\STM32CubeIDE_1.17.0\STM32CubeIDE\plugins\com.st.stm32cube.common.mx_6.14.1.202504091515\\db\/plugins/mcufinder/images/
2025-07-01 22:49:09,237 [WARN] DbFile:41 - Overriding database path with different value: C:\Users\HP\.stmcufinder\plugins\mcufinder/ => C:\Users\HP\.stmcufinder\plugins\mcufinder
2025-07-01 22:49:09,238 [INFO] ApiDb:250 - Set database path to: C:\Users\HP\.stmcufinder\plugins\mcufinder//mcu/
2025-07-01 22:49:09,238 [WARN] DbFile:41 - Overriding database path with different value: C:\Users\HP\.stmcufinder\plugins\mcufinder/ => C:\Users\HP\.stmcufinder\plugins\mcufinder
2025-07-01 22:49:09,238 [INFO] DbMcusAds:125 - Set database path to: C:\Users\HP\.stmcufinder\plugins\mcufinder//mcu/
2025-07-01 22:49:09,238 [WARN] DbFile:41 - Overriding database path with different value: C:\Users\HP\.stmcufinder\plugins\mcufinder/ => C:\Users\HP\.stmcufinder\plugins\mcufinder
2025-07-01 22:49:09,238 [WARN] DbFile:41 - Overriding database path with different value: C:\Users\HP\.stmcufinder\plugins\mcufinder/ => C:\Users\HP\.stmcufinder\plugins\mcufinder
2025-07-01 22:49:09,238 [INFO] CrossReferenceDbSqlite:203 - Set database path to: C:\Users\HP\.stmcufinder\plugins\mcufinder//mcu/cs/
2025-07-01 22:49:10,817 [INFO] MainPanel:272 - HeapMemory: 270532608
2025-07-01 22:49:11,270 [INFO] DbMcusXml:78 - Set database path to: C:\ST\STM32CubeIDE_1.17.0\STM32CubeIDE\plugins\com.st.stm32cube.common.mx_6.14.1.202504091515\\db\/mcu/
2025-07-01 22:49:11,271 [INFO] ApiDb:274 - Set plugin database path to: C:\ST\STM32CubeIDE_1.17.0\STM32CubeIDE\plugins\com.st.stm32cube.common.mx_6.14.1.202504091515\\db\/plugins/boardmanager/
2025-07-01 22:49:11,271 [INFO] ApiDb:261 - Set plugin images path to: C:\ST\STM32CubeIDE_1.17.0\STM32CubeIDE\plugins\com.st.stm32cube.common.mx_6.14.1.202504091515\\db\/plugins/mcufinder/images/
2025-07-01 22:49:11,274 [WARN] DbFile:41 - Overriding database path with different value: C:\Users\HP\.stmcufinder\plugins\mcufinder/ => C:\Users\HP\.stmcufinder\plugins\mcufinder
2025-07-01 22:49:11,275 [INFO] ApiDb:250 - Set database path to: C:\Users\HP\.stmcufinder\plugins\mcufinder//mcu/
2025-07-01 22:49:11,275 [WARN] DbFile:41 - Overriding database path with different value: C:\Users\HP\.stmcufinder\plugins\mcufinder/ => C:\Users\HP\.stmcufinder\plugins\mcufinder
2025-07-01 22:49:11,275 [INFO] DbMcusAds:125 - Set database path to: C:\Users\HP\.stmcufinder\plugins\mcufinder//mcu/
2025-07-01 22:49:11,275 [WARN] DbFile:41 - Overriding database path with different value: C:\Users\HP\.stmcufinder\plugins\mcufinder/ => C:\Users\HP\.stmcufinder\plugins\mcufinder
2025-07-01 22:49:11,276 [WARN] DbFile:41 - Overriding database path with different value: C:\Users\HP\.stmcufinder\plugins\mcufinder/ => C:\Users\HP\.stmcufinder\plugins\mcufinder
2025-07-01 22:49:11,276 [INFO] CrossReferenceDbSqlite:203 - Set database path to: C:\Users\HP\.stmcufinder\plugins\mcufinder//mcu/cs/
2025-07-01 22:49:11,533 [INFO] ApplicationProperties:184 - Using Application install path: C:\ST\STM32CubeIDE_1.17.0\STM32CubeIDE\plugins\com.st.stm32cube.common.mx_6.14.1.202504091515
2025-07-01 22:49:11,539 [INFO] PluginManage:196 - Search for loadable plugins [exclusion list=, ]
2025-07-01 22:49:11,543 [INFO] PluginManage:310 - Check plugin analytics
2025-07-01 22:49:12,685 [INFO] AnalyticsPlugin:253 - Accepted Software Licenses: 
2025-07-01 22:49:12,686 [INFO] AnalyticsPlugin:255 - Accepted CMSIS Pack Licenses: 
2025-07-01 22:49:12,687 [INFO] AnalyticsPlugin:257 - Accepted Firmware Licenses: FW.F4.1.28.0
2025-07-01 22:49:12,704 [INFO] PluginManage:359 - Loaded plugin analytics (category:tool,tabindex:-1)
2025-07-01 22:49:12,704 [INFO] PluginManage:310 - Check plugin cadmodel
2025-07-01 22:49:12,723 [INFO] CADModel:105 - Init CAD model plugin
2025-07-01 22:49:12,723 [INFO] PluginManage:359 - Loaded plugin cadmodel (category:power,tabindex:5)
2025-07-01 22:49:12,724 [INFO] PluginManage:310 - Check plugin clock
2025-07-01 22:49:12,813 [INFO] PluginManage:359 - Loaded plugin clock (category:base,tabindex:2)
2025-07-01 22:49:12,814 [INFO] PluginManage:310 - Check plugin ddr
2025-07-01 22:49:12,822 [INFO] PluginManage:359 - Loaded plugin ddr (category:tool,tabindex:6)
2025-07-01 22:49:12,823 [INFO] PluginManage:310 - Check plugin filemanager
2025-07-01 22:49:13,636 [INFO] PluginManage:359 - Loaded plugin filemanager (category:base,tabindex:10)
2025-07-01 22:49:13,637 [INFO] PluginManage:310 - Check plugin ipmanager
2025-07-01 22:49:13,685 [INFO] PluginManage:359 - Loaded plugin ipmanager (category:base,tabindex:5)
2025-07-01 22:49:13,686 [INFO] PluginManage:310 - Check plugin lpbam
2025-07-01 22:49:13,719 [INFO] PluginManage:359 - Loaded plugin lpbam (category:base,tabindex:0)
2025-07-01 22:49:13,719 [INFO] PluginManage:310 - Check plugin memorymap
2025-07-01 22:49:13,756 [INFO] PluginManage:359 - Loaded plugin memorymap (category:base,tabindex:4)
2025-07-01 22:49:13,774 [INFO] PluginManage:310 - Check plugin pinoutandconfiguration
2025-07-01 22:49:13,795 [INFO] PluginManage:359 - Loaded plugin pinoutandconfiguration (category:base,tabindex:1)
2025-07-01 22:49:13,795 [INFO] PluginManage:310 - Check plugin pinoutconfig
2025-07-01 22:49:14,418 [WARN] SupportedApi:132 - Cannot load RTOS API schema: s4s-elt-must-match.1: The content of 'definitions' must match (annotation?, (simpleType | complexType)?, (unique | key | keyref)*)). A problem was found starting at: attribute.
2025-07-01 22:49:15,201 [INFO] PluginManage:359 - Loaded plugin pinoutconfig (category:base,tabindex:0)
2025-07-01 22:49:15,202 [INFO] PluginManage:310 - Check plugin power
2025-07-01 22:49:15,275 [INFO] PluginManage:359 - Loaded plugin power (category:power,tabindex:4)
2025-07-01 22:49:15,275 [INFO] PluginManage:310 - Check plugin projectmanager
2025-07-01 22:49:15,605 [INFO] PluginManage:359 - Loaded plugin projectmanager (category:projectmanager,tabindex:4)
2025-07-01 22:49:15,606 [INFO] PluginManage:310 - Check plugin rif
2025-07-01 22:49:15,687 [INFO] PluginManage:359 - Loaded plugin rif (category:base,tabindex:3)
2025-07-01 22:49:15,688 [INFO] PluginManage:310 - Check plugin thirdparty
2025-07-01 22:49:16,517 [INFO] PluginManage:359 - Loaded plugin thirdparty (category:base,tabindex:-1)
2025-07-01 22:49:16,517 [INFO] PluginManage:310 - Check plugin tools
2025-07-01 22:49:16,524 [INFO] PluginManage:359 - Loaded plugin tools (category:base,tabindex:7)
2025-07-01 22:49:16,525 [INFO] PluginManage:310 - Check plugin tutovideos
2025-07-01 22:49:16,530 [WARN] IntegrityCheckThread:84 - waiting for thirdparty lock release [integrity check]
2025-07-01 22:49:16,532 [INFO] IntegrityCheckThread:86 - entering critical section [integrity check]
2025-07-01 22:49:16,534 [INFO] ThirdPartyUpdaterWithRetryManager:70 - Updater plugin not ready yet. [1/15]
2025-07-01 22:49:17,502 [INFO] PluginManage:359 - Loaded plugin tutovideos (category:base,tabindex:-1)
2025-07-01 22:49:17,502 [INFO] PluginManage:310 - Check plugin updater
2025-07-01 22:49:17,663 [INFO] PluginManage:359 - Loaded plugin updater (category:base,tabindex:12)
2025-07-01 22:49:17,664 [INFO] PluginManage:310 - Check plugin userauth
2025-07-01 22:49:17,685 [INFO] UserAuth:118 - Init User Auth plugin
2025-07-01 22:49:17,686 [INFO] PluginManage:359 - Loaded plugin userauth (category:base,tabindex:14)
2025-07-01 22:49:17,687 [INFO] PluginManage:283 - PluginManage : Loaded plugins [18]
2025-07-01 22:49:19,608 [INFO] ThirdPartyUpdaterWithRetryManager:70 - Updater plugin not ready yet. [2/15]
2025-07-01 22:49:21,610 [INFO] PinOutPanel:1589 - setPackage(No Configuration,No Configuration)
2025-07-01 22:49:22,570 [INFO] CADModel:165 - CPN selected for project level
2025-07-01 22:49:22,570 [INFO] CADModel:114 - Register for checkConnection events
2025-07-01 22:49:22,654 [INFO] IPUIPlugin:80 - create IPUIPlugin
2025-07-01 22:49:22,655 [INFO] PluginManager:220 - loadIPPluginJar : add adc
2025-07-01 22:49:22,668 [INFO] IPUIPlugin:80 - create IPUIPlugin
2025-07-01 22:49:22,668 [INFO] PluginManager:220 - loadIPPluginJar : add aes
2025-07-01 22:49:22,695 [INFO] ThirdPartyUpdaterWithRetryManager:70 - Updater plugin not ready yet. [3/15]
2025-07-01 22:49:22,710 [INFO] IPUIPlugin:80 - create IPUIPlugin
2025-07-01 22:49:22,710 [INFO] PluginManager:220 - loadIPPluginJar : add can
2025-07-01 22:49:22,714 [INFO] IPUIPlugin:80 - create IPUIPlugin
2025-07-01 22:49:22,718 [INFO] PluginManager:220 - loadIPPluginJar : add comp
2025-07-01 22:49:22,737 [INFO] IPUIPlugin:80 - create IPUIPlugin
2025-07-01 22:49:22,738 [INFO] PluginManager:220 - loadIPPluginJar : add cryp
2025-07-01 22:49:22,754 [INFO] IPUIPlugin:80 - create IPUIPlugin
2025-07-01 22:49:22,756 [INFO] PluginManager:220 - loadIPPluginJar : add ddr_ctrl_phy
2025-07-01 22:49:22,766 [INFO] IPUIPlugin:80 - create IPUIPlugin
2025-07-01 22:49:22,766 [INFO] PluginManager:220 - loadIPPluginJar : add dfsdm
2025-07-01 22:49:22,836 [INFO] IPUIPlugin:80 - create IPUIPlugin
2025-07-01 22:49:22,838 [INFO] PluginManager:220 - loadIPPluginJar : add dma
2025-07-01 22:49:22,846 [INFO] IPUIPlugin:80 - create IPUIPlugin
2025-07-01 22:49:22,846 [INFO] PluginManager:220 - loadIPPluginJar : add dma3
2025-07-01 22:49:22,858 [INFO] IPUIPlugin:80 - create IPUIPlugin
2025-07-01 22:49:22,858 [INFO] PluginManager:220 - loadIPPluginJar : add extmemmanager
2025-07-01 22:49:22,863 [INFO] IPUIPlugin:80 - create IPUIPlugin
2025-07-01 22:49:22,863 [INFO] PluginManager:220 - loadIPPluginJar : add fatfs
2025-07-01 22:49:22,878 [INFO] IPUIPlugin:80 - create IPUIPlugin
2025-07-01 22:49:22,878 [INFO] PluginManager:220 - loadIPPluginJar : add fmc
2025-07-01 22:49:22,936 [INFO] IPUIPlugin:80 - create IPUIPlugin
2025-07-01 22:49:22,937 [INFO] PluginManager:220 - loadIPPluginJar : add freertos
2025-07-01 22:49:22,943 [INFO] IPUIPlugin:80 - create IPUIPlugin
2025-07-01 22:49:22,944 [INFO] PluginManager:220 - loadIPPluginJar : add genericplugin
2025-07-01 22:49:22,954 [INFO] IPUIPlugin:80 - create IPUIPlugin
2025-07-01 22:49:22,954 [INFO] PluginManager:220 - loadIPPluginJar : add gfxmmu
2025-07-01 22:49:22,969 [INFO] IPUIPlugin:80 - create IPUIPlugin
2025-07-01 22:49:22,970 [INFO] PluginManager:220 - loadIPPluginJar : add gic
2025-07-01 22:49:22,985 [INFO] IPUIPlugin:80 - create IPUIPlugin
2025-07-01 22:49:22,986 [INFO] PluginManager:220 - loadIPPluginJar : add gpio
2025-07-01 22:49:22,992 [INFO] IPUIPlugin:80 - create IPUIPlugin
2025-07-01 22:49:22,993 [INFO] PluginManager:220 - loadIPPluginJar : add gtzc
2025-07-01 22:49:23,007 [INFO] IPUIPlugin:80 - create IPUIPlugin
2025-07-01 22:49:23,007 [INFO] PluginManager:220 - loadIPPluginJar : add hash
2025-07-01 22:49:23,015 [INFO] IPUIPlugin:80 - create IPUIPlugin
2025-07-01 22:49:23,016 [INFO] PluginManager:220 - loadIPPluginJar : add i2c
2025-07-01 22:49:23,022 [INFO] IPUIPlugin:80 - create IPUIPlugin
2025-07-01 22:49:23,024 [INFO] PluginManager:220 - loadIPPluginJar : add i2s
2025-07-01 22:49:23,087 [INFO] IPUIPlugin:80 - create IPUIPlugin
2025-07-01 22:49:23,088 [INFO] PluginManager:220 - loadIPPluginJar : add i3c
2025-07-01 22:49:23,097 [INFO] IPUIPlugin:80 - create IPUIPlugin
2025-07-01 22:49:23,097 [INFO] PluginManager:220 - loadIPPluginJar : add ipddr
2025-07-01 22:49:23,111 [INFO] IPUIPlugin:80 - create IPUIPlugin
2025-07-01 22:49:23,111 [INFO] PluginManager:220 - loadIPPluginJar : add linkedlist
2025-07-01 22:49:23,117 [INFO] IPUIPlugin:80 - create IPUIPlugin
2025-07-01 22:49:23,117 [INFO] PluginManager:220 - loadIPPluginJar : add lorawan
2025-07-01 22:49:23,120 [INFO] IPUIPlugin:80 - create IPUIPlugin
2025-07-01 22:49:23,120 [INFO] PluginManager:220 - loadIPPluginJar : add ltdc
2025-07-01 22:49:23,163 [INFO] IPUIPlugin:80 - create IPUIPlugin
2025-07-01 22:49:23,163 [INFO] PluginManager:220 - loadIPPluginJar : add mdma
2025-07-01 22:49:23,170 [INFO] IPUIPlugin:80 - create IPUIPlugin
2025-07-01 22:49:23,170 [INFO] PluginManager:220 - loadIPPluginJar : add nvic
2025-07-01 22:49:23,177 [INFO] IPUIPlugin:80 - create IPUIPlugin
2025-07-01 22:49:23,177 [INFO] PluginManager:220 - loadIPPluginJar : add opamp
2025-07-01 22:49:23,188 [INFO] IPUIPlugin:80 - create IPUIPlugin
2025-07-01 22:49:23,188 [INFO] PluginManager:220 - loadIPPluginJar : add openamp
2025-07-01 22:49:23,216 [INFO] IPUIPlugin:80 - create IPUIPlugin
2025-07-01 22:49:23,216 [INFO] PluginManager:220 - loadIPPluginJar : add pdm2pcm
2025-07-01 22:49:23,231 [INFO] IPUIPlugin:80 - create IPUIPlugin
2025-07-01 22:49:23,242 [INFO] PluginManager:220 - loadIPPluginJar : add plateformsettings
2025-07-01 22:49:23,246 [INFO] IPUIPlugin:80 - create IPUIPlugin
2025-07-01 22:49:23,246 [INFO] PluginManager:220 - loadIPPluginJar : add quadspi
2025-07-01 22:49:23,251 [INFO] IPUIPlugin:80 - create IPUIPlugin
2025-07-01 22:49:23,252 [INFO] PluginManager:220 - loadIPPluginJar : add radio
2025-07-01 22:49:23,272 [INFO] IPUIPlugin:80 - create IPUIPlugin
2025-07-01 22:49:23,272 [INFO] PluginManager:220 - loadIPPluginJar : add resmgrutility
2025-07-01 22:49:23,279 [INFO] IPUIPlugin:80 - create IPUIPlugin
2025-07-01 22:49:23,279 [INFO] PluginManager:220 - loadIPPluginJar : add sai
2025-07-01 22:49:23,288 [INFO] IPUIPlugin:80 - create IPUIPlugin
2025-07-01 22:49:23,289 [INFO] PluginManager:220 - loadIPPluginJar : add spi
2025-07-01 22:49:23,302 [INFO] IPUIPlugin:80 - create IPUIPlugin
2025-07-01 22:49:23,302 [INFO] PluginManager:220 - loadIPPluginJar : add stm32_wpan
2025-07-01 22:49:23,307 [INFO] IPUIPlugin:80 - create IPUIPlugin
2025-07-01 22:49:23,307 [INFO] PluginManager:220 - loadIPPluginJar : add tim
2025-07-01 22:49:23,386 [INFO] IPUIPlugin:80 - create IPUIPlugin
2025-07-01 22:49:23,386 [INFO] PluginManager:220 - loadIPPluginJar : add touchsensing
2025-07-01 22:49:23,392 [INFO] IPUIPlugin:80 - create IPUIPlugin
2025-07-01 22:49:23,392 [INFO] PluginManager:220 - loadIPPluginJar : add tracer_emb
2025-07-01 22:49:23,398 [INFO] IPUIPlugin:80 - create IPUIPlugin
2025-07-01 22:49:23,398 [INFO] PluginManager:220 - loadIPPluginJar : add ts
2025-07-01 22:49:23,402 [INFO] IPUIPlugin:80 - create IPUIPlugin
2025-07-01 22:49:23,402 [INFO] PluginManager:220 - loadIPPluginJar : add tsc
2025-07-01 22:49:23,408 [INFO] IPUIPlugin:80 - create IPUIPlugin
2025-07-01 22:49:23,408 [INFO] PluginManager:220 - loadIPPluginJar : add ucpd
2025-07-01 22:49:23,415 [INFO] IPUIPlugin:80 - create IPUIPlugin
2025-07-01 22:49:23,415 [INFO] PluginManager:220 - loadIPPluginJar : add usart
2025-07-01 22:49:23,460 [INFO] IPUIPlugin:80 - create IPUIPlugin
2025-07-01 22:49:23,462 [INFO] PluginManager:220 - loadIPPluginJar : add usbx
2025-07-01 22:49:25,657 [FATAL] Updater:351 - Updater called before beeing initialized
2025-07-01 22:49:25,717 [INFO] ThirdPartyUpdaterWithRetryManager:70 - Updater plugin not ready yet. [4/15]
2025-07-01 22:49:25,760 [INFO] RulesReader:64 - Compatibility file has been processed (302 Rules)
2025-07-01 22:49:25,832 [INFO] RulesReader:64 - Compatibility file has been processed (302 Rules)
2025-07-01 22:49:25,847 [INFO] CADModel:165 - CPN selected for project level
2025-07-01 22:49:25,847 [INFO] CADModel:114 - Register for checkConnection events
2025-07-01 22:49:25,847 [FATAL] Updater:351 - Updater called before beeing initialized
2025-07-01 22:49:25,848 [ERROR] CADModel:125 - Updater not yet initialized, retry later 
2025-07-01 22:49:28,405 [FATAL] Updater:351 - Updater called before beeing initialized
2025-07-01 22:49:28,409 [INFO] CADModel:165 - CPN selected for project level
2025-07-01 22:49:28,409 [INFO] CADModel:114 - Register for checkConnection events
2025-07-01 22:49:28,409 [FATAL] Updater:351 - Updater called before beeing initialized
2025-07-01 22:49:28,409 [ERROR] CADModel:125 - Updater not yet initialized, retry later 
2025-07-01 22:49:28,417 [FATAL] Updater:351 - Updater called before beeing initialized
2025-07-01 22:49:28,721 [FATAL] Updater:351 - Updater called before beeing initialized
2025-07-01 22:49:28,723 [ERROR] IntegrityCheckThread:130 - Cannot retrieve database content from updater: error 21
2025-07-01 22:49:28,725 [INFO] ThirdParty:978 - Integrity check success = false
2025-07-01 22:49:28,727 [INFO] IntegrityCheckThread:100 - exiting critical section [integrity check]
2025-07-01 22:49:28,729 [INFO] IntegrityCheckThread:103 - End integrity checks thread
2025-07-01 22:49:33,960 [FATAL] Updater:351 - Updater called before beeing initialized
2025-07-01 22:49:33,971 [INFO] DbMcusAds:53 - JSON generation date=Wed May 07 16:07:55 ICT 2025 (1746608875679)
2025-07-01 22:49:33,971 [FATAL] Updater:351 - Updater called before beeing initialized
2025-07-01 22:49:34,246 [WARN] DetailPanel:346 - Failed to get advertising image, set to default
2025-07-01 22:49:36,745 [FATAL] Updater:351 - Updater called before beeing initialized
2025-07-01 22:49:36,749 [FATAL] Updater:351 - Updater called before beeing initialized
2025-07-01 22:49:36,750 [FATAL] Updater:351 - Updater called before beeing initialized
2025-07-01 22:49:36,750 [WARN] DetailPanel:346 - Failed to get advertising image, set to default
2025-07-01 22:49:36,752 [FATAL] Updater:351 - Updater called before beeing initialized
2025-07-01 22:49:38,439 [ERROR] Updater:1198 - MainUpdater not yet initialized. External WinMGr cannot be set.
2025-07-01 22:49:38,443 [INFO] Updater:1134 - Updater Version found : 6.14.1
2025-07-01 22:49:38,474 [INFO] ApplicationProperties:184 - Using Application install path: C:\ST\STM32CubeIDE_1.17.0\STM32CubeIDE\plugins\com.st.stm32cube.common.mx_6.14.1.202504091515
2025-07-01 22:49:40,104 [ERROR] LogOutputStream:75 - [STDERR_REDIRECT] Jul 01, 2025 10:49:40 PM java.util.prefs.WindowsPreferences <init>
2025-07-01 22:49:40,109 [ERROR] LogOutputStream:75 - [STDERR_REDIRECT] WARNING: Could not open/create prefs root node Software\JavaSoft\Prefs at root 0xffffffff80000002. Windows RegCreateKeyEx(...) returned error code 5.
2025-07-01 22:49:40,110 [ERROR] LogOutputStream:75 - [STDERR_REDIRECT] 
2025-07-01 22:49:42,494 [INFO] MainUpdater:2872 - connection check result : 10
2025-07-01 22:49:42,495 [INFO] MainUpdater:3566 - Updater definition file requires update
2025-07-01 22:49:42,496 [INFO] MainUpdater:289 - Updater Check For Update Now.
2025-07-01 22:49:42,496 [INFO] MicroXplorer:498 - Change Database Version : DB.6.0.141
2025-07-01 22:49:42,507 [INFO] McuFinderGlobals:63 - Set McuFinder mode to 2 (CubeIDE integrated)
2025-07-01 22:49:42,508 [INFO] UserAuth:171 - activating auth plugin
2025-07-01 22:49:42,513 [INFO] UserAuth:484 - Internet connection configuration mode: 1
2025-07-01 22:49:42,546 [INFO] JxBrowserEngine:152 - Initiate JxBrowser Engine with user profile folder
2025-07-01 22:49:42,786 [INFO] ServerAccessManage:473 - Download File updaters.zip
2025-07-01 22:49:43,578 [INFO] FileExtend:242 - Unzip File : updaters.zip
2025-07-01 22:49:43,583 [INFO] FileExtend:257 - Standard Zip Deflate
2025-07-01 22:49:46,171 [INFO] WebApp:169 - Instantiating new browser for Auth
2025-07-01 22:49:49,856 [INFO] WebApp:463 - Apply proxy settings
2025-07-01 22:49:49,857 [INFO] WebApp:548 - Chromium requires no authentication
2025-07-01 22:49:49,880 [INFO] WebApp:491 - Direct internet connection detected
2025-07-01 22:49:49,958 [INFO] WebApp:894 - Register for checkConnection events
2025-07-01 22:49:49,959 [INFO] WebApp:463 - Apply proxy settings
2025-07-01 22:49:49,959 [INFO] WebApp:548 - Chromium requires no authentication
2025-07-01 22:49:49,960 [INFO] WebApp:491 - Direct internet connection detected
2025-07-01 22:49:50,517 [INFO] WebApp:191 - Connection restablished
2025-07-01 22:49:50,530 [INFO] WebApp:225 - Starting web application
2025-07-01 22:49:50,530 [INFO] WebApp:593 - Web application path used C:\ST\STM32CubeIDE_1.17.0\STM32CubeIDE\plugins\com.st.stm32cube.common.mx_6.14.1.202504091515\db\plugins\mcufinder\reactClient1\index.html
2025-07-01 22:49:50,854 [INFO] ServerAccessManage:473 - Download File PacksControlFlags.xml
2025-07-01 22:49:51,873 [INFO] ServerAccessManage:473 - Download File cubemx.pidx
2025-07-01 22:49:52,442 [INFO] LoadServerUpdatesThread:375 - End of LoadServerUpdate Thread
2025-07-01 22:49:53,196 [INFO] CheckServerUpdateThread:120 - End of CheckServer Thread
