../Core/Src/main.c:88:6:SetTime	32	static
../Core/Src/main.c:92:6:GetTime	32	static
../Core/Src/main.c:96:9:isAuthorized	24	static
../Core/Src/main.c:103:6:saveLog	24	static
../Core/Src/main.c:118:6:HAL_UART_RxCpltCallback	96	static
../Core/Src/main.c:178:5:main	24	static
../Core/Src/main.c:254:6:SystemClock_Config	88	static
../Core/Src/main.c:307:13:MX_I2C3_Init	8	static
../Core/Src/main.c:355:13:MX_SPI4_Init	8	static
../Core/Src/main.c:393:13:MX_USART1_UART_Init	8	static
../Core/Src/main.c:426:13:MX_GPIO_Init	48	static
../Core/Src/main.c:471:6:Error_Handler	4	static,ignoring_inline_asm
