../Core/Src/main.c:65:6:LCD_send_command	16	static
../Core/Src/main.c:102:6:LCD_Write_One_Char	16	static
../Core/Src/main.c:137:6:LCD_Init	8	static
../Core/Src/main.c:151:6:LCD_Write_String	24	static
../Core/Src/main.c:200:5:main	32	static
../Core/Src/main.c:262:6:SystemClock_Config	88	static
../Core/Src/main.c:316:13:MX_TIM1_Init	48	static
../Core/Src/main.c:375:13:MX_TIM6_Init	16	static
../Core/Src/main.c:413:13:MX_USART1_UART_Init	8	static
../Core/Src/main.c:446:13:MX_GPIO_Init	64	static
../Core/Src/main.c:710:6:Error_Handler	4	static,ignoring_inline_asm
